04-07 23:17:43.933  4445  4499 D Notification.Badge: updateLauncherIconBadges() item : [IconInfo(title=Google intent=Intent { act=android.intent.action.MAIN cat=[android.intent.category.LAUNCHER] flg=0x10200000 cmp=com.google.android.googlequicksearchbox/.SearchActivity (has extras) } id=32 type=0 container=31 screen=0 cellX=0 cellY=0 spanX=1 spanY=1 rank=0 hidden=0 dropPos=null user=UserHandle{0})], item.mBadgeCount: [1]
04-07 23:17:43.933  4445  4499 D Notification.Badge: updateLauncherIconBadges() count : -1
04-07 23:17:43.933  4445  4499 D Notification.Badge: updateLauncherIconBadges() item : [IconInfo(title=Voice Search intent=Intent { act=android.intent.action.MAIN cat=[android.intent.category.LAUNCHER] flg=0x10200000 cmp=com.google.android.googlequicksearchbox/.VoiceSearchActivity (has extras) } id=64 type=0 container=-102 screen=0 cellX=-1 cellY=-1 spanX=1 spanY=1 rank=21 hidden=1 dropPos=null user=UserHandle{0})], item.mBadgeCount: [1]
04-07 23:17:43.935  4445  4445 D CapturePreview: sendMessageForCapture
04-07 23:17:43.940  3569  3569 D KeyguardServiceBoxContainer: updateCMAS() hasCmasNotification = false, mHasCMAS = false
04-07 23:17:43.942  4445  4445 D DragLayer: DragLayer onMeasure, mIsNaviBarPositionChanged = false, mWillOrientationChange = false
04-07 23:17:43.942  4445  4445 D LauncherAppWidgetHostView: setResizeScaleResult() 690/ 208 scaleToResize = 1.0(widget id = 3)
04-07 23:17:43.942  4445  4445 D LauncherAppWidgetHostView: setResizeScaleResult() 342/ 422 scaleToResize = 1.0(widget id = 2)
04-07 23:17:43.943  4445  4445 D DragLayer: DragLayer dispatchDraw, mIsNaviBarPositionChanged = false, mWillOrientationChange = false
04-07 23:17:43.948  3151  3151 D LightsService: [api] [SvcLED] turnOff:: id = 4 (uid: 1000 pid: 3151) 
04-07 23:17:43.948  3151  3151 D LightsService: [api] [SvcLED] LED indicator : Not supported.
04-07 23:17:43.949  3151  3894 D Notification: allPendingIntents
04-07 23:17:43.950  3151  3869 D Notification: allPendingIntents
04-07 23:17:43.952 26774   325 D Notification: allPendingIntents
04-07 23:17:43.952  4445  4445 D Launcher.HomeController:  onNotificationPreviewBinding
04-07 23:17:43.952  4445  4445 D Launcher.AppsController:  onNotificationPreviewBinding
04-07 23:17:43.953  4445  4445 D Notification.Badge: [valid] onNotificationRemoved : StatusBarNotification(pkg=com.google.android.googlequicksearchbox user=UserHandle{0} id=-1873494995 tag=n key=0|com.google.android.googlequicksearchbox|-1873494995|n|10077: Notification(channel=56 pri=0 contentView=null vibrate=null sound=null tick defaults=0x0 flags=0x118 color=0xff4285f4 groupKey=wx number=0 vis=PRIVATE semFlags=0x0 semPriority=0 semMissedCount=0))
04-07 23:17:43.953  4445  4445 D Notification.Badge: notificationKey : 0|com.google.android.googlequicksearchbox|-1873494995|n|10077, count : 0, this.count : 1
04-07 23:17:43.953  3151  3894 D ApplicationPolicy: isStatusBarNotificationAllowedAsUser: packageName = com.google.android.googlequicksearchbox,userId = 0
04-07 23:17:43.953  3151  3894 D API test: getContainerInfo: value is 
04-07 23:17:43.953  3151  3894 D ApplicationPolicy: isStatusBarNotificationAllowedAsUser: packageName = com.google.android.googlequicksearchbox,userId = 0
04-07 23:17:43.953  3151  3894 D API test: getContainerInfo: value is 
04-07 23:17:43.954  4445  4499 D Notification.Badge: LauncherModel:onNotificationRemoved() : com.google.android.googlequicksearchbox
04-07 23:17:43.954  4445  4499 D Notification.Badge: updateLauncherIconBadges : 1
04-07 23:17:43.954  4445  4499 D Notification.Badge: updateLauncherIconBadges() item : [IconInfo(title=Google intent=Intent { act=android.intent.action.MAIN cat=[android.intent.category.LAUNCHER] flg=0x10200000 cmp=com.google.android.googlequicksearchbox/.SearchActivity (has extras) } id=7 type=0 container=6 screen=0 cellX=0 cellY=0 spanX=1 spanY=1 rank=0 hidden=0 dropPos=null user=UserHandle{0})], item.mBadgeCount: [0]
04-07 23:17:43.954  4445  4499 D Notification.Badge: updateLauncherIconBadges() item : [IconInfo(title=Google intent=Intent { act=android.intent.action.MAIN cat=[android.intent.category.LAUNCHER] flg=0x10200000 cmp=com.google.android.googlequicksearchbox/.SearchActivity (has extras) } id=32 type=0 container=31 screen=0 cellX=0 cellY=0 spanX=1 spanY=1 rank=0 hidden=0 dropPos=null user=UserHandle{0})], item.mBadgeCount: [0]
04-07 23:17:43.954  4445  4499 D Notification.Badge: updateLauncherIconBadges() item : [IconInfo(title=Voice Search intent=Intent { act=android.intent.action.MAIN cat=[android.intent.category.LAUNCHER] flg=0x10200000 cmp=com.google.android.googlequicksearchbox/.VoiceSearchActivity (has extras) } id=64 type=0 container=-102 screen=0 cellX=-1 cellY=-1 spanX=1 spanY=1 rank=21 hidden=1 dropPos=null user=UserHandle{0})], item.mBadgeCount: [0]
04-07 23:17:43.955  4445  4445 D CapturePreview: sendMessageForCapture
04-07 23:17:43.956  3151  3151 D AudioService: getStreamVolume 5 index 110
04-07 23:17:43.957  3151  3894 D Notification: allPendingIntents
04-07 23:17:43.957  3151  4643 D Notification: allPendingIntents
04-07 23:17:43.962  4445  4445 D Launcher.HomeController:  onNotificationPreviewBinding
04-07 23:17:43.962  4445  4445 D Launcher.AppsController:  onNotificationPreviewBinding
04-07 23:17:43.962  4445  4445 D Notification.Badge: [valid] onNotificationPosted : StatusBarNotification(pkg=com.google.android.googlequicksearchbox user=UserHandle{0} id=-1873494995 tag=n key=0|com.google.android.googlequicksearchbox|-1873494995|n|10077: Notification(channel=21 pri=-2 contentView=null vibrate=null sound=null defaults=0x0 flags=0x118 color=0xff4285f4 groupKey=wx number=0 vis=PRIVATE semFlags=0x0 semPriority=0 semMissedCount=0))
04-07 23:17:43.962  4445  4445 D Notification.Badge: notificationKey : 0|com.google.android.googlequicksearchbox|-1873494995|n|10077, count : 0, this.count : 1
04-07 23:17:43.963  4445  4445 D Notification.Badge: [filtered] shouldBeFilteredOut().mTempRanking.canShowBadge[false], [sbn : StatusBarNotification(pkg=com.google.android.googlequicksearchbox user=UserHandle{0} id=-1873494995 tag=n key=0|com.google.android.googlequicksearchbox|-1873494995|n|10077: Notification(channel=21 pri=-2 contentView=null vibrate=null sound=null defaults=0x0 flags=0x118 color=0xff4285f4 groupKey=wx number=0 vis=PRIVATE semFlags=0x0 semPriority=0 semMissedCount=0))]
04-07 23:17:43.963  4445  4499 D Notification.Badge: LauncherModel:onNotificationPosted() : com.google.android.googlequicksearchbox, count : [1], shouldBeFilteredOut : [true]
04-07 23:17:43.963  4445  4499 D Notification.Badge: updateLauncherIconBadges : 1
04-07 23:17:43.964  4445  4499 D Notification.Badge: updateLauncherIconBadges() item : [IconInfo(title=Google intent=Intent { act=android.intent.action.MAIN cat=[android.intent.category.LAUNCHER] flg=0x10200000 cmp=com.google.android.googlequicksearchbox/.SearchActivity (has extras) } id=7 type=0 container=6 screen=0 cellX=0 cellY=0 spanX=1 spanY=1 rank=0 hidden=0 dropPos=null user=UserHandle{0})], item.mBadgeCount: [0]
04-07 23:17:43.964  4445  4499 D Notification.Badge: updateLauncherIconBadges() item : [IconInfo(title=Google intent=Intent { act=android.intent.action.MAIN cat=[android.intent.category.LAUNCHER] flg=0x10200000 cmp=com.google.android.googlequicksearchbox/.SearchActivity (has extras) } id=32 type=0 container=31 screen=0 cellX=0 cellY=0 spanX=1 spanY=1 rank=0 hidden=0 dropPos=null user=UserHandle{0})], item.mBadgeCount: [0]
04-07 23:17:43.964  4445  4499 D Notification.Badge: updateLauncherIconBadges() item : [IconInfo(title=Voice Search intent=Intent { act=android.intent.action.MAIN cat=[android.intent.category.LAUNCHER] flg=0x10200000 cmp=com.google.android.googlequicksearchbox/.VoiceSearchActivity (has extras) } id=64 type=0 container=-102 screen=0 cellX=-1 cellY=-1 spanX=1 spanY=1 rank=21 hidden=1 dropPos=null user=UserHandle{0})], item.mBadgeCount: [0]
04-07 23:17:43.965  4445  4445 D CapturePreview: sendMessageForCapture
04-07 23:17:43.967  3569  3569 D KeyguardServiceBoxContainer: updateCMAS() hasCmasNotification = false, mHasCMAS = false
04-07 23:17:43.967  3569  3569 D StatusBar: addNotification key=0|com.google.android.googlequicksearchbox|-1873494995|n|10077 fullscreen:false
04-07 23:17:43.989 26774   325 W LocationOracle: getBestLocation(): no location is available
04-07 23:17:44.008 26774   325 D Notification: allPendingIntents
04-07 23:17:44.009  3151  4643 D ApplicationPolicy: isStatusBarNotificationAllowedAsUser: packageName = com.google.android.googlequicksearchbox,userId = 0
04-07 23:17:44.009  3151  4643 D API test: getContainerInfo: value is 
04-07 23:17:44.009  3151  4643 D ApplicationPolicy: isStatusBarNotificationAllowedAsUser: packageName = com.google.android.googlequicksearchbox,userId = 0
04-07 23:17:44.009  3151  4643 D API test: getContainerInfo: value is 
04-07 23:17:44.012  3151  3151 D AudioService: getStreamVolume 5 index 110
04-07 23:17:44.013  3151  4643 D Notification: allPendingIntents
04-07 23:17:44.014  3151  3894 D Notification: allPendingIntents
04-07 23:17:44.014  4445  4445 D Notification.Badge: [valid] onNotificationPosted : StatusBarNotification(pkg=com.google.android.googlequicksearchbox user=UserHandle{0} id=797911757 tag=n key=0|com.google.android.googlequicksearchbox|797911757|n|10077: Notification(channel=32 pri=0 contentView=null vibrate=null sound=null tick defaults=0x0 flags=0x118 color=0xff4285f4 number=0 vis=PRIVATE semFlags=0x0 semPriority=0 semMissedCount=0))
04-07 23:17:44.014  4445  4445 D Notification.Badge: notificationKey : 0|com.google.android.googlequicksearchbox|797911757|n|10077, count : 0, this.count : 1
04-07 23:17:44.015  3569  3569 D StatusBar: addNotification key=0|com.google.android.googlequicksearchbox|797911757|n|10077 fullscreen:false
04-07 23:17:44.015  4445  4499 D Notification.Badge: LauncherModel:onNotificationPosted() : com.google.android.googlequicksearchbox, count : [1], shouldBeFilteredOut : [false]
04-07 23:17:44.015  4445  4499 D Notification.Badge: notificationKey : 0|com.google.android.googlequicksearchbox|797911757|n|10077, count : 1, mTotalCount : 1
04-07 23:17:44.016  3151  3894 D Notification: allPendingIntents
04-07 23:17:44.024  4445  4499 D Notification.Badge: updateLauncherIconBadges : 1
04-07 23:17:44.025  4445  4499 D Notification.Badge: updateLauncherIconBadges() count : -1
04-07 23:17:44.025  4445  4499 D Notification.Badge: updateLauncherIconBadges() item : [IconInfo(title=Google intent=Intent { act=android.intent.action.MAIN cat=[android.intent.category.LAUNCHER] flg=0x10200000 cmp=com.google.android.googlequicksearchbox/.SearchActivity (has extras) } id=7 type=0 container=6 screen=0 cellX=0 cellY=0 spanX=1 spanY=1 rank=0 hidden=0 dropPos=null user=UserHandle{0})], item.mBadgeCount: [1]
04-07 23:17:44.025  4445  4499 D Notification.Badge: updateLauncherIconBadges() count : -1
04-07 23:17:44.025  4445  4499 D Notification.Badge: updateLauncherIconBadges() item : [IconInfo(title=Google intent=Intent { act=android.intent.action.MAIN cat=[android.intent.category.LAUNCHER] flg=0x10200000 cmp=com.google.android.googlequicksearchbox/.SearchActivity (has extras) } id=32 type=0 container=31 screen=0 cellX=0 cellY=0 spanX=1 spanY=1 rank=0 hidden=0 dropPos=null user=UserHandle{0})], item.mBadgeCount: [1]
04-07 23:17:44.025  4445  4499 D Notification.Badge: updateLauncherIconBadges() count : -1
04-07 23:17:44.025  4445  4499 D Notification.Badge: updateLauncherIconBadges() item : [IconInfo(title=Voice Search intent=Intent { act=android.intent.action.MAIN cat=[android.intent.category.LAUNCHER] flg=0x10200000 cmp=com.google.android.googlequicksearchbox/.VoiceSearchActivity (has extras) } id=64 type=0 container=-102 screen=0 cellX=-1 cellY=-1 spanX=1 spanY=1 rank=21 hidden=1 dropPos=null user=UserHandle{0})], item.mBadgeCount: [1]
04-07 23:17:44.032  4445  4445 D CapturePreview: sendMessageForCapture
04-07 23:17:44.042  4445  4445 D DragLayer: DragLayer onMeasure, mIsNaviBarPositionChanged = false, mWillOrientationChange = false
04-07 23:17:44.042  4445  4445 D LauncherAppWidgetHostView: setResizeScaleResult() 690/ 208 scaleToResize = 1.0(widget id = 3)
04-07 23:17:44.042  4445  4445 D LauncherAppWidgetHostView: setResizeScaleResult() 342/ 422 scaleToResize = 1.0(widget id = 2)
04-07 23:17:44.043  4445  4445 D DragLayer: DragLayer dispatchDraw, mIsNaviBarPositionChanged = false, mWillOrientationChange = false
04-07 23:17:44.061 26774 26872 I TrainingQuestionManager: updateFromServerResponse: no new training mode data and no pending answered questions to clear
04-07 23:17:44.074  3151  4643 D SamsungAlarmManager: setExact Intent (T:2/F:1/AC:false) 20200409T023758 - CU:10077/CP:26774
04-07 23:17:44.108  3151  3894 D ConnectivityService: filterNetworkStateForUid() uid: 10077 networkInfo: [type: WIFI[] - WIFI, state: CONNECTED/CONNECTED, reason: (unspecified), extra: "BatteryLab", failover: false, available: true, roaming: false, metered: false]
04-07 23:17:44.111  3151  3894 I chatty  : uid=1000(system) Binder:3151_D identical 1 line
04-07 23:17:44.118  3569  3569 D KeyguardServiceBoxContainer: updateCMAS() hasCmasNotification = false, mHasCMAS = false
04-07 23:17:44.129 26774 26872 I WorkerManager: Releasing worker: [backgroundtask]/[508]/[com.google.android.apps.gsa.staticplugins.s.b.c]
04-07 23:17:44.130  3151  3894 D ConnectivityService: filterNetworkStateForUid() uid: 10077 networkInfo: [type: WIFI[] - WIFI, state: CONNECTED/CONNECTED, reason: (unspecified), extra: "BatteryLab", failover: false, available: true, roaming: false, metered: false]
04-07 23:17:44.143  3151  4643 D JobServiceContext: sendStopMessageLocked stop reason: cancel() called by app
04-07 23:17:44.144  3151  3894 D ConnectivityService: filterNetworkStateForUid() uid: 10077 networkInfo: [type: WIFI[] - WIFI, state: CONNECTED/CONNECTED, reason: (unspecified), extra: "BatteryLab", failover: false, available: true, roaming: false, metered: false]
04-07 23:17:44.165  3569  3569 D KeyguardServiceBoxContainer: updateCMAS() hasCmasNotification = false, mHasCMAS = false
04-07 23:17:44.243  4149  4149 D io_stats: !@ 179,0 r 3714409 112623633 w 1619270 56065872 d 280469 41769296 f 344090 343806 iot 3684620 3595285 th 51200 0 0 pt 0 inp 0 0 512771.304
04-07 23:17:44.637  3151  3151 D PreBindingService: handleMessage : 1
04-07 23:17:44.786  2668 30938 I display : [PrimaryDisplay] [DYNAMIC_RECOMP] HWC_2_GLES by low FPS(0)
04-07 23:17:45.391  2674  2674 I android.hardware.wifi@1.0-service: getLinkLayerStats
04-07 23:17:47.035  4445  4445 D CapturePreview: start capture - drawaingEnabled : false
04-07 23:17:47.036  4445  4445 D CapturePreview: capture tagetview width : 720 height : 1280
04-07 23:17:47.047  4445  4445 D CapturePreview: capture took  12
04-07 23:17:47.409  4445   333 D skia    : Encode PNG Singlethread processname=com.sec.android.app.launcher :     361330 us, width=720, height=1280
04-07 23:17:47.409  4445   333 D CapturePreview: start save : compress capture bitmap : 143937
04-07 23:17:47.411  4445   333 D CapturePreview: save result :  path : /storage/emulated/0/Android/data/com.sec.android.app.launcher/cache/homescreenPreview.png
04-07 23:17:47.411  3151  3894 D SecContentProvider: query(), uri = 17 selection = isSettingsChangesAllowed
04-07 23:17:47.412  3151  3894 D SecContentProvider: called from com.sec.android.app.launcher
04-07 23:17:47.412  3151  3894 D RestrictionPolicy: isSettingsChangesAllowedAsUser, userId 0 : true
04-07 23:17:48.408  2674  2674 I android.hardware.wifi@1.0-service: getLinkLayerStats
04-07 23:17:49.246  4149  4149 D io_stats: !@ 179,0 r 3714409 112623633 w 1619329 56066504 d 280472 41769444 f 344091 343807 iot 3684640 3595304 th 51200 0 0 pt 0 inp 0 0 512776.307
04-07 23:17:49.740 30022 30022 E adbd    : recv: OPEN 00128c72 00000000 0037:73 68 65 6C 6C 2C 76 32 2C 54 45 52 4D 3D 78 74 65 72 6D 2D 32 35 36 63 6F 6C 6F 72 3A 64 75 6D 70 73 79 73 20 70 72 6F 63 73 74 61 74 73 20 2D 2D 72 65 73 65 74 00 
04-07 23:17:49.740 30022 30022 E adbd    : service_to_fd: shell,v2,TERM=xterm-256color:dumpsys procstats --reset
04-07 23:17:49.813 30022 30022 E adbd    : recv: OPEN 00128c74 00000000 0035:73 68 65 6C 6C 3A 65 78 70 6F 72 74 20 41 4E 44 52 4F 49 44 5F 4C 4F 47 5F 54 41 47 53 3D 22 27 27 22 3B 20 65 78 65 63 20 6C 6F 67 63 61 74 20 27 2D 64 27 00 
04-07 23:17:49.813 30022 30022 E adbd    : service_to_fd: shell:export ANDROID_LOG_TAGS="''"; exec logcat '-d'
