04-07 23:17:34.729  3151 15260 V InputMethodManagerService: windowGainedFocus : reason=WINDOW_FOCUS_GAIN client=android.os.BinderProxy@e157bc1 inputContext=null missingMethods= attribute=android.view.inputmethod.EditorInfo@6fd33f4 nm = com.sec.android.app.launcher controlFlags=#104 softInputMode=#130 windowFlags=#81910d00
04-07 23:17:34.729  3151 15260 V InputMethodManagerService: hideCurrentInputLocked : shouldHideSoftInput is false
04-07 23:17:34.729  3151 15260 D InputMethodManagerService: isImeSwitcherDisabledPackage : false
04-07 23:17:34.730  3151 15260 D InputMethodManagerService: setCurrentInputInfo - inputContext : null eidtorInfo : android.view.inputmethod.EditorInfo@6fd33f4 missingMethods : 0
04-07 23:17:34.732  4445  4445 D DragLayer: DragLayer dispatchDraw, mIsNaviBarPositionChanged = false, mWillOrientationChange = false
04-07 23:17:34.732  3564  3564 I InputMethodWrapper:  call dispatchStartInputWithToken
04-07 23:17:34.732  3564  3564 I InputMethodService: dispatchStartInputWithToken
04-07 23:17:34.732  3564  3564 I SKBD    : SamsungKeypad [IMI] onStartInput - caller pid : 4445, caller uid : 10075
04-07 23:17:34.733 26774 26864 I WorkerManager: Releasing worker: [actions]/[1]/[com.google.android.apps.gsa.staticplugins.actions.p]
04-07 23:17:34.734 26774 26864 I chatty  : uid=10077(u0_a77) EventBus0 identical 4 lines
04-07 23:17:34.735 26774 26864 I WorkerManager: Releasing worker: [actions]/[1]/[com.google.android.apps.gsa.staticplugins.actions.p]
04-07 23:17:34.739  3151 18006 D ConnectivityService: filterNetworkStateForUid() uid: 10077 networkInfo: [type: WIFI[] - WIFI, state: CONNECTED/CONNECTED, reason: (unspecified), extra: "BatteryLab", failover: false, available: true, roaming: false, metered: false]
04-07 23:17:34.740  3151 18006 D ConnectivityService: filterNetworkStateForUid() uid: 10077 networkInfo: [type: WIFI[] - WIFI, state: CONNECTED/CONNECTED, reason: (unspecified), extra: "BatteryLab", failover: false, available: true, roaming: false, metered: false]
04-07 23:17:34.745  3151 18006 V WindowManager: finishDrawingLocked: mDrawState=COMMIT_DRAW_PENDING Window{2f85bf2 u0 com.sec.android.app.launcher/com.sec.android.app.launcher.activities.LauncherActivity} in Surface(name=com.sec.android.app.launcher/com.sec.android.app.launcher.activities.LauncherActivity)
04-07 23:17:34.753 26774 26864 I WorkerManager: Releasing worker: [legacyui]/[63]/[com.google.android.apps.gsa.staticplugins.by.a]
04-07 23:17:34.754 26774 26864 I WorkerManager: Releasing worker: [legacyui]/[63]/[com.google.android.apps.gsa.staticplugins.by.a]
04-07 23:17:34.755 26774 26864 I WorkerManager: Releasing worker: [searchplate]/[26]/[com.google.android.apps.gsa.staticplugins.du.c]
04-07 23:17:34.760 26774 26864 I chatty  : uid=10077(u0_a77) EventBus0 identical 8 lines
04-07 23:17:34.760 26774 26864 I WorkerManager: Releasing worker: [searchplate]/[26]/[com.google.android.apps.gsa.staticplugins.du.c]
04-07 23:17:34.761 26774 26864 I WorkerManager: Releasing worker: [conversation]/[44]/[com.google.android.apps.gsa.staticplugins.ah.a]
04-07 23:17:34.761 26774 26864 I WorkerManager: Releasing worker: [conversation]/[44]/[com.google.android.apps.gsa.staticplugins.ah.a]
04-07 23:17:34.763 26774 26864 I WorkerManager: Releasing worker: [message]/[68]/[com.google.android.apps.gsa.staticplugins.messages.n]
04-07 23:17:34.763 26774 26864 I WorkerManager: Releasing worker: [message]/[68]/[com.google.android.apps.gsa.staticplugins.messages.n]
04-07 23:17:34.765 26774 26864 I WorkerManager: Releasing worker: [context]/[50]/[com.google.android.apps.gsa.staticplugins.ag.i]
04-07 23:17:34.766 26774 26864 I WorkerManager: Releasing worker: [context]/[50]/[com.google.android.apps.gsa.staticplugins.ag.i]
04-07 23:17:34.766 26774 26864 I WorkerManager: Releasing worker: [actionvelogging]/[2]/[com.google.android.apps.gsa.staticplugins.a.d]
04-07 23:17:34.766 26774 26864 I WorkerManager: Releasing worker: [actionvelogging]/[2]/[com.google.android.apps.gsa.staticplugins.a.d]
04-07 23:17:34.767 26774 26864 I WorkerManager: Releasing worker: [sharedmicrodetection]/[17]/[com.google.android.apps.gsa.staticplugins.microdetection.aj]
04-07 23:17:34.767 26774 26864 I WorkerManager: Releasing worker: [sharedmicrodetection]/[17]/[com.google.android.apps.gsa.staticplugins.microdetection.aj]
04-07 23:17:34.768  3151  5236 D ConnectivityService: filterNetworkStateForUid() uid: 10077 networkInfo: [type: WIFI[] - WIFI, state: CONNECTED/CONNECTED, reason: (unspecified), extra: "BatteryLab", failover: false, available: true, roaming: false, metered: false]
04-07 23:17:34.770  3151  5236 D ConnectivityService: filterNetworkStateForUid() uid: 10077 networkInfo: [type: WIFI[] - WIFI, state: CONNECTED/CONNECTED, reason: (unspecified), extra: "BatteryLab", failover: false, available: true, roaming: false, metered: false]
04-07 23:17:34.775 26774 26864 I WorkerManager: Releasing worker: [networkmonitor]/[39]/[com.google.android.apps.gsa.staticplugins.cl.i]
04-07 23:17:34.775 26774 26864 I WorkerManager: Releasing worker: [networkmonitor]/[39]/[com.google.android.apps.gsa.staticplugins.cl.i]
04-07 23:17:34.776 26774 26864 I WorkerManager: Releasing worker: [audio]/[4]/[com.google.android.apps.gsa.staticplugins.m.n]
04-07 23:17:34.776 26774 26864 I chatty  : uid=10077(u0_a77) EventBus0 identical 2 lines
04-07 23:17:34.776 26774 26864 I WorkerManager: Releasing worker: [audio]/[4]/[com.google.android.apps.gsa.staticplugins.m.n]
04-07 23:17:34.777 26774 26864 I WorkerManager: Releasing worker: [progress]/[379]/[com.google.android.apps.gsa.staticplugins.db.a]
04-07 23:17:34.777 26774 26864 I WorkerManager: Releasing worker: [progress]/[379]/[com.google.android.apps.gsa.staticplugins.db.a]
04-07 23:17:34.777 26774 26864 I WorkerManager: Releasing worker: [sharebear]/[124]/[com.google.android.apps.gsa.staticplugins.sharebear.r]
04-07 23:17:34.778 26774 26864 I WorkerManager: Releasing worker: [sharebear]/[124]/[com.google.android.apps.gsa.staticplugins.sharebear.r]
04-07 23:17:34.778 26774 26864 I WorkerManager: Releasing worker: [logo_header]/[71]/[com.google.android.apps.gsa.staticplugins.ca.a]
04-07 23:17:34.778 26774 26864 I WorkerManager: Releasing worker: [logo_header]/[71]/[com.google.android.apps.gsa.staticplugins.ca.a]
04-07 23:17:34.782 26774 26864 I WorkerManager: Releasing worker: [sharebear]/[124]/[com.google.android.apps.gsa.staticplugins.sharebear.r]
04-07 23:17:34.782 26774 26864 I WorkerManager: Releasing worker: [sharebear]/[124]/[com.google.android.apps.gsa.staticplugins.sharebear.r]
04-07 23:17:34.785  2685  2685 I SurfaceFlinger: Display 0 HWC layers:
04-07 23:17:34.785  2685  2685 I SurfaceFlinger:     type    |    handle    | flag |  format   |   source crop (l,t,r,b)    |         frame       | name 
04-07 23:17:34.785  2685  2685 I SurfaceFlinger: ------------+--------------+------+-----------+----------------------------+---------------------+------
04-07 23:17:34.785  2685  2685 I SurfaceFlinger:      Device | 0xeea66c00 | 0002 | RGBx_8888 | 280.0    0.0 1000.0 1280.0 |    0    0  720 1280 | com.android.systemui.ImageWallpaper#0
04-07 23:17:34.785  2685  2685 I SurfaceFlinger:      Client | 0xee50b9c0 | 0000 | RGBA_8888 |  16.0   29.0  704.0 1251.0 |    0    0  720 1280 | com.sec.android.app.launcher/com.sec[...]uncher.activities.LauncherActivity#0
04-07 23:17:34.785  2685  2685 I SurfaceFlinger:      Device | 0xee50b3c0 | 0000 | RGBA_8888 |   0.0    0.0  720.0 1280.0 |    0    0  720 1280 | com.android.systemui/com.android.systemui.recents.RecentsActivity#0
04-07 23:17:34.785  2685  2685 I SurfaceFlinger: 
04-07 23:17:34.785 26774 26864 I WorkerManager: Releasing worker: [sharedmicrodetection]/[17]/[com.google.android.apps.gsa.staticplugins.microdetection.aj]
04-07 23:17:34.785 26774 26864 I WorkerManager: Releasing worker: [sharedmicrodetection]/[17]/[com.google.android.apps.gsa.staticplugins.microdetection.aj]
04-07 23:17:34.786 26774 26864 I WorkerManager: Releasing worker: [sharebear]/[124]/[com.google.android.apps.gsa.staticplugins.sharebear.r]
04-07 23:17:34.788 26774 26864 I chatty  : uid=10077(u0_a77) EventBus0 identical 2 lines
04-07 23:17:34.789 26774 26864 I WorkerManager: Releasing worker: [sharebear]/[124]/[com.google.android.apps.gsa.staticplugins.sharebear.r]
04-07 23:17:34.793 26774 26864 I MicroDetectionState: Should stop hotword detection immediately - false
04-07 23:17:34.794 26774 26864 I WorkerManager: Releasing worker: [transcription]/[30]/[com.google.android.apps.gsa.staticplugins.eu.g]
04-07 23:17:34.794 26774 26864 I WorkerManager: Releasing worker: [transcription]/[30]/[com.google.android.apps.gsa.staticplugins.eu.g]
04-07 23:17:34.795  3151  3259 D MdnieScenarioControlService:  packageName : com.sec.android.app.launcher    className : com.sec.android.app.launcher.activities.LauncherActivity
04-07 23:17:34.795  3151  3259 V MdnieScenarioControlService: setUIMode from UI function(3)
04-07 23:17:34.796 26774 26864 I WorkerManager: Releasing worker: [searchwidget]/[59]/[com.google.android.apps.gsa.staticplugins.searchwidget.av]
04-07 23:17:34.796 26774 26864 I WorkerManager: Releasing worker: [searchwidget]/[59]/[com.google.android.apps.gsa.staticplugins.searchwidget.av]
04-07 23:17:34.800 26774 26864 I WorkerManager: Releasing worker: [searchplate]/[26]/[com.google.android.apps.gsa.staticplugins.du.c]
04-07 23:17:34.801 26774 26864 I WorkerManager: Releasing worker: [searchplate]/[26]/[com.google.android.apps.gsa.staticplugins.du.c]
04-07 23:17:34.801  2685  2685 I SurfaceFlinger: Display 0 HWC layers:
04-07 23:17:34.801  2685  2685 I SurfaceFlinger:     type    |    handle    | flag |  format   |   source crop (l,t,r,b)    |         frame       | name 
04-07 23:17:34.801  2685  2685 I SurfaceFlinger: ------------+--------------+------+-----------+----------------------------+---------------------+------
04-07 23:17:34.801  2685  2685 I SurfaceFlinger:      Device | 0xeea66c00 | 0002 | RGBx_8888 | 280.0    0.0 1000.0 1280.0 |    0    0  720 1280 | com.android.systemui.ImageWallpaper#0
04-07 23:17:34.801  2685  2685 I SurfaceFlinger:      Client | 0xee50b9c0 | 0000 | RGBA_8888 |  13.0   21.0  708.0 1258.0 |    0    0  720 1280 | com.sec.android.app.launcher/com.sec[...]uncher.activities.LauncherActivity#0
04-07 23:17:34.801  2685  2685 I SurfaceFlinger:      Client | 0xee50b3c0 | 0000 | RGBA_8888 |   0.0    0.0  720.0 1280.0 |    0    0  720 1280 | com.android.systemui/com.android.systemui.recents.RecentsActivity#0
04-07 23:17:34.801  2685  2685 I SurfaceFlinger:      Device | 0xeea66a80 | 0000 | RGBA_8888 |   0.0   39.0  720.0   48.0 |    0    0  720    9 | StatusBar#0
04-07 23:17:34.801  2685  2685 I SurfaceFlinger: 
04-07 23:17:34.802 26774 26864 I WorkerManager: Releasing worker: [searchplate]/[26]/[com.google.android.apps.gsa.staticplugins.du.c]
04-07 23:17:34.802 26774 26864 I WorkerManager: Releasing worker: [searchplate]/[26]/[com.google.android.apps.gsa.staticplugins.du.c]
04-07 23:17:34.804 26774 26864 I MicroDetectionWorker: #startMicroDetector [speakerMode: 0]
04-07 23:17:34.809  2782 10720 V APM_AudioPolicyManager: getInputForAttr() source 1999, samplingRate 16000, format 1, channelMask 10,session 7769, flags 0
04-07 23:17:34.810  3151 18006 I EDMNativeHelperService: isMicrophoneEnabled
04-07 23:17:34.811  3151 18006 D RestrictionPolicy: userId: 0, isMicrophoneEnabledAsUser : true
04-07 23:17:34.811  2782 10720 V APM::AudioPolicyEngine: getDeviceForInputSource()input source 1999, device 80000004
04-07 23:17:34.811  2782 10720 D MultiRecordManager: skipMultiRecord() isBypass 1, moduleName primary, source 6, flag 2
04-07 23:17:34.811  2782 10720 I MultiRecordManager: openInputStream() skipMultiRecord
04-07 23:17:34.812  2661 19215 W DeviceHAL: Device 0xe7c03000 open_input_stream: Invalid argument
04-07 23:17:34.812  2782 10720 D MultiRecordManager: skipMultiRecord() isBypass 1, moduleName primary, source 6, flag 2
04-07 23:17:34.812  2782 10720 I MultiRecordManager: openInputStream() skipMultiRecord
04-07 23:17:34.812  2661 19215 V audio_hw_primary: adev_open_input_stream: request sample_rate:16000
04-07 23:17:34.812  2661 19215 V audio_hw_primary: in->requested_rate:16000, pcm_config_in.rate:48000 in->config.channels=2
04-07 23:17:34.812  2661 19215 D audio_hw_primary: adev_open_input_stream: preprocessing_latency = 0
04-07 23:17:34.812  2661 19215 I audio_hw_primary: adev_open_input_stream: input is null, set new input stream
04-07 23:17:34.812 26774 26867 I MicroDataManager: isInitializing-false locale not changed-true model not changed-true
04-07 23:17:34.813 26774 26867 I MicroDataManager: Already initialized, obtaining the hotword data immediately.
04-07 23:17:34.818  2782 32680 I AudioFlinger: AudioFlinger's thread 0xe6283e40 tid=32680 ready to run
04-07 23:17:34.818  2782 10720 V APM_AudioPolicyManager: getInputForAttr() returns input type = 0
04-07 23:17:34.819  2782  5035 V APM_AudioPolicyManager: listAudioPorts() role 0 type 0 num_ports 0 ports 0xe8e99770
04-07 23:17:34.819  2782  5035 V APM_AudioPolicyManager: listAudioPorts() got 0 ports needed 10
04-07 23:17:34.819  2782  6294 V APM_AudioPolicyManager: listAudioPorts() role 0 type 0 num_ports 10 ports 0xe6411000
04-07 23:17:34.819  2782  6294 V APM_AudioPolicyManager: listAudioPorts() got 10 ports needed 10
04-07 23:17:34.822  3151 18006 D PermissionMonitor: we received permission notification for rUid: 10077, rPid: 26774from rModuleFlag: 2
04-07 23:17:34.822  3151 18006 I PermissionMonitor: Binder.getCallingUid(): 1041
04-07 23:17:34.822  3151 18006 I PermissionMonitor: packageName: com.google.android.googlequicksearchbox
04-07 23:17:34.822  3569  6673 I zygote  : Explicit concurrent copying GC freed 12186(628KB) AllocSpace objects, 0(0B) LOS objects, 49% free, 5MB/11MB, paused 387us total 126.066ms
04-07 23:17:34.823  3151 18006 D PermissionMonitor: Calling app is pre-installed on system partition. pkgName: com.google.android.googlequicksearchbox, UserId: 0
04-07 23:17:34.823  3151 18006 I PermissionMonitor: App is whitelisted. Ignore
04-07 23:17:34.824  2782  3197 I APM_AudioPolicyManager: startInput() input 5798
04-07 23:17:34.824  2782  3197 V APM::AudioPolicyEngine: getDeviceForInputSource()input source 1999, device 80000004
04-07 23:17:34.825  2661 19215 D audio_hw_primary: in_set_parameters: enter: kvpairs: input_source=6;routing=-2147483644
04-07 23:17:34.825  2661 19215 V audio_hw_primary: set_processing_type: input_source(6), processing_type(0)
04-07 23:17:34.825  2661 19215 I audio_hw_primary: do_in_standby : in->standby 1
04-07 23:17:34.825  2661 19215 V audio_hw_primary: in_set_parameters: exit: status(0)
04-07 23:17:34.826  2782  3197 V APM_AudioPolicyManager: setInputDevice() createAudioPatch returned 0 patchHandle 5796
04-07 23:17:34.826  2782  3197 V APM_AudioPolicyManager: AudioPolicyManager::startInput() input source = 1999
04-07 23:17:34.827  2782  3197 V APM_AudioPolicyManager: listAudioPorts() role 0 type 0 num_ports 0 ports 0xe8e995e8
04-07 23:17:34.827  2782  3197 V APM_AudioPolicyManager: listAudioPorts() got 0 ports needed 10
04-07 23:17:34.827  2782 10720 V APM_AudioPolicyManager: listAudioPorts() role 0 type 0 num_ports 10 ports 0xe6414800
04-07 23:17:34.827  2782 10720 V APM_AudioPolicyManager: listAudioPorts() got 10 ports needed 10
04-07 23:17:34.828 26774 26864 I MicroDetectionWorker: onReady
04-07 23:17:34.829  2661 32681 V audio_route: requested PCM dai for capture_link: 0
04-07 23:17:34.829  2661 32681 W audio_hw_primary: start_input_stream echoReference effect is not supported.
04-07 23:17:34.840 26774 30972 I MicroRecognitionRunner: Starting detection.
04-07 23:17:34.841 26774 30972 I InputStreamUtils: Using micInputStream
04-07 23:17:34.887  2661 32681 D audio_hw_primary: start_input_stream (0xe7b8c680) in->config.rate:48000 in->config.format:0
04-07 23:17:34.888  2661 32681 D AudioInfo: can not find AudioDataPath for fileName:/miccalib.txt
04-07 23:17:34.888  2661 32681 I PreProcess_RA: [samsungrecordMIC]Use HardCoding Values
04-07 23:17:34.888  2661 32681 I PreProcess_RA: [samsungrecordMIC]Use HardCoding Values
04-07 23:17:34.888  2661 32681 V audio_hw_primary: select_devices output_scenario:-1 input_scenario:28 out_snd_device 0x0 in_snd_device:0xb
04-07 23:17:34.888  2661 32681 D audio_hw_spk_amp: check_speaker_amp_off: turning_off_speaker_amp = true 
04-07 23:17:34.888  2661 32681 I audio_hw_primary: skip turning off nxp amp due to google hotword.
04-07 23:17:34.888  2661 32681 I audio_route: > audio_route_reset :
04-07 23:17:34.888  2661 32681 D audio_hw_spk_amp: check_speaker_amp_off: turning_off_speaker_amp = true 
04-07 23:17:34.888  2661 32681 D tfa98xxApp: [NXP] tfa_enable: turning tfa off
04-07 23:17:34.888  2661 32681 D tfa98xxApp: [NXP] tfa_enable: Tfa is already turned off
04-07 23:17:34.889  2661 32681 D tfa_usrdrv: [NXP] tfa_show_status: device = 0, status reg = 0x001c
04-07 23:17:34.889  2661 32681 D tfa98xxApp: [NXP] tfa_enable: end
04-07 23:17:34.889  2661 32681 I audio_route: > audio_route_apply_path : "recognition-mic"
04-07 23:17:34.889  2661 32681 I audio_route: > audio_route_update_path : "recognition-mic" reverse(0)
04-07 23:17:34.889  2661 32681 V audio_hw_primary: select_devices() input_route "recognition-mic" 
04-07 23:17:34.889  2661 32681 I audio_route: > audio_route_apply_path : "gain-recognition-mic"
04-07 23:17:34.889  2661 32681 I audio_route: > audio_route_update_path : "gain-recognition-mic" reverse(0)
04-07 23:17:34.890  2661 32681 V audio_hw_primary: select_devices() input_gain "gain-recognition-mic" 
04-07 23:17:34.890  2661 32681 I audio_route: > audio_route_update_mixer : +
04-07 23:17:34.890  2661 32681 I audio_route: > audio_route_update_mixer : changed(0) -
04-07 23:17:34.890  2661 32681 I audio_hw_primary: select_devices - 
04-07 23:17:34.890  2661 32681 V audio_hw_primary: start_input_stream -
04-07 23:17:34.917  2685  2685 I SurfaceFlinger: Display 0 HWC layers:
04-07 23:17:34.917  2685  2685 I SurfaceFlinger:     type    |    handle    | flag |  format   |   source crop (l,t,r,b)    |         frame       | name 
04-07 23:17:34.917  2685  2685 I SurfaceFlinger: ------------+--------------+------+-----------+----------------------------+---------------------+------
04-07 23:17:34.917  2685  2685 I SurfaceFlinger:      Device | 0xeea66c00 | 0002 | RGBx_8888 | 280.0    0.0 1000.0 1280.0 |    0    0  720 1280 | com.android.systemui.ImageWallpaper#0
04-07 23:17:34.917  2685  2685 I SurfaceFlinger:      Device | 0xee50b9c0 | 0000 | RGBA_8888 |   0.0    0.0  720.0 1280.0 |    0    0  720 1280 | com.sec.android.app.launcher/com.sec[...]uncher.activities.LauncherActivity#0
04-07 23:17:34.917  2685  2685 I SurfaceFlinger:      Device | 0xeea66a80 | 0000 | RGBA_8888 |   0.0    5.0  720.0   48.0 |    0    0  720   43 | StatusBar#0
04-07 23:17:34.917  2685  2685 I SurfaceFlinger: 
04-07 23:17:34.917  3151  3220 I WindowManager: Destroying surface Surface(name=com.android.systemui/com.android.systemui.recents.RecentsActivity) called by com.android.server.wm.WindowStateAnimator.destroySurface:2501 com.android.server.wm.WindowStateAnimator.destroySurfaceLocked:985 com.android.server.wm.WindowState.destroyOrSaveSurfaceUnchecked:3683 com.android.server.wm.WindowState.destroySurface:3631 com.android.server.wm.AppWindowToken.destroySurfaces:722 com.android.server.wm.AppWindowToken.destroySurfaces:706 com.android.server.wm.WindowState.onExitAnimationDone:5346 com.android.server.wm.AppWindowAnimator.stepAnimationLocked:508 
04-07 23:17:34.918  2685  3553 I SurfaceFlinger: id=2570 Removed com.android.systemui/com.android.systemui.recents.RecentsActivity#0 (3/5)
04-07 23:17:34.921  2685  2728 I SurfaceFlinger: id=2570 Removed com.android.systemui/com.android.systemui.recents.RecentsActivity#0 (-2/5)
04-07 23:17:34.931  2685  2685 I Layer   : id=2570 onRemoved com.android.systemui/com.android.systemui.recents.RecentsActivity#0 
04-07 23:17:35.146  3151  3151 D CustomFrequencyManagerService: releaseDVFSLockLocked : Getting Lock type frm List : DVFS_MIN_LIMIT  frequency : 1430000  uid : 1000  pid : 3151  tag : AMS_APP_HOME@CPU_MIN@47
04-07 23:17:35.249  4445  4747 W OpenGLRenderer: Incorrectly called buildLayer on View: WorkspaceCellLayoutChildren, destroying layer...
04-07 23:17:35.249  4445  4747 W OpenGLRenderer: Incorrectly called buildLayer on View: WorkspaceCellLayoutChildren, destroying layer...
04-07 23:17:35.344 32674 32674 W ADebug  : Failed to get property persist.sys.media.traces
04-07 23:17:35.348 32674 32674 E appproc : Enhanced Zygote ASLR: ro.knox.enhance.zygote.aslr != 1. Enhanced Zygote ASLR is DISABLED!
04-07 23:17:35.348 32674 32674 D AndroidRuntime: >>>>>> START com.android.internal.os.RuntimeInit uid 2000 <<<<<<
04-07 23:17:35.353 32674 32674 D SecNativeFeatureCppIf: encoded
04-07 23:17:35.353 32674 32674 D SecNativeFeatureCppIf: decoding and unzip finish
04-07 23:17:35.353 32674 32674 D SecNativeFeatureCppIf: use unCompDataBuff. encoded
04-07 23:17:35.356 32674 32674 D SecNativeFeatureCppIf: Free unCompDataBuff
04-07 23:17:35.356 32674 32674 D SecNativeFeatureCppIf: encoded
04-07 23:17:35.356 32674 32674 D SecNativeFeatureCppIf: decoding and unzip finish
04-07 23:17:35.356 32674 32674 D SecNativeFeatureCppIf: use unCompDataBuff. encoded
04-07 23:17:35.357 32674 32674 D SecNativeFeatureCppIf: Free unCompDataBuff
04-07 23:17:35.509 32674 32674 D ICU     : Timezone override file found: /data/misc/zoneinfo/current/icu/icu_tzdata.dat
04-07 23:17:35.530 32674 32674 I app_process: find the special shared library, skip check
04-07 23:17:35.572  2668 30938 I display : [PrimaryDisplay] [DYNAMIC_RECOMP] HWC_2_GLES by low FPS(0)
04-07 23:17:35.576 32674 32674 D SemCscFeature: Encoded
04-07 23:17:35.587 32674 32674 I chatty  : uid=2000(shell) identical 1 line
04-07 23:17:35.593 32674 32674 D SemCscFeature: Encoded
04-07 23:17:35.604 32674 32674 E SemAffinityControl: SemAffinityControl: registerfunction enter
04-07 23:17:35.614 32674 32674 D AndroidRuntime: Calling main entry com.android.commands.input.Input
04-07 23:17:35.615 32674 32674 I Input   : injectKeyEvent: KeyEvent { action=ACTION_DOWN, keyCode=KEYCODE_HOME, scanCode=0, metaState=0, flags=0x0, repeatCount=0, eventTime=512762677, downTime=512762677, deviceId=-1, displayId=0, source=0x101 }
04-07 23:17:35.616  3151 18006 D InputDispatcher: Inject key (32674): action=0, eventTime=512762677000000
04-07 23:17:35.616  3151 18006 D InputManager-JNI: !@interceptKeyBeforeQueueing(0), action=0, interactive=true
04-07 23:17:35.619  3151 18006 D API test: getContainerInfo: value is 
04-07 23:17:35.620  3151 18006 D SamsungPhoneWindowManager: sec interceptKeyTq home s_result=1
04-07 23:17:35.620  3151 18006 D WindowManager: interceptKeyTq s_result=1
04-07 23:17:35.620  3151 18006 D InputManager-JNI: !@handleInterceptActions(0), action=0, wmActions=1
04-07 23:17:35.622  3151  3255 D API test: getContainerInfo: value is 
04-07 23:17:35.622  3151  3255 D RestrictionPolicy: isHomeKeyEnabled :true
04-07 23:17:35.624  3151  3255 D API test: getContainerInfo: value is 
04-07 23:17:35.625 32674 32674 I Input   : injectKeyEvent: KeyEvent { action=ACTION_UP, keyCode=KEYCODE_HOME, scanCode=0, metaState=0, flags=0x0, repeatCount=0, eventTime=512762677, downTime=512762677, deviceId=-1, displayId=0, source=0x101 }
04-07 23:17:35.625  3151 18006 D InputDispatcher: Inject key (32674): action=1, eventTime=512762677000000
04-07 23:17:35.625  3151 18006 D InputManager-JNI: !@interceptKeyBeforeQueueing(0), action=1, interactive=true
04-07 23:17:35.627  3151 18006 D API test: getContainerInfo: value is 
04-07 23:17:35.627  3151 18006 D SamsungPhoneWindowManager: sec interceptKeyTq home s_result=1
04-07 23:17:35.627  3151 18006 D WindowManager: interceptKeyTq s_result=1
04-07 23:17:35.627  3151 18006 D InputManager-JNI: !@handleInterceptActions(0), action=1, wmActions=1
04-07 23:17:35.629  3151  3255 D API test: getContainerInfo: value is 
04-07 23:17:35.629  3151  3255 D RestrictionPolicy: isHomeKeyEnabled :true
04-07 23:17:35.631  3151  3255 D API test: getContainerInfo: value is 
04-07 23:17:35.632  3151  3255 D VoIPInterfaceManager: isVoIPRinging()...
04-07 23:17:35.632  3151  3255 D VoIPInterfaceManager: isVoIPRunningAndDeregi()...
04-07 23:17:35.632  3151  3255 D VoIPInterfaceManager: Not exist call session
04-07 23:17:35.633  3151  3255 I MultiPhoneWindowManager: updateImeTargetFreeformTaskId: taskId=-1
04-07 23:17:35.634  3151  3255 D PowerManagerService: [api] [s] userActivity : event: 0 flags: 0 (uid: 1000 pid: 3151) eventTime = 512762696
04-07 23:17:35.634  3151  3151 D InputMethodManagerService: isImeSwitcherDisabledPackage : false
04-07 23:17:35.634  3151  3255 D SamsungPhoneWindowManager: performHome
04-07 23:17:35.635  3151  3255 D CustomFrequencyManagerService: acquireDVFSLockLocked : type : DVFS_MIN_LIMIT  frequency : 962000  uid : 1000  pid : 3151  pkgName : HOME_BOOSTER@1
04-07 23:17:35.638  3569  3925 D vol.VolumeDialogControl: onReceive ACTION_CLOSE_SYSTEM_DIALOGS
04-07 23:17:35.638  3569  3920 D LocationControllerImpl: onReceive() = android.intent.action.CLOSE_SYSTEM_DIALOGS
04-07 23:17:35.639  3569  3569 D Tile.AirplaneModeTile: onReceive: android.intent.action.CLOSE_SYSTEM_DIALOGS mSimCount 0
04-07 23:17:35.639  3569  3569 D vol.SecVolumeDialogImpl: dismissH reason: 2
04-07 23:17:35.639  3569  3569 D PopupUI : PopupUIReceiver.onReceive() action : android.intent.action.CLOSE_SYSTEM_DIALOGS
04-07 23:17:35.639  3569  3569 D PopupUI.PopupUINotifications: dismissAlertDialogs()
04-07 23:17:35.639  3569  3569 D BrightnessMirror: hideMirror cancelled since it's not visible
04-07 23:17:35.644  3151  3255 I ActivityManager: START u0 {act=android.intent.action.MAIN typ=null flg=0x10200000 cmp=ComponentInfo{com.sec.android.app.launcher/com.sec.android.app.launcher.activities.LauncherActivity}} from uid 1000
04-07 23:17:35.645  4445  4445 V Launcher: Launcher.onPause()
04-07 23:17:35.645  4445  4445 D Launcher: setHotWordDetection : call requestHotWordDetection false
04-07 23:17:35.648 26774 26864 I WorkerManager: Releasing worker: [sharedmicrodetection]/[17]/[com.google.android.apps.gsa.staticplugins.microdetection.aj]
04-07 23:17:35.648 26774 26864 I WorkerManager: Releasing worker: [sharedmicrodetection]/[17]/[com.google.android.apps.gsa.staticplugins.microdetection.aj]
04-07 23:17:35.649  3151  3255 I MultiPhoneWindowManager: minimizeAllFreeformTasks
04-07 23:17:35.651  3151  3255 I FreeformStackController: minimizeAllTasksInFreeform is calling
04-07 23:17:35.651  4445  4445 D Launcher: onNewIntent
04-07 23:17:35.651  4445  4445 D InputMethodManager: HSIFW - flag : 0 Pid : 4445
04-07 23:17:35.651 26774 26864 I WorkerManager: Releasing worker: [sharebear]/[124]/[com.google.android.apps.gsa.staticplugins.sharebear.r]
04-07 23:17:35.651 26774 26864 I WorkerManager: Releasing worker: [sharebear]/[124]/[com.google.android.apps.gsa.staticplugins.sharebear.r]
04-07 23:17:35.651  3151 15260 V InputMethodManagerService: Client requesting input be hidden, flags : 0
04-07 23:17:35.651  3151 15260 V InputMethodManagerService: hideCurrentInputLocked : shouldHideSoftInput is false
04-07 23:17:35.652  4445  4445 V Launcher: Launcher.onResume()
04-07 23:17:35.652 32674 32674 D AndroidRuntime: Shutting down VM
04-07 23:17:35.654 26774 26864 I WorkerManager: Releasing worker: [sharebear]/[124]/[com.google.android.apps.gsa.staticplugins.sharebear.r]
04-07 23:17:35.654 26774 26864 I WorkerManager: Releasing worker: [sharebear]/[124]/[com.google.android.apps.gsa.staticplugins.sharebear.r]
04-07 23:17:35.661 26774 26864 I MicroDetectionState: Should stop hotword detection immediately - false
04-07 23:17:35.661 26774 26864 I MicroDetector: Keeping mic open: false
04-07 23:17:35.661 26774 26864 I MicroDetector: #shutdownAudioWithAudioLibrary
04-07 23:17:35.661 26774 32146 E DeviceStateChecker: DeviceStateChecker cancelled
04-07 23:17:35.662 26774 26867 I MicroRecognitionRunner: Stopping hotword detection.
04-07 23:17:35.663  4445  4445 D ExternalMethodQueue: Getting and clearing EXTERNAL_METHOD_LIST: null
04-07 23:17:35.663  4445  4445 D Launcher: setHotWordDetection : call requestHotWordDetection true
04-07 23:17:35.663  4445  4445 D Launcher.HomeController: onResume HomeContainer current alpha = 1.0
04-07 23:17:35.663  4445  4445 D AppsCustomAdapter: notifyUpdate : com.android.launcher3.Launcher@f606a1b
04-07 23:17:35.663  4445  4445 D AppsDragController: needDeferToBind : true , false
04-07 23:17:35.664 26774 30972 W b       : #read failed: read EOF from AudioAccessor.
04-07 23:17:35.666  4445  4445 D PagedView: Snap To Next Page [0]
04-07 23:17:35.667  4445  4445 D AppsAdapter: notifyUpdate start : com.android.launcher3.Launcher@f606a1b
04-07 23:17:35.667 26774 30972 I MicroRecognitionRunner: Detection finished
04-07 23:17:35.667  4445  4445 D AppsCustomAdapter: no change items
04-07 23:17:35.667  3151 15260 D Notification: allPendingIntents
04-07 23:17:35.667  4445  4445 D AppsAdapter: notifyUpdate end : com.android.launcher3.Launcher@f606a1b
04-07 23:17:35.670 26774 26864 I WorkerManager: Releasing worker: [searchwidget]/[59]/[com.google.android.apps.gsa.staticplugins.searchwidget.av]
04-07 23:17:35.670 26774 26864 I WorkerManager: Releasing worker: [searchwidget]/[59]/[com.google.android.apps.gsa.staticplugins.searchwidget.av]
04-07 23:17:35.674  3151 15260 D Notification: allPendingIntents
04-07 23:17:35.674 26774 26864 I WorkerManager: Releasing worker: [searchplate]/[26]/[com.google.android.apps.gsa.staticplugins.du.c]
04-07 23:17:35.674 26774 26864 I WorkerManager: Releasing worker: [searchplate]/[26]/[com.google.android.apps.gsa.staticplugins.du.c]
04-07 23:17:35.674  3151 15260 D Notification: allPendingIntents
04-07 23:17:35.674  3151 15260 D Notification: allPendingIntents
04-07 23:17:35.675 26774 26864 I WorkerManager: Releasing worker: [searchplate]/[26]/[com.google.android.apps.gsa.staticplugins.du.c]
04-07 23:17:35.675 26774 26864 I WorkerManager: Releasing worker: [searchplate]/[26]/[com.google.android.apps.gsa.staticplugins.du.c]
04-07 23:17:35.677  4445  4499 D Notification.Badge: [filtered] shouldBeFilteredOut().mTempRanking.canShowBadge[false], [sbn : StatusBarNotification(pkg=android user=UserHandle{-1} id=3012971 tag=null key=-1|android|3012971|null|1000: Notification(channel=NETWORK_CONNECTIONS pri=-2 contentView=null vibrate=null sound=null tick defaults=0x0 flags=0x10 color=0x00000000 number=0 vis=PRIVATE semFlags=0x0 semPriority=0 semMissedCount=0))]
04-07 23:17:35.677  4445  4499 D Notification.Badge: LauncherModel:onNotificationFullRefresh() : [3], IconType : [0]
04-07 23:17:35.678  4445  4499 D Notification.Badge: notificationKey : 0|com.google.android.googlequicksearchbox|-1873494995|n|10077, count : 0, this.count : 1
04-07 23:17:35.678  4445  4499 D Notification.Badge: notificationKey : 0|com.google.android.googlequicksearchbox|-1873494995|n|10077, count : 1, mTotalCount : 1
04-07 23:17:35.678  4445  4499 D Notification.Badge: notificationKey : 0|com.google.android.googlequicksearchbox|359661727|n|10077, count : 0, this.count : 1
04-07 23:17:35.678  4445  4499 D Notification.Badge: notificationKey : 0|com.google.android.googlequicksearchbox|359661727|n|10077, count : 1, mTotalCount : 2
04-07 23:17:35.678  4445  4499 D Notification.Badge: notificationKey : 0|com.android.systemui|273|null|10009, count : 0, this.count : 1
04-07 23:17:35.678  4445  4499 D Notification.Badge: notificationKey : 0|com.android.systemui|273|null|10009, count : 1, mTotalCount : 1
04-07 23:17:35.678  4445  4499 D Notification.Badge: LauncherModel:onNotificationFullRefresh() not need to update, updatedBadges.remove[com.google.android.googlequicksearchbox], count : [2]
04-07 23:17:35.678  4445  4499 D Notification.Badge: LauncherModel:onNotificationFullRefresh() not need to update, updatedBadges.remove[com.android.systemui], count : [1]
04-07 23:17:35.679  2661 19215 I audio_hw_primary: do_in_standby : in->standby 0
04-07 23:17:35.681 26774 32139 I PBSessionCacheImpl: Deleted sessionId[117754883582109775] from persistence.
04-07 23:17:35.681  2661 19215 V audio_hw_primary: select_devices output_scenario:-1 input_scenario:-1 out_snd_device 0x0 in_snd_device:0x0
04-07 23:17:35.681  2661 19215 D audio_hw_spk_amp: check_speaker_amp_off: turning_off_speaker_amp = true 
04-07 23:17:35.681 26774 26864 I WorkerManager: Releasing worker: [searchboxroot]/[24]/[com.google.android.apps.gsa.staticplugins.searchboxroot.v]
04-07 23:17:35.681 26774 26864 I WorkerManager: Releasing worker: [searchboxroot]/[24]/[com.google.android.apps.gsa.staticplugins.searchboxroot.v]
04-07 23:17:35.682  2661 19215 I audio_hw_primary: skip turning off nxp amp due to google hotword.
04-07 23:17:35.682  2661 19215 I audio_route: > audio_route_reset :
04-07 23:17:35.682  2661 19215 D audio_hw_spk_amp: check_speaker_amp_off: turning_off_speaker_amp = true 
04-07 23:17:35.682  2661 19215 D tfa98xxApp: [NXP] tfa_enable: turning tfa off
04-07 23:17:35.682 26774 26864 I WorkerManager: Releasing worker: [searchboxroot]/[24]/[com.google.android.apps.gsa.staticplugins.searchboxroot.v]
04-07 23:17:35.682  2661 19215 D tfa98xxApp: [NXP] tfa_enable: Tfa is already turned off
04-07 23:17:35.682 26774 26864 I WorkerManager: Releasing worker: [searchboxroot]/[24]/[com.google.android.apps.gsa.staticplugins.searchboxroot.v]
04-07 23:17:35.682  2661 19215 D tfa_usrdrv: [NXP] tfa_show_status: device = 0, status reg = 0x001c
04-07 23:17:35.682  2661 19215 D tfa98xxApp: [NXP] tfa_enable: end
04-07 23:17:35.682  2661 19215 I audio_route: > audio_route_update_mixer : +
04-07 23:17:35.683  2661 19215 I audio_route: > audio_route_update_mixer : changed(8) -
04-07 23:17:35.683  2661 19215 I audio_hw_primary: select_devices - 
04-07 23:17:35.684  2782 10720 I APM_AudioPolicyManager: stopInput() input 5798
04-07 23:17:35.685  2661  2911 D audio_hw_primary: in_set_parameters: enter: kvpairs: routing=0
04-07 23:17:35.685  2661  2911 V audio_hw_primary: in_set_parameters: exit: status(0)
04-07 23:17:35.685 26774 26864 I WorkerManager: Releasing worker: [actions]/[1]/[com.google.android.apps.gsa.staticplugins.actions.p]
04-07 23:17:35.686 26774 26864 I chatty  : uid=10077(u0_a77) EventBus0 identical 2 lines
04-07 23:17:35.686 26774 26864 I WorkerManager: Releasing worker: [actions]/[1]/[com.google.android.apps.gsa.staticplugins.actions.p]
04-07 23:17:35.688 26774 26864 I WorkerManager: Releasing worker: [searchboxroot]/[24]/[com.google.android.apps.gsa.staticplugins.searchboxroot.v]
04-07 23:17:35.689 26774 26864 I chatty  : uid=10077(u0_a77) EventBus0 identical 2 lines
04-07 23:17:35.689 26774 26864 I WorkerManager: Releasing worker: [searchboxroot]/[24]/[com.google.android.apps.gsa.staticplugins.searchboxroot.v]
04-07 23:17:35.690 26774 26864 I WorkerManager: Releasing worker: [actions]/[1]/[com.google.android.apps.gsa.staticplugins.actions.p]
04-07 23:17:35.690 26774 26864 I WorkerManager: Releasing worker: [actions]/[1]/[com.google.android.apps.gsa.staticplugins.actions.p]
04-07 23:17:35.690  2782 10720 V APM_AudioPolicyManager: resetInputDevice() releaseAudioPatch returned 0
04-07 23:17:35.691  2782 10720 V APM_AudioPolicyManager: listAudioPorts() role 0 type 0 num_ports 0 ports 0xe8e995c8
04-07 23:17:35.691  2782 10720 V APM_AudioPolicyManager: listAudioPorts() got 0 ports needed 10
04-07 23:17:35.691  2782  3197 V APM_AudioPolicyManager: listAudioPorts() role 0 type 0 num_ports 10 ports 0xe6a17800
04-07 23:17:35.691  2782  3197 V APM_AudioPolicyManager: listAudioPorts() got 10 ports needed 10
04-07 23:17:35.692 26774 26864 I WorkerManager: Releasing worker: [legacyui]/[63]/[com.google.android.apps.gsa.staticplugins.by.a]
04-07 23:17:35.693  2782  5035 V APM_AudioPolicyManager: releaseInput() 5798
04-07 23:17:35.693  2782  5035 V APM_AudioPolicyManager: closeInput(5798)
04-07 23:17:35.693 26774 26864 I WorkerManager: Releasing worker: [legacyui]/[63]/[com.google.android.apps.gsa.staticplugins.by.a]
04-07 23:17:35.693  2782  5035 D MultiRecordManager: closeInputStream() moduleHandle:10, modulename:primary, stream_in:0xe8eb4a40, source:6, dev:0xe8eb23b0
04-07 23:17:35.693  2782  5035 I MultiRecordManager: closeInputStream() skipMultiRecord
04-07 23:17:35.694  2782  5035 V APM_AudioPolicyManager: releaseInput() exit
04-07 23:17:35.694 26774 26864 I WorkerManager: Releasing worker: [searchplate]/[26]/[com.google.android.apps.gsa.staticplugins.du.c]
04-07 23:17:35.694  2661  2911 V audio_hw_primary: stop_voice_note_recording
04-07 23:17:35.694 26774 26864 I WorkerManager: Releasing worker: [searchplate]/[26]/[com.google.android.apps.gsa.staticplugins.du.c]
04-07 23:17:35.694  2661  2911 E audio_hw_primary: adev_close_input_stream, set jack_in to null
04-07 23:17:35.695 26774 26864 I WorkerManager: Releasing worker: [searchplate]/[26]/[com.google.android.apps.gsa.staticplugins.du.c]
04-07 23:17:35.695 26774 26864 I WorkerManager: Releasing worker: [searchplate]/[26]/[com.google.android.apps.gsa.staticplugins.du.c]
04-07 23:17:35.696 26774 26864 I WorkerManager: Releasing worker: [conversation]/[44]/[com.google.android.apps.gsa.staticplugins.ah.a]
04-07 23:17:35.696 26774 26864 I WorkerManager: Releasing worker: [conversation]/[44]/[com.google.android.apps.gsa.staticplugins.ah.a]
04-07 23:17:35.697 26774 26864 I WorkerManager: Releasing worker: [message]/[68]/[com.google.android.apps.gsa.staticplugins.messages.n]
04-07 23:17:35.697 26774 26864 I WorkerManager: Releasing worker: [message]/[68]/[com.google.android.apps.gsa.staticplugins.messages.n]
04-07 23:17:35.699  2668  6675 I display : [PrimaryDisplay] [DYNAMIC_RECOMP] first frame after HWC_2_GLES
04-07 23:17:35.699  2668  6675 I display : [PrimaryDisplay] [DYNAMIC_RECOMP] GLES_2_HWC by high FPS(5)
04-07 23:17:35.706  2782  5035 V APM_AudioPolicyManager: listAudioPorts() role 0 type 0 num_ports 0 ports 0xe8e996c8
04-07 23:17:35.706  2782  5035 V APM_AudioPolicyManager: listAudioPorts() got 0 ports needed 9
04-07 23:17:35.706  2782 10720 V APM_AudioPolicyManager: listAudioPorts() role 0 type 0 num_ports 9 ports 0xe607b000
04-07 23:17:35.706  2782 10720 V APM_AudioPolicyManager: listAudioPorts() got 9 ports needed 9
04-07 23:17:35.708 26774 26864 I WorkerManager: Releasing worker: [context]/[50]/[com.google.android.apps.gsa.staticplugins.ag.i]
04-07 23:17:35.708 26774 26864 I WorkerManager: Releasing worker: [context]/[50]/[com.google.android.apps.gsa.staticplugins.ag.i]
04-07 23:17:35.709 26774 26864 W ThreadPoolDumper: Queue length for executor EventBus is now 11. Perhaps some tasks are too long, or the pool is too small.
04-07 23:17:35.709 26774 26864 I WorkerManager: Releasing worker: [actionvelogging]/[2]/[com.google.android.apps.gsa.staticplugins.a.d]
04-07 23:17:35.709 26774 26864 I WorkerManager: Releasing worker: [actionvelogging]/[2]/[com.google.android.apps.gsa.staticplugins.a.d]
04-07 23:17:35.709 26774 26864 I WorkerManager: Releasing worker: [sharedmicrodetection]/[17]/[com.google.android.apps.gsa.staticplugins.microdetection.aj]
04-07 23:17:35.710 26774 26864 I WorkerManager: Releasing worker: [sharedmicrodetection]/[17]/[com.google.android.apps.gsa.staticplugins.microdetection.aj]
04-07 23:17:35.710 26774 26864 I WorkerManager: Releasing worker: [audio]/[4]/[com.google.android.apps.gsa.staticplugins.m.n]
04-07 23:17:35.711 26774 26864 I chatty  : uid=10077(u0_a77) EventBus0 identical 2 lines
04-07 23:17:35.711 26774 26864 I WorkerManager: Releasing worker: [audio]/[4]/[com.google.android.apps.gsa.staticplugins.m.n]
04-07 23:17:35.712 26774 26864 I WorkerManager: Releasing worker: [progress]/[379]/[com.google.android.apps.gsa.staticplugins.db.a]
04-07 23:17:35.712 26774 26864 I WorkerManager: Releasing worker: [progress]/[379]/[com.google.android.apps.gsa.staticplugins.db.a]
04-07 23:17:35.713 26774 26864 I WorkerManager: Releasing worker: [sharebear]/[124]/[com.google.android.apps.gsa.staticplugins.sharebear.r]
04-07 23:17:35.713 26774 26864 I WorkerManager: Releasing worker: [sharebear]/[124]/[com.google.android.apps.gsa.staticplugins.sharebear.r]
04-07 23:17:35.713 26774 26864 I WorkerManager: Releasing worker: [logo_header]/[71]/[com.google.android.apps.gsa.staticplugins.ca.a]
04-07 23:17:35.713 26774 26864 I WorkerManager: Releasing worker: [logo_header]/[71]/[com.google.android.apps.gsa.staticplugins.ca.a]
04-07 23:17:35.719 26774 26864 I WorkerManager: Releasing worker: [sharebear]/[124]/[com.google.android.apps.gsa.staticplugins.sharebear.r]
04-07 23:17:35.719 26774 26864 I WorkerManager: Releasing worker: [sharebear]/[124]/[com.google.android.apps.gsa.staticplugins.sharebear.r]
04-07 23:17:35.720 26774 26864 I WorkerManager: Releasing worker: [searchboxroot]/[24]/[com.google.android.apps.gsa.staticplugins.searchboxroot.v]
04-07 23:17:35.722 26774 26864 I WorkerManager: Releasing worker: [searchboxroot]/[24]/[com.google.android.apps.gsa.staticplugins.searchboxroot.v]
04-07 23:17:35.722 26774 26864 I WorkerManager: Releasing worker: [actions]/[1]/[com.google.android.apps.gsa.staticplugins.actions.p]
04-07 23:17:35.723 26774 26864 I chatty  : uid=10077(u0_a77) EventBus0 identical 2 lines
04-07 23:17:35.723 26774 26864 I WorkerManager: Releasing worker: [actions]/[1]/[com.google.android.apps.gsa.staticplugins.actions.p]
04-07 23:17:35.726 26774 26864 W SearchServiceCore: Abort, client detached.
04-07 23:17:35.727 26774 26864 W SessionLifecycleManager: Handover failed. Creating new session controller.
04-07 23:17:35.734 26774 26864 E PBSessionCacheImpl: sessionId[117754883582109775] not persisted.
04-07 23:17:35.735  3151  3151 D CustomFrequencyManagerService: releaseDVFSLockLocked : Getting Lock type frm List : DVFS_MIN_LIMIT  frequency : 962000  uid : 1000  pid : 3151  tag : HOME_BOOSTER@1
04-07 23:17:35.737 26774 26864 I WorkerManager: Releasing worker: [service]/[27]/[com.google.android.apps.gsa.search.core.service.bx]
04-07 23:17:35.737 26774 26864 I WorkerManager: Releasing worker: [service]/[27]/[com.google.android.apps.gsa.search.core.service.bx]
04-07 23:17:35.738 26774 26864 I WorkerManager: Releasing worker: [searchboxroot]/[24]/[com.google.android.apps.gsa.staticplugins.searchboxroot.v]
04-07 23:17:35.738 26774 32139 I PBSessionCacheImpl: Deleted sessionId[117754883582109775] from persistence.
04-07 23:17:35.739 26774 26864 I WorkerManager: Releasing worker: [searchboxroot]/[24]/[com.google.android.apps.gsa.staticplugins.searchboxroot.v]
04-07 23:17:35.739 26774 26864 I chatty  : uid=10077(u0_a77) EventBus0 identical 1 line
04-07 23:17:35.739 26774 26864 I WorkerManager: Releasing worker: [searchboxroot]/[24]/[com.google.android.apps.gsa.staticplugins.searchboxroot.v]
04-07 23:17:35.740 26774 26864 I WorkerManager: Releasing worker: [actions]/[1]/[com.google.android.apps.gsa.staticplugins.actions.p]
04-07 23:17:35.740 26774 26864 I chatty  : uid=10077(u0_a77) EventBus0 identical 2 lines
04-07 23:17:35.740 26774 26864 I WorkerManager: Releasing worker: [actions]/[1]/[com.google.android.apps.gsa.staticplugins.actions.p]
04-07 23:17:35.742 26774 26864 I WorkerManager: Releasing worker: [searchboxroot]/[24]/[com.google.android.apps.gsa.staticplugins.searchboxroot.v]
04-07 23:17:35.742 26774 26864 I chatty  : uid=10077(u0_a77) EventBus0 identical 2 lines
04-07 23:17:35.742 26774 26864 I WorkerManager: Releasing worker: [searchboxroot]/[24]/[com.google.android.apps.gsa.staticplugins.searchboxroot.v]
04-07 23:17:35.743 26774 26864 I WorkerManager: Releasing worker: [actions]/[1]/[com.google.android.apps.gsa.staticplugins.actions.p]
04-07 23:17:35.745 26774 26864 I chatty  : uid=10077(u0_a77) EventBus0 identical 4 lines
04-07 23:17:35.745 26774 26864 I WorkerManager: Releasing worker: [actions]/[1]/[com.google.android.apps.gsa.staticplugins.actions.p]
04-07 23:17:35.746  3151 15260 D ConnectivityService: filterNetworkStateForUid() uid: 10077 networkInfo: [type: WIFI[] - WIFI, state: CONNECTED/CONNECTED, reason: (unspecified), extra: "BatteryLab", failover: false, available: true, roaming: false, metered: false]
04-07 23:17:35.751 26774 26864 I WorkerManager: Releasing worker: [legacyui]/[63]/[com.google.android.apps.gsa.staticplugins.by.a]
04-07 23:17:35.751 26774 26864 I WorkerManager: Releasing worker: [legacyui]/[63]/[com.google.android.apps.gsa.staticplugins.by.a]
04-07 23:17:35.752 26774 26864 I WorkerManager: Releasing worker: [searchplate]/[26]/[com.google.android.apps.gsa.staticplugins.du.c]
04-07 23:17:35.756 26774 26864 I chatty  : uid=10077(u0_a77) EventBus0 identical 8 lines
04-07 23:17:35.756 26774 26864 I WorkerManager: Releasing worker: [searchplate]/[26]/[com.google.android.apps.gsa.staticplugins.du.c]
04-07 23:17:35.757 26774 26864 I WorkerManager: Releasing worker: [conversation]/[44]/[com.google.android.apps.gsa.staticplugins.ah.a]
04-07 23:17:35.757 26774 26864 I WorkerManager: Releasing worker: [conversation]/[44]/[com.google.android.apps.gsa.staticplugins.ah.a]
04-07 23:17:35.758 26774 26864 I WorkerManager: Releasing worker: [message]/[68]/[com.google.android.apps.gsa.staticplugins.messages.n]
04-07 23:17:35.758 26774 26864 I WorkerManager: Releasing worker: [message]/[68]/[com.google.android.apps.gsa.staticplugins.messages.n]
04-07 23:17:35.759 26774 26864 I WorkerManager: Releasing worker: [context]/[50]/[com.google.android.apps.gsa.staticplugins.ag.i]
04-07 23:17:35.759 26774 26864 I WorkerManager: Releasing worker: [context]/[50]/[com.google.android.apps.gsa.staticplugins.ag.i]
04-07 23:17:35.760 26774 26864 I WorkerManager: Releasing worker: [actionvelogging]/[2]/[com.google.android.apps.gsa.staticplugins.a.d]
04-07 23:17:35.760 26774 26864 I WorkerManager: Releasing worker: [actionvelogging]/[2]/[com.google.android.apps.gsa.staticplugins.a.d]
04-07 23:17:35.760 26774 26864 I WorkerManager: Releasing worker: [sharedmicrodetection]/[17]/[com.google.android.apps.gsa.staticplugins.microdetection.aj]
04-07 23:17:35.760 26774 26864 I WorkerManager: Releasing worker: [sharedmicrodetection]/[17]/[com.google.android.apps.gsa.staticplugins.microdetection.aj]
04-07 23:17:35.761  3151 15260 I chatty  : uid=1000(system) Binder:3151_1D identical 2 lines
04-07 23:17:35.762  3151 15260 D ConnectivityService: filterNetworkStateForUid() uid: 10077 networkInfo: [type: WIFI[] - WIFI, state: CONNECTED/CONNECTED, reason: (unspecified), extra: "BatteryLab", failover: false, available: true, roaming: false, metered: false]
04-07 23:17:35.767 30022 30022 E adbd    : recv: OPEN 00128c5c 00000000 003a:73 68 65 6C 6C 2C 76 32 2C 54 45 52 4D 3D 78 74 65 72 6D 2D 32 35 36 63 6F 6C 6F 72 3A 70 6D 20 63 6C 65 61 72 20 63 6F 6D 2E 65 78 61 6D 70 6C 65 2E 61 6E 64 72 6F 69 64 00 
04-07 23:17:35.767 30022 30022 E adbd    : service_to_fd: shell,v2,TERM=xterm-256color:pm clear com.example.android
04-07 23:17:35.767 26774 26864 I WorkerManager: Releasing worker: [networkmonitor]/[39]/[com.google.android.apps.gsa.staticplugins.cl.i]
04-07 23:17:35.768 26774 26864 I WorkerManager: Releasing worker: [networkmonitor]/[39]/[com.google.android.apps.gsa.staticplugins.cl.i]
04-07 23:17:35.768 26774 26864 I WorkerManager: Releasing worker: [audio]/[4]/[com.google.android.apps.gsa.staticplugins.m.n]
04-07 23:17:35.769 26774 26864 I chatty  : uid=10077(u0_a77) EventBus0 identical 2 lines
04-07 23:17:35.769 26774 26864 I WorkerManager: Releasing worker: [audio]/[4]/[com.google.android.apps.gsa.staticplugins.m.n]
04-07 23:17:35.770 26774 26864 I WorkerManager: Releasing worker: [progress]/[379]/[com.google.android.apps.gsa.staticplugins.db.a]
04-07 23:17:35.770 26774 26864 I WorkerManager: Releasing worker: [progress]/[379]/[com.google.android.apps.gsa.staticplugins.db.a]
04-07 23:17:35.771 26774 26864 I WorkerManager: Releasing worker: [sharebear]/[124]/[com.google.android.apps.gsa.staticplugins.sharebear.r]
04-07 23:17:35.771 26774 26864 I WorkerManager: Releasing worker: [sharebear]/[124]/[com.google.android.apps.gsa.staticplugins.sharebear.r]
04-07 23:17:35.772 26774 26864 I WorkerManager: Releasing worker: [logo_header]/[71]/[com.google.android.apps.gsa.staticplugins.ca.a]
04-07 23:17:35.772 26774 26864 I WorkerManager: Releasing worker: [logo_header]/[71]/[com.google.android.apps.gsa.staticplugins.ca.a]
04-07 23:17:35.775 26774 26864 I WorkerManager: Releasing worker: [sharebear]/[124]/[com.google.android.apps.gsa.staticplugins.sharebear.r]
04-07 23:17:35.775 26774 26864 I WorkerManager: Releasing worker: [sharebear]/[124]/[com.google.android.apps.gsa.staticplugins.sharebear.r]
04-07 23:17:35.780 26774 26864 I WorkerManager: Releasing worker: [sharedmicrodetection]/[17]/[com.google.android.apps.gsa.staticplugins.microdetection.aj]
04-07 23:17:35.780 26774 26864 I WorkerManager: Releasing worker: [sharedmicrodetection]/[17]/[com.google.android.apps.gsa.staticplugins.microdetection.aj]
04-07 23:17:35.780 26774 26864 I WorkerManager: Releasing worker: [sharebear]/[124]/[com.google.android.apps.gsa.staticplugins.sharebear.r]
04-07 23:17:35.782 26774 26864 I chatty  : uid=10077(u0_a77) EventBus0 identical 2 lines
04-07 23:17:35.782 26774 26864 I WorkerManager: Releasing worker: [sharebear]/[124]/[com.google.android.apps.gsa.staticplugins.sharebear.r]
04-07 23:17:35.787 26774 26864 I MicroDetectionState: Should stop hotword detection immediately - false
04-07 23:17:35.788 26774 26864 I WorkerManager: Releasing worker: [transcription]/[30]/[com.google.android.apps.gsa.staticplugins.eu.g]
04-07 23:17:35.789 26774 26864 I WorkerManager: Releasing worker: [transcription]/[30]/[com.google.android.apps.gsa.staticplugins.eu.g]
04-07 23:17:35.791 26774 26864 I WorkerManager: Releasing worker: [searchwidget]/[59]/[com.google.android.apps.gsa.staticplugins.searchwidget.av]
04-07 23:17:35.791 26774 26864 I WorkerManager: Releasing worker: [searchwidget]/[59]/[com.google.android.apps.gsa.staticplugins.searchwidget.av]
04-07 23:17:35.793 26774 26864 I WorkerManager: Releasing worker: [searchplate]/[26]/[com.google.android.apps.gsa.staticplugins.du.c]
