--------- beginning of main
04-07 23:17:27.891 30022 30022 E adbd    : recv: OPEN 00128c30 00000000 0052:73 68 65 6C 6C 2C 76 32 2C 54 45 52 4D 3D 78 74 65 72 6D 2D 32 35 36 63 6F 6C 6F 72 3A 73 65 74 74 69 6E 67 73 20 70 75 74 20 67 6C 6F 62 61 6C 20 68 65 61 64 73 5F 75 70 5F 6E 6F 74 69 66 69 63 61 74 69 6F 6E 73 5F 65 6E 61 62 6C 65 64 20 30 00 
04-07 23:17:27.891 30022 30022 E adbd    : service_to_fd: shell,v2,TERM=xterm-256color:settings put global heads_up_notifications_enabled 0
04-07 23:17:27.952  3151  4642 D SecContentProvider: query(), uri = 17 selection = isSettingsChangesAllowed
--------- beginning of system
04-07 23:17:27.952  3151  4642 D SecContentProvider: called from android.uid.shell:2000
04-07 23:17:27.953  3151  4642 D RestrictionPolicy: isSettingsChangesAllowedAsUser, userId 0 : true
04-07 23:17:27.954  3569  3569 D StatusBar: heads up is disabled
04-07 23:17:27.954  3569  3569 D StatusBar: dismissing any existing heads up notification on disable event
04-07 23:17:27.993 30022 30022 E adbd    : recv: OPEN 00128c34 00000000 002a:73 68 65 6C 6C 2C 76 32 2C 54 45 52 4D 3D 78 74 65 72 6D 2D 32 35 36 63 6F 6C 6F 72 3A 64 75 6D 70 73 79 73 20 77 69 66 69 00 
04-07 23:17:27.993 30022 30022 E adbd    : service_to_fd: shell,v2,TERM=xterm-256color:dumpsys wifi
04-07 23:17:28.307  2674  2674 I android.hardware.wifi@1.0-service: getDebugHostWakeReasonStats
04-07 23:17:28.307  2674  2674 D WifiHAL : Start get wake reason stats command
04-07 23:17:28.307  2674  2674 D WifiHAL : In WifiLoggerCommand::handleResponse
04-07 23:17:28.445  2674  2674 I android.hardware.wifi@1.0-service: getDebugTxPacketFates
04-07 23:17:28.445  2674  2674 D WifiHAL : Start get packet fate command
04-07 23:17:28.445  2674  2674 D WifiHAL : createRequest Get Tx packet fate request
04-07 23:17:28.445  2674  2674 D WifiHAL : In GetPktFateCommand::handleResponse
04-07 23:17:28.446  2674  2674 I WifiHAL : Id = 0, subcmd = 0, len = 12
04-07 23:17:28.446  2674  2674 I WifiHAL : Response recieved for get TX pkt fate command
04-07 23:17:28.446  2674  2674 I WifiHAL : No: of pkt fates provided is 0
04-07 23:17:28.446  2674  2674 I android.hardware.wifi@1.0-service: getDebugRxPacketFates
04-07 23:17:28.446  2674  2674 D WifiHAL : Start get packet fate command
04-07 23:17:28.446  2674  2674 D WifiHAL : createRequest Get Rx packet fate request
04-07 23:17:28.446  2674  2674 D WifiHAL : In GetPktFateCommand::handleResponse
04-07 23:17:28.446  2674  2674 I WifiHAL : Id = 0, subcmd = 0, len = 12
04-07 23:17:28.446  2674  2674 I WifiHAL : Response recieved for get RX pkt fate command
04-07 23:17:28.446  2674  2674 I WifiHAL : No: of pkt fates provided is 0
04-07 23:17:28.482  3151  3322 D WifiScanningService: failed to authorize app: java.lang.SecurityException: LocationHardware: uid 2000 does not have android.permission.LOCATION_HARDWARE.
04-07 23:17:28.486  3543  3543 I wpa_supplicant: doZeroArgDriverCommand before checking
04-07 23:17:28.486  3543  3543 E wpa_supplicant: Failed to handle DEBUG_DUMP command
04-07 23:17:28.487  3151  4642 E SupplicantStaIfaceHal: ISupplicantStaIface.setExtendedCommand failed: FAILURE_UNKNOWN, 
04-07 23:17:28.487  3151  4642 D WifiNative-wlan0: saveFwDump:false
04-07 23:17:28.487  3151  4642 I WifiStateMachine: mFwLogTimer timer cancled
04-07 23:17:28.522  3151  4642 I WifiApCust: --WifiApCust dump()
04-07 23:17:28.524  3151  4642 E SemHostapdApIfaceHal: Can't call getAccessPointStaList: IHostapdApIface is null
04-07 23:17:28.525  3151  4642 I WifiApCust: addMHSClientHistoryLog:[0]
04-07 23:17:28.526  3151  4642 D WifiControlHistoryProvider: query
04-07 23:17:28.578 30022 30022 E adbd    : recv: OPEN 00128c38 00000000 0046:73 68 65 6C 6C 2C 76 32 2C 54 45 52 4D 3D 78 74 65 72 6D 2D 32 35 36 63 6F 6C 6F 72 3A 73 65 74 74 69 6E 67 73 20 70 75 74 20 73 79 73 74 65 6D 20 73 63 72 65 65 6E 5F 62 72 69 67 68 74 6E 65 73 73 20 37 30 00 
04-07 23:17:28.578 30022 30022 E adbd    : service_to_fd: shell,v2,TERM=xterm-256color:settings put system screen_brightness 70
04-07 23:17:28.640  3151  4642 D SecContentProvider: query(), uri = 17 selection = isSettingsChangesAllowed
04-07 23:17:28.641  3151  4642 D SecContentProvider: called from android.uid.shell:2000
04-07 23:17:28.641  3151  4642 D RestrictionPolicy: isSettingsChangesAllowedAsUser, userId 0 : true
04-07 23:17:28.671 30022 30022 E adbd    : recv: OPEN 00128c3c 00000000 0036:73 68 65 6C 6C 2C 76 32 2C 54 45 52 4D 3D 78 74 65 72 6D 2D 32 35 36 63 6F 6C 6F 72 3A 67 65 74 70 72 6F 70 20 72 6F 2E 70 72 6F 64 75 63 74 2E 6D 6F 64 65 6C 00 
04-07 23:17:28.672 30022 30022 E adbd    : service_to_fd: shell,v2,TERM=xterm-256color:getprop ro.product.model
04-07 23:17:28.736 30022 30022 E adbd    : recv: OPEN 00128c40 00000000 003e:73 68 65 6C 6C 2C 76 32 2C 54 45 52 4D 3D 78 74 65 72 6D 2D 32 35 36 63 6F 6C 6F 72 3A 67 65 74 70 72 6F 70 20 72 6F 2E 62 75 69 6C 64 2E 76 65 72 73 69 6F 6E 2E 72 65 6C 65 61 73 65 00 
04-07 23:17:28.736 30022 30022 E adbd    : service_to_fd: shell,v2,TERM=xterm-256color:getprop ro.build.version.release
04-07 23:17:28.803 30022 30022 E adbd    : recv: OPEN 00128c44 00000000 004f:73 68 65 6C 6C 2C 76 32 2C 54 45 52 4D 3D 78 74 65 72 6D 2D 32 35 36 63 6F 6C 6F 72 3A 73 65 74 74 69 6E 67 73 20 70 75 74 20 73 79 73 74 65 6D 20 73 63 72 65 65 6E 5F 6F 66 66 5F 74 69 6D 65 6F 75 74 20 32 31 34 37 34 38 33 36 34 37 00 
04-07 23:17:28.803 30022 30022 E adbd    : service_to_fd: shell,v2,TERM=xterm-256color:settings put system screen_off_timeout 2147483647
04-07 23:17:28.865  3151  4642 D SecContentProvider: query(), uri = 17 selection = isSettingsChangesAllowed
04-07 23:17:28.865  3151  4642 D SecContentProvider: called from android.uid.shell:2000
04-07 23:17:28.865  3151  4642 D RestrictionPolicy: isSettingsChangesAllowedAsUser, userId 0 : true
04-07 23:17:28.874  3151  3182 D PowerManagerService: [api] SettingsObserver: onChange: content://settings/system/screen_off_timeout
04-07 23:17:28.875  3151  3172 V WindowManager: rotationForOrientationLw(orient=5, last=0); user=0 USER_ROTATION_LOCKED sensorRotation=-1 mLidState=-1 mDockMode=0 mHdmiPlugged=false
04-07 23:17:28.876  3151  3182 D PowerManagerService: [api] [PSM] updateSettingsLocked : lowPowerModeEnabled: false lowBatteryTriggerLevel: 0 mUltraPowerSavingModeEnabled: false mEmergencyModeEnabled: false mAutoBrightnessScaleFactorFromSettings: -1
04-07 23:17:28.876  3151  3182 D PowerManagerService: [api] [BRIGHTNESS] updateSettingsLocked : mScreenBrightnessModeSetting: MANUAL mScreenBrightnessSetting: 70 mScreenAutoBrightnessAdjustmentSetting: -0.464 mOutdoorModeSetting : false
04-07 23:17:28.877  3151  3182 D PowerManagerService: [api] updateSettingsLocked : mDreamsEnabledSetting: false mDreamsActivateOnSleepSetting: false mDreamsActivateOnDockSetting: true mScreenOffTimeoutSetting: 2147483647 mStayOnWhilePluggedInSetting: 0 mSmartStayEnabledSetting: false mTouchKeyOffTimeoutSetting: 6000 mKeyboardOffTimeoutSetting: 2000
04-07 23:17:28.877  3151  3182 D PowerManagerService: [s] getScreenOffTimeoutLocked: 600000 -> 2147483647
04-07 23:17:28.880  3151  3162 I zygote  : Background concurrent copying GC freed 393882(20MB) AllocSpace objects, 45(12MB) LOS objects, 37% free, 39MB/63MB, paused 563us total 385.038ms
04-07 23:17:28.901 30022 30022 E adbd    : recv: OPEN 00128c48 00000000 0036:73 68 65 6C 6C 2C 76 32 2C 54 45 52 4D 3D 78 74 65 72 6D 2D 32 35 36 63 6F 6C 6F 72 3A 67 65 74 70 72 6F 70 20 72 6F 2E 70 72 6F 64 75 63 74 2E 6D 6F 64 65 6C 00 
04-07 23:17:28.901 30022 30022 E adbd    : service_to_fd: shell,v2,TERM=xterm-256color:getprop ro.product.model
04-07 23:17:28.971 30022 30022 E adbd    : recv: OPEN 00128c4c 00000000 0039:73 68 65 6C 6C 2C 76 32 2C 54 45 52 4D 3D 78 74 65 72 6D 2D 32 35 36 63 6F 6C 6F 72 3A 69 6E 70 75 74 20 6B 65 79 65 76 65 6E 74 20 4B 45 59 43 4F 44 45 5F 48 4F 4D 45 00 
04-07 23:17:28.971 30022 30022 E adbd    : service_to_fd: shell,v2,TERM=xterm-256color:input keyevent KEYCODE_HOME
04-07 23:17:29.236  4149  4149 D io_stats: !@ 179,0 r 3714174 112619361 w 1618887 56055008 d 280390 41764060 f 343961 343677 iot 3683940 3594657 th 51200 0 0 pt 0 inp 0 0 512756.297
04-07 23:17:29.714 32640 32640 W ADebug  : Failed to get property persist.sys.media.traces
04-07 23:17:29.718 32640 32640 E appproc : Enhanced Zygote ASLR: ro.knox.enhance.zygote.aslr != 1. Enhanced Zygote ASLR is DISABLED!
04-07 23:17:29.718 32640 32640 D AndroidRuntime: >>>>>> START com.android.internal.os.RuntimeInit uid 2000 <<<<<<
04-07 23:17:29.723 32640 32640 D SecNativeFeatureCppIf: encoded
04-07 23:17:29.723 32640 32640 D SecNativeFeatureCppIf: decoding and unzip finish
04-07 23:17:29.723 32640 32640 D SecNativeFeatureCppIf: use unCompDataBuff. encoded
04-07 23:17:29.725 32640 32640 D SecNativeFeatureCppIf: Free unCompDataBuff
04-07 23:17:29.726 32640 32640 D SecNativeFeatureCppIf: encoded
04-07 23:17:29.726 32640 32640 D SecNativeFeatureCppIf: decoding and unzip finish
04-07 23:17:29.726 32640 32640 D SecNativeFeatureCppIf: use unCompDataBuff. encoded
04-07 23:17:29.727 32640 32640 D SecNativeFeatureCppIf: Free unCompDataBuff
04-07 23:17:29.879 32640 32640 D ICU     : Timezone override file found: /data/misc/zoneinfo/current/icu/icu_tzdata.dat
04-07 23:17:29.901 32640 32640 I app_process: find the special shared library, skip check
04-07 23:17:29.946 32640 32640 D SemCscFeature: Encoded
04-07 23:17:29.957 32640 32640 I chatty  : uid=2000(shell) identical 1 line
04-07 23:17:29.962 32640 32640 D SemCscFeature: Encoded
04-07 23:17:29.974 32640 32640 E SemAffinityControl: SemAffinityControl: registerfunction enter
04-07 23:17:29.984 32640 32640 D AndroidRuntime: Calling main entry com.android.commands.input.Input
04-07 23:17:29.985 32640 32640 I Input   : injectKeyEvent: KeyEvent { action=ACTION_DOWN, keyCode=KEYCODE_HOME, scanCode=0, metaState=0, flags=0x0, repeatCount=0, eventTime=512757047, downTime=512757047, deviceId=-1, displayId=0, source=0x101 }
04-07 23:17:29.986  3151  4642 D InputDispatcher: Inject key (32640): action=0, eventTime=512757047000000
04-07 23:17:29.986  3151  4642 D InputManager-JNI: !@interceptKeyBeforeQueueing(0), action=0, interactive=true
04-07 23:17:29.989  3151  4642 D API test: getContainerInfo: value is 
04-07 23:17:29.989  3151  4642 D SamsungPhoneWindowManager: sec interceptKeyTq home s_result=1
04-07 23:17:29.989  3151  4642 D WindowManager: interceptKeyTq s_result=1
04-07 23:17:29.989  3151  4642 D InputManager-JNI: !@handleInterceptActions(0), action=0, wmActions=1
04-07 23:17:29.991  3151  3255 D API test: getContainerInfo: value is 
04-07 23:17:29.991  3151  3255 D RestrictionPolicy: isHomeKeyEnabled :true
04-07 23:17:29.994  3151  3255 D API test: getContainerInfo: value is 
04-07 23:17:29.995 32640 32640 I Input   : injectKeyEvent: KeyEvent { action=ACTION_UP, keyCode=KEYCODE_HOME, scanCode=0, metaState=0, flags=0x0, repeatCount=0, eventTime=512757047, downTime=512757047, deviceId=-1, displayId=0, source=0x101 }
04-07 23:17:29.995  3151  4642 D InputDispatcher: Inject key (32640): action=1, eventTime=512757047000000
04-07 23:17:29.995  3151  4642 D InputManager-JNI: !@interceptKeyBeforeQueueing(0), action=1, interactive=true
04-07 23:17:29.996  3151  4642 D API test: getContainerInfo: value is 
04-07 23:17:29.997  3151  4642 D SamsungPhoneWindowManager: sec interceptKeyTq home s_result=1
04-07 23:17:29.997  3151  4642 D WindowManager: interceptKeyTq s_result=1
04-07 23:17:29.997  3151  4642 D InputManager-JNI: !@handleInterceptActions(0), action=1, wmActions=1
04-07 23:17:29.998  3151  3255 D API test: getContainerInfo: value is 
04-07 23:17:29.998  3151  3255 D RestrictionPolicy: isHomeKeyEnabled :true
04-07 23:17:30.001  3151  3255 D API test: getContainerInfo: value is 
04-07 23:17:30.001  3151  3255 D VoIPInterfaceManager: isVoIPRinging()...
04-07 23:17:30.001  3151  3255 D VoIPInterfaceManager: isVoIPRunningAndDeregi()...
04-07 23:17:30.001  3151  3255 D VoIPInterfaceManager: Not exist call session
04-07 23:17:30.003  3151  3255 I MultiPhoneWindowManager: updateImeTargetFreeformTaskId: taskId=-1
04-07 23:17:30.004  3151  3255 D PowerManagerService: [api] [s] userActivity : event: 0 flags: 0 (uid: 1000 pid: 3151) eventTime = 512757065
04-07 23:17:30.004  3151  3255 D SamsungPhoneWindowManager: performHome
04-07 23:17:30.004  3151  3255 D CustomFrequencyManagerService: acquireDVFSLockLocked : type : DVFS_MIN_LIMIT  frequency : 962000  uid : 1000  pid : 3151  pkgName : HOME_BOOSTER@1
04-07 23:17:30.004  3151  3151 D InputMethodManagerService: isImeSwitcherDisabledPackage : false
04-07 23:17:30.007  3569  3925 D vol.VolumeDialogControl: onReceive ACTION_CLOSE_SYSTEM_DIALOGS
04-07 23:17:30.008  3569  3920 D LocationControllerImpl: onReceive() = android.intent.action.CLOSE_SYSTEM_DIALOGS
04-07 23:17:30.008  3569  3569 D Tile.AirplaneModeTile: onReceive: android.intent.action.CLOSE_SYSTEM_DIALOGS mSimCount 0
04-07 23:17:30.008  3569  3569 D vol.SecVolumeDialogImpl: dismissH reason: 2
04-07 23:17:30.008  3569  3569 D PopupUI : PopupUIReceiver.onReceive() action : android.intent.action.CLOSE_SYSTEM_DIALOGS
04-07 23:17:30.009  3569  3569 D PopupUI.PopupUINotifications: dismissAlertDialogs()
04-07 23:17:30.009  3569  3569 D BrightnessMirror: hideMirror cancelled since it's not visible
04-07 23:17:30.014  3151  3255 I ActivityManager: START u0 {act=android.intent.action.MAIN typ=null flg=0x10200000 cmp=ComponentInfo{com.sec.android.app.launcher/com.sec.android.app.launcher.activities.LauncherActivity}} from uid 1000
04-07 23:17:30.016  4445  4445 V Launcher: Launcher.onPause()
04-07 23:17:30.016  4445  4445 D Launcher: setHotWordDetection : call requestHotWordDetection false
04-07 23:17:30.019 26774 26864 I WorkerManager: Releasing worker: [sharedmicrodetection]/[17]/[com.google.android.apps.gsa.staticplugins.microdetection.aj]
04-07 23:17:30.019 26774 26864 I WorkerManager: Releasing worker: [sharedmicrodetection]/[17]/[com.google.android.apps.gsa.staticplugins.microdetection.aj]
04-07 23:17:30.019  3151  3255 I MultiPhoneWindowManager: minimizeAllFreeformTasks
04-07 23:17:30.019 26774 26864 I WorkerManager: Releasing worker: [sharebear]/[124]/[com.google.android.apps.gsa.staticplugins.sharebear.r]
04-07 23:17:30.020  3151  3255 I FreeformStackController: minimizeAllTasksInFreeform is calling
04-07 23:17:30.020 26774 26864 I WorkerManager: Releasing worker: [sharebear]/[124]/[com.google.android.apps.gsa.staticplugins.sharebear.r]
04-07 23:17:30.021 32640 32640 D AndroidRuntime: Shutting down VM
04-07 23:17:30.022  4445  4445 D Launcher: onNewIntent
04-07 23:17:30.022  4445  4445 D InputMethodManager: HSIFW - flag : 0 Pid : 4445
04-07 23:17:30.022  3151 15260 V InputMethodManagerService: Client requesting input be hidden, flags : 0
04-07 23:17:30.022  3151 15260 V InputMethodManagerService: hideCurrentInputLocked : shouldHideSoftInput is false
04-07 23:17:30.023  4445  4445 V Launcher: Launcher.onResume()
04-07 23:17:30.025 26774 26864 I WorkerManager: Releasing worker: [sharebear]/[124]/[com.google.android.apps.gsa.staticplugins.sharebear.r]
04-07 23:17:30.025 26774 26864 I WorkerManager: Releasing worker: [sharebear]/[124]/[com.google.android.apps.gsa.staticplugins.sharebear.r]
04-07 23:17:30.030 26774 26864 I MicroDetectionState: Should stop hotword detection immediately - false
04-07 23:17:30.031  4445  4445 D ExternalMethodQueue: Getting and clearing EXTERNAL_METHOD_LIST: null
04-07 23:17:30.031  4445  4445 D Launcher: setHotWordDetection : call requestHotWordDetection true
04-07 23:17:30.031  4445  4445 D Launcher.HomeController: onResume HomeContainer current alpha = 1.0
04-07 23:17:30.031 26774 26864 I MicroDetector: Keeping mic open: false
04-07 23:17:30.031  4445  4445 D AppsCustomAdapter: notifyUpdate : com.android.launcher3.Launcher@f606a1b
04-07 23:17:30.031 26774 26864 I MicroDetector: #shutdownAudioWithAudioLibrary
04-07 23:17:30.031  4445  4445 D AppsDragController: needDeferToBind : true , false
04-07 23:17:30.032 26774 26870 I MicroRecognitionRunner: Stopping hotword detection.
04-07 23:17:30.034  4445  4445 D PagedView: Snap To Next Page [0]
04-07 23:17:30.034  3151  5236 D Notification: allPendingIntents
04-07 23:17:30.034  4445  4445 D AppsAdapter: notifyUpdate start : com.android.launcher3.Launcher@f606a1b
04-07 23:17:30.035  4445  4445 D AppsCustomAdapter: no change items
04-07 23:17:30.035  4445  4445 D AppsAdapter: notifyUpdate end : com.android.launcher3.Launcher@f606a1b
04-07 23:17:30.038 26774 30144 E DeviceStateChecker: DeviceStateChecker cancelled
04-07 23:17:30.041 26774 32146 I MicroRecognitionRunner: Detection finished
04-07 23:17:30.043 26774 26864 I WorkerManager: Releasing worker: [searchwidget]/[59]/[com.google.android.apps.gsa.staticplugins.searchwidget.av]
04-07 23:17:30.043 26774 26864 I WorkerManager: Releasing worker: [searchwidget]/[59]/[com.google.android.apps.gsa.staticplugins.searchwidget.av]
04-07 23:17:30.050 26774 26864 I WorkerManager: Releasing worker: [searchplate]/[26]/[com.google.android.apps.gsa.staticplugins.du.c]
04-07 23:17:30.051  2661 19215 I audio_hw_primary: do_in_standby : in->standby 0
04-07 23:17:30.051 26774 26864 I WorkerManager: Releasing worker: [searchplate]/[26]/[com.google.android.apps.gsa.staticplugins.du.c]
04-07 23:17:30.052  3151  5236 D Notification: allPendingIntents
04-07 23:17:30.053  2661 19215 V audio_hw_primary: select_devices output_scenario:-1 input_scenario:-1 out_snd_device 0x0 in_snd_device:0x0
04-07 23:17:30.053  2661 19215 D audio_hw_spk_amp: check_speaker_amp_off: turning_off_speaker_amp = true 
04-07 23:17:30.053  2661 19215 I audio_hw_primary: skip turning off nxp amp due to google hotword.
04-07 23:17:30.053  2661 19215 I audio_route: > audio_route_reset :
04-07 23:17:30.053  2661 19215 D audio_hw_spk_amp: check_speaker_amp_off: turning_off_speaker_amp = true 
04-07 23:17:30.053  2661 19215 D tfa98xxApp: [NXP] tfa_enable: turning tfa off
04-07 23:17:30.053  3151  5236 D Notification: allPendingIntents
04-07 23:17:30.053  2661 19215 D tfa98xxApp: [NXP] tfa_enable: Tfa is already turned off
04-07 23:17:30.053 26774 26864 I WorkerManager: Releasing worker: [searchplate]/[26]/[com.google.android.apps.gsa.staticplugins.du.c]
04-07 23:17:30.053 26774 26864 I WorkerManager: Releasing worker: [searchplate]/[26]/[com.google.android.apps.gsa.staticplugins.du.c]
04-07 23:17:30.053  3151  5236 D Notification: allPendingIntents
04-07 23:17:30.054  2661 19215 D tfa_usrdrv: [NXP] tfa_show_status: device = 0, status reg = 0x001c
04-07 23:17:30.054  2661 19215 D tfa98xxApp: [NXP] tfa_enable: end
04-07 23:17:30.054  2661 19215 I audio_route: > audio_route_update_mixer : +
04-07 23:17:30.055  2661 19215 I audio_route: > audio_route_update_mixer : changed(8) -
04-07 23:17:30.055  2661 19215 I audio_hw_primary: select_devices - 
04-07 23:17:30.055  4445  4499 D Notification.Badge: [filtered] shouldBeFilteredOut().mTempRanking.canShowBadge[false], [sbn : StatusBarNotification(pkg=android user=UserHandle{-1} id=3012971 tag=null key=-1|android|3012971|null|1000: Notification(channel=NETWORK_CONNECTIONS pri=-2 contentView=null vibrate=null sound=null tick defaults=0x0 flags=0x10 color=0x00000000 number=0 vis=PRIVATE semFlags=0x0 semPriority=0 semMissedCount=0))]
04-07 23:17:30.055  4445  4499 D Notification.Badge: LauncherModel:onNotificationFullRefresh() : [3], IconType : [0]
04-07 23:17:30.055  4445  4499 D Notification.Badge: notificationKey : 0|com.google.android.googlequicksearchbox|-1873494995|n|10077, count : 0, this.count : 1
04-07 23:17:30.055  4445  4499 D Notification.Badge: notificationKey : 0|com.google.android.googlequicksearchbox|-1873494995|n|10077, count : 1, mTotalCount : 1
04-07 23:17:30.055  4445  4499 D Notification.Badge: notificationKey : 0|com.google.android.googlequicksearchbox|359661727|n|10077, count : 0, this.count : 1
04-07 23:17:30.056  4445  4499 D Notification.Badge: notificationKey : 0|com.google.android.googlequicksearchbox|359661727|n|10077, count : 1, mTotalCount : 2
04-07 23:17:30.056  4445  4499 D Notification.Badge: notificationKey : 0|com.android.systemui|273|null|10009, count : 0, this.count : 1
04-07 23:17:30.056  4445  4499 D Notification.Badge: notificationKey : 0|com.android.systemui|273|null|10009, count : 1, mTotalCount : 1
04-07 23:17:30.056  4445  4499 D Notification.Badge: LauncherModel:onNotificationFullRefresh() not need to update, updatedBadges.remove[com.google.android.googlequicksearchbox], count : [2]
04-07 23:17:30.056  4445  4499 D Notification.Badge: LauncherModel:onNotificationFullRefresh() not need to update, updatedBadges.remove[com.android.systemui], count : [1]
04-07 23:17:30.056  2782  5035 I APM_AudioPolicyManager: stopInput() input 5782
04-07 23:17:30.058  2661  2911 D audio_hw_primary: in_set_parameters: enter: kvpairs: routing=0
04-07 23:17:30.058  2661  2911 V audio_hw_primary: in_set_parameters: exit: status(0)
04-07 23:17:30.059  2668  6675 I display : [PrimaryDisplay] [DYNAMIC_RECOMP] first frame after HWC_2_GLES
04-07 23:17:30.059  2668  6675 I display : [PrimaryDisplay] [DYNAMIC_RECOMP] GLES_2_HWC by high FPS(5)
04-07 23:17:30.059 26774 32139 I PBSessionCacheImpl: Deleted sessionId[117754883582109775] from persistence.
04-07 23:17:30.061  2782  5035 V APM_AudioPolicyManager: resetInputDevice() releaseAudioPatch returned 0
04-07 23:17:30.062  2782  3197 V APM_AudioPolicyManager: listAudioPorts() role 0 type 0 num_ports 0 ports 0xe8e995e8
04-07 23:17:30.062  2782  3197 V APM_AudioPolicyManager: listAudioPorts() got 0 ports needed 10
04-07 23:17:30.062  2782  6294 V APM_AudioPolicyManager: listAudioPorts() role 0 type 0 num_ports 10 ports 0xe6411000
04-07 23:17:30.062  2782  6294 V APM_AudioPolicyManager: listAudioPorts() got 10 ports needed 10
04-07 23:17:30.063 26774 26864 I WorkerManager: Releasing worker: [searchboxroot]/[24]/[com.google.android.apps.gsa.staticplugins.searchboxroot.v]
04-07 23:17:30.063 26774 26864 I chatty  : uid=10077(u0_a77) EventBus0 identical 2 lines
04-07 23:17:30.063 26774 26864 I WorkerManager: Releasing worker: [searchboxroot]/[24]/[com.google.android.apps.gsa.staticplugins.searchboxroot.v]
04-07 23:17:30.064  2782  5035 V APM_AudioPolicyManager: releaseInput() 5782
04-07 23:17:30.064  2782  5035 V APM_AudioPolicyManager: closeInput(5782)
04-07 23:17:30.065 26774 26864 I WorkerManager: Releasing worker: [actions]/[1]/[com.google.android.apps.gsa.staticplugins.actions.p]
04-07 23:17:30.066 26774 26864 I chatty  : uid=10077(u0_a77) EventBus0 identical 2 lines
04-07 23:17:30.066 26774 26864 I WorkerManager: Releasing worker: [actions]/[1]/[com.google.android.apps.gsa.staticplugins.actions.p]
04-07 23:17:30.068  2782  5035 D MultiRecordManager: closeInputStream() moduleHandle:10, modulename:primary, stream_in:0xe8eb4848, source:6, dev:0xe8eb23b0
04-07 23:17:30.068  2782  5035 I MultiRecordManager: closeInputStream() skipMultiRecord
04-07 23:17:30.068  2661  2911 V audio_hw_primary: stop_voice_note_recording
04-07 23:17:30.068  2661  2911 E audio_hw_primary: adev_close_input_stream, set jack_in to null
04-07 23:17:30.069 26774 26864 I WorkerManager: Releasing worker: [searchboxroot]/[24]/[com.google.android.apps.gsa.staticplugins.searchboxroot.v]
04-07 23:17:30.069 26774 26864 I WorkerManager: Releasing worker: [searchboxroot]/[24]/[com.google.android.apps.gsa.staticplugins.searchboxroot.v]
04-07 23:17:30.069  2782  5035 V APM_AudioPolicyManager: releaseInput() exit
04-07 23:17:30.069 26774 26864 I WorkerManager: Releasing worker: [searchboxroot]/[24]/[com.google.android.apps.gsa.staticplugins.searchboxroot.v]
04-07 23:17:30.069  2782 10720 V APM_AudioPolicyManager: listAudioPorts() role 0 type 0 num_ports 0 ports 0xe8e99798
04-07 23:17:30.069  2782 10720 V APM_AudioPolicyManager: listAudioPorts() got 0 ports needed 9
04-07 23:17:30.069 26774 26864 I WorkerManager: Releasing worker: [searchboxroot]/[24]/[com.google.android.apps.gsa.staticplugins.searchboxroot.v]
04-07 23:17:30.069  2782  5035 V APM_AudioPolicyManager: listAudioPorts() role 0 type 0 num_ports 9 ports 0xe78d4000
04-07 23:17:30.070  2782  5035 V APM_AudioPolicyManager: listAudioPorts() got 9 ports needed 9
04-07 23:17:30.070 26774 26864 I WorkerManager: Releasing worker: [actions]/[1]/[com.google.android.apps.gsa.staticplugins.actions.p]
04-07 23:17:30.070 26774 26864 I WorkerManager: Releasing worker: [actions]/[1]/[com.google.android.apps.gsa.staticplugins.actions.p]
04-07 23:17:30.071 26774 26864 I WorkerManager: Releasing worker: [legacyui]/[63]/[com.google.android.apps.gsa.staticplugins.by.a]
04-07 23:17:30.071 26774 26864 I WorkerManager: Releasing worker: [legacyui]/[63]/[com.google.android.apps.gsa.staticplugins.by.a]
04-07 23:17:30.072 26774 26864 I WorkerManager: Releasing worker: [searchplate]/[26]/[com.google.android.apps.gsa.staticplugins.du.c]
04-07 23:17:30.072 26774 26864 I chatty  : uid=10077(u0_a77) EventBus0 identical 2 lines
04-07 23:17:30.072 26774 26864 I WorkerManager: Releasing worker: [searchplate]/[26]/[com.google.android.apps.gsa.staticplugins.du.c]
04-07 23:17:30.073 26774 26864 I WorkerManager: Releasing worker: [conversation]/[44]/[com.google.android.apps.gsa.staticplugins.ah.a]
04-07 23:17:30.073 26774 26864 I WorkerManager: Releasing worker: [conversation]/[44]/[com.google.android.apps.gsa.staticplugins.ah.a]
04-07 23:17:30.073 26774 26864 I WorkerManager: Releasing worker: [message]/[68]/[com.google.android.apps.gsa.staticplugins.messages.n]
04-07 23:17:30.073 26774 26864 I WorkerManager: Releasing worker: [message]/[68]/[com.google.android.apps.gsa.staticplugins.messages.n]
04-07 23:17:30.074 26774 26864 I WorkerManager: Releasing worker: [context]/[50]/[com.google.android.apps.gsa.staticplugins.ag.i]
04-07 23:17:30.074 26774 26864 I WorkerManager: Releasing worker: [context]/[50]/[com.google.android.apps.gsa.staticplugins.ag.i]
04-07 23:17:30.075 26774 26864 W ThreadPoolDumper: Queue length for executor EventBus is now 11. Perhaps some tasks are too long, or the pool is too small.
04-07 23:17:30.076 26774 26864 I WorkerManager: Releasing worker: [actionvelogging]/[2]/[com.google.android.apps.gsa.staticplugins.a.d]
04-07 23:17:30.076 26774 26864 I WorkerManager: Releasing worker: [actionvelogging]/[2]/[com.google.android.apps.gsa.staticplugins.a.d]
04-07 23:17:30.077 26774 26864 I WorkerManager: Releasing worker: [sharedmicrodetection]/[17]/[com.google.android.apps.gsa.staticplugins.microdetection.aj]
04-07 23:17:30.077 26774 26864 I WorkerManager: Releasing worker: [sharedmicrodetection]/[17]/[com.google.android.apps.gsa.staticplugins.microdetection.aj]
04-07 23:17:30.078 26774 26864 I WorkerManager: Releasing worker: [audio]/[4]/[com.google.android.apps.gsa.staticplugins.m.n]
04-07 23:17:30.078 26774 26864 I chatty  : uid=10077(u0_a77) EventBus0 identical 2 lines
04-07 23:17:30.079 26774 26864 I WorkerManager: Releasing worker: [audio]/[4]/[com.google.android.apps.gsa.staticplugins.m.n]
04-07 23:17:30.079 26774 26864 I WorkerManager: Releasing worker: [progress]/[379]/[com.google.android.apps.gsa.staticplugins.db.a]
04-07 23:17:30.080 26774 26864 I WorkerManager: Releasing worker: [progress]/[379]/[com.google.android.apps.gsa.staticplugins.db.a]
04-07 23:17:30.080 26774 26864 I WorkerManager: Releasing worker: [sharebear]/[124]/[com.google.android.apps.gsa.staticplugins.sharebear.r]
04-07 23:17:30.080 26774 26864 I WorkerManager: Releasing worker: [sharebear]/[124]/[com.google.android.apps.gsa.staticplugins.sharebear.r]
04-07 23:17:30.081 26774 26864 I WorkerManager: Releasing worker: [logo_header]/[71]/[com.google.android.apps.gsa.staticplugins.ca.a]
04-07 23:17:30.081 26774 26864 I WorkerManager: Releasing worker: [logo_header]/[71]/[com.google.android.apps.gsa.staticplugins.ca.a]
04-07 23:17:30.083 26774 26864 I WorkerManager: Releasing worker: [sharebear]/[124]/[com.google.android.apps.gsa.staticplugins.sharebear.r]
04-07 23:17:30.083 26774 26864 I WorkerManager: Releasing worker: [sharebear]/[124]/[com.google.android.apps.gsa.staticplugins.sharebear.r]
04-07 23:17:30.084 26774 26864 I WorkerManager: Releasing worker: [searchboxroot]/[24]/[com.google.android.apps.gsa.staticplugins.searchboxroot.v]
04-07 23:17:30.084 26774 26864 I WorkerManager: Releasing worker: [searchboxroot]/[24]/[com.google.android.apps.gsa.staticplugins.searchboxroot.v]
04-07 23:17:30.085 26774 26864 I WorkerManager: Releasing worker: [actions]/[1]/[com.google.android.apps.gsa.staticplugins.actions.p]
04-07 23:17:30.085 26774 26864 I chatty  : uid=10077(u0_a77) EventBus0 identical 2 lines
04-07 23:17:30.085 26774 26864 I WorkerManager: Releasing worker: [actions]/[1]/[com.google.android.apps.gsa.staticplugins.actions.p]
04-07 23:17:30.089 26774 26864 W SearchServiceCore: Abort, client detached.
04-07 23:17:30.090 26774 26864 W SessionLifecycleManager: Handover failed. Creating new session controller.
04-07 23:17:30.096 26774 26864 E PBSessionCacheImpl: sessionId[117754883582109775] not persisted.
04-07 23:17:30.099 26774 26864 I WorkerManager: Releasing worker: [service]/[27]/[com.google.android.apps.gsa.search.core.service.bx]
04-07 23:17:30.099 26774 26864 I WorkerManager: Releasing worker: [service]/[27]/[com.google.android.apps.gsa.search.core.service.bx]
04-07 23:17:30.099 26774 32139 I PBSessionCacheImpl: Deleted sessionId[117754883582109775] from persistence.
04-07 23:17:30.100 26774 26864 I WorkerManager: Releasing worker: [searchboxroot]/[24]/[com.google.android.apps.gsa.staticplugins.searchboxroot.v]
04-07 23:17:30.100 26774 26864 I chatty  : uid=10077(u0_a77) EventBus0 identical 2 lines
04-07 23:17:30.100 26774 26864 I WorkerManager: Releasing worker: [searchboxroot]/[24]/[com.google.android.apps.gsa.staticplugins.searchboxroot.v]
04-07 23:17:30.101 26774 26864 I WorkerManager: Releasing worker: [actions]/[1]/[com.google.android.apps.gsa.staticplugins.actions.p]
04-07 23:17:30.101 26774 26864 I chatty  : uid=10077(u0_a77) EventBus0 identical 2 lines
04-07 23:17:30.101 26774 26864 I WorkerManager: Releasing worker: [actions]/[1]/[com.google.android.apps.gsa.staticplugins.actions.p]
04-07 23:17:30.103 26774 26864 I WorkerManager: Releasing worker: [searchboxroot]/[24]/[com.google.android.apps.gsa.staticplugins.searchboxroot.v]
04-07 23:17:30.103 26774 26864 I chatty  : uid=10077(u0_a77) EventBus0 identical 2 lines
04-07 23:17:30.103 26774 26864 I WorkerManager: Releasing worker: [searchboxroot]/[24]/[com.google.android.apps.gsa.staticplugins.searchboxroot.v]
04-07 23:17:30.104 26774 26864 I WorkerManager: Releasing worker: [actions]/[1]/[com.google.android.apps.gsa.staticplugins.actions.p]
04-07 23:17:30.105 26774 26864 I chatty  : uid=10077(u0_a77) EventBus0 identical 4 lines
04-07 23:17:30.105 26774 26864 I WorkerManager: Releasing worker: [actions]/[1]/[com.google.android.apps.gsa.staticplugins.actions.p]
04-07 23:17:30.106 30022 30022 E adbd    : recv: OPEN 00128c50 00000000 003f:73 68 65 6C 6C 2C 76 32 2C 54 45 52 4D 3D 78 74 65 72 6D 2D 32 35 36 63 6F 6C 6F 72 3A 69 6E 70 75 74 20 6B 65 79 65 76 65 6E 74 20 4B 45 59 43 4F 44 45 5F 41 50 50 5F 53 57 49 54 43 48 00 
04-07 23:17:30.106 30022 30022 E adbd    : service_to_fd: shell,v2,TERM=xterm-256color:input keyevent KEYCODE_APP_SWITCH
04-07 23:17:30.106  3151  3151 D CustomFrequencyManagerService: releaseDVFSLockLocked : Getting Lock type frm List : DVFS_MIN_LIMIT  frequency : 962000  uid : 1000  pid : 3151  tag : HOME_BOOSTER@1
04-07 23:17:30.107  3151  4642 D ConnectivityService: filterNetworkStateForUid() uid: 10077 networkInfo: [type: WIFI[] - WIFI, state: CONNECTED/CONNECTED, reason: (unspecified), extra: "BatteryLab", failover: false, available: true, roaming: false, metered: false]
04-07 23:17:30.116 26774 26864 I WorkerManager: Releasing worker: [legacyui]/[63]/[com.google.android.apps.gsa.staticplugins.by.a]
04-07 23:17:30.116 26774 26864 I WorkerManager: Releasing worker: [legacyui]/[63]/[com.google.android.apps.gsa.staticplugins.by.a]
04-07 23:17:30.117 26774 26864 I WorkerManager: Releasing worker: [searchplate]/[26]/[com.google.android.apps.gsa.staticplugins.du.c]
04-07 23:17:30.121 26774 26864 I chatty  : uid=10077(u0_a77) EventBus0 identical 8 lines
04-07 23:17:30.121 26774 26864 I WorkerManager: Releasing worker: [searchplate]/[26]/[com.google.android.apps.gsa.staticplugins.du.c]
04-07 23:17:30.121 26774 26864 I WorkerManager: Releasing worker: [conversation]/[44]/[com.google.android.apps.gsa.staticplugins.ah.a]
04-07 23:17:30.121 26774 26864 I WorkerManager: Releasing worker: [conversation]/[44]/[com.google.android.apps.gsa.staticplugins.ah.a]
04-07 23:17:30.122 26774 26864 I WorkerManager: Releasing worker: [message]/[68]/[com.google.android.apps.gsa.staticplugins.messages.n]
04-07 23:17:30.122 26774 26864 I WorkerManager: Releasing worker: [message]/[68]/[com.google.android.apps.gsa.staticplugins.messages.n]
04-07 23:17:30.123 26774 26864 I WorkerManager: Releasing worker: [context]/[50]/[com.google.android.apps.gsa.staticplugins.ag.i]
04-07 23:17:30.123 26774 26864 I WorkerManager: Releasing worker: [context]/[50]/[com.google.android.apps.gsa.staticplugins.ag.i]
04-07 23:17:30.124 26774 26864 I WorkerManager: Releasing worker: [actionvelogging]/[2]/[com.google.android.apps.gsa.staticplugins.a.d]
04-07 23:17:30.124 26774 26864 I WorkerManager: Releasing worker: [actionvelogging]/[2]/[com.google.android.apps.gsa.staticplugins.a.d]
04-07 23:17:30.124 26774 26864 I WorkerManager: Releasing worker: [sharedmicrodetection]/[17]/[com.google.android.apps.gsa.staticplugins.microdetection.aj]
04-07 23:17:30.124 26774 26864 I WorkerManager: Releasing worker: [sharedmicrodetection]/[17]/[com.google.android.apps.gsa.staticplugins.microdetection.aj]
04-07 23:17:30.126  3151  4642 I chatty  : uid=1000(system) Binder:3151_10 identical 2 lines
04-07 23:17:30.127  3151  4642 D ConnectivityService: filterNetworkStateForUid() uid: 10077 networkInfo: [type: WIFI[] - WIFI, state: CONNECTED/CONNECTED, reason: (unspecified), extra: "BatteryLab", failover: false, available: true, roaming: false, metered: false]
04-07 23:17:30.132 26774 26864 I WorkerManager: Releasing worker: [networkmonitor]/[39]/[com.google.android.apps.gsa.staticplugins.cl.i]
04-07 23:17:30.132 26774 26864 I WorkerManager: Releasing worker: [networkmonitor]/[39]/[com.google.android.apps.gsa.staticplugins.cl.i]
04-07 23:17:30.132 26774 26864 I WorkerManager: Releasing worker: [audio]/[4]/[com.google.android.apps.gsa.staticplugins.m.n]
04-07 23:17:30.132 26774 26864 I chatty  : uid=10077(u0_a77) EventBus0 identical 2 lines
04-07 23:17:30.133 26774 26864 I WorkerManager: Releasing worker: [audio]/[4]/[com.google.android.apps.gsa.staticplugins.m.n]
04-07 23:17:30.133 26774 26864 I WorkerManager: Releasing worker: [progress]/[379]/[com.google.android.apps.gsa.staticplugins.db.a]
04-07 23:17:30.133 26774 26864 I WorkerManager: Releasing worker: [progress]/[379]/[com.google.android.apps.gsa.staticplugins.db.a]
04-07 23:17:30.134 26774 26864 I WorkerManager: Releasing worker: [sharebear]/[124]/[com.google.android.apps.gsa.staticplugins.sharebear.r]
04-07 23:17:30.134 26774 26864 I WorkerManager: Releasing worker: [sharebear]/[124]/[com.google.android.apps.gsa.staticplugins.sharebear.r]
04-07 23:17:30.134 26774 26864 I WorkerManager: Releasing worker: [logo_header]/[71]/[com.google.android.apps.gsa.staticplugins.ca.a]
04-07 23:17:30.134 26774 26864 I WorkerManager: Releasing worker: [logo_header]/[71]/[com.google.android.apps.gsa.staticplugins.ca.a]
04-07 23:17:30.137 26774 26864 I WorkerManager: Releasing worker: [sharebear]/[124]/[com.google.android.apps.gsa.staticplugins.sharebear.r]
04-07 23:17:30.137 26774 26864 I WorkerManager: Releasing worker: [sharebear]/[124]/[com.google.android.apps.gsa.staticplugins.sharebear.r]
04-07 23:17:30.142 26774 26864 I WorkerManager: Releasing worker: [sharedmicrodetection]/[17]/[com.google.android.apps.gsa.staticplugins.microdetection.aj]
04-07 23:17:30.142 26774 26864 I WorkerManager: Releasing worker: [sharedmicrodetection]/[17]/[com.google.android.apps.gsa.staticplugins.microdetection.aj]
04-07 23:17:30.144 26774 26864 I WorkerManager: Releasing worker: [sharebear]/[124]/[com.google.android.apps.gsa.staticplugins.sharebear.r]
04-07 23:17:30.145 26774 26864 I chatty  : uid=10077(u0_a77) EventBus0 identical 2 lines
04-07 23:17:30.145 26774 26864 I WorkerManager: Releasing worker: [sharebear]/[124]/[com.google.android.apps.gsa.staticplugins.sharebear.r]
04-07 23:17:30.150 26774 26864 I MicroDetectionState: Should stop hotword detection immediately - false
04-07 23:17:30.151 26774 26864 I WorkerManager: Releasing worker: [transcription]/[30]/[com.google.android.apps.gsa.staticplugins.eu.g]
04-07 23:17:30.151 26774 26864 I WorkerManager: Releasing worker: [transcription]/[30]/[com.google.android.apps.gsa.staticplugins.eu.g]
04-07 23:17:30.153 26774 26864 I WorkerManager: Releasing worker: [searchwidget]/[59]/[com.google.android.apps.gsa.staticplugins.searchwidget.av]
04-07 23:17:30.153 26774 26864 I WorkerManager: Releasing worker: [searchwidget]/[59]/[com.google.android.apps.gsa.staticplugins.searchwidget.av]
04-07 23:17:30.156 26774 26864 I WorkerManager: Releasing worker: [searchplate]/[26]/[com.google.android.apps.gsa.staticplugins.du.c]
04-07 23:17:30.157 26774 26864 I chatty  : uid=10077(u0_a77) EventBus0 identical 2 lines
04-07 23:17:30.158 26774 26864 I WorkerManager: Releasing worker: [searchplate]/[26]/[com.google.android.apps.gsa.staticplugins.du.c]
04-07 23:17:30.163 26774 26864 I MicroDetectionWorker: #startMicroDetector [speakerMode: 0]
04-07 23:17:30.168  2782  5035 V APM_AudioPolicyManager: getInputForAttr() source 1999, samplingRate 16000, format 1, channelMask 10,session 7761, flags 0
04-07 23:17:30.169  3151  5236 I EDMNativeHelperService: isMicrophoneEnabled
04-07 23:17:30.170  3151  5236 D RestrictionPolicy: userId: 0, isMicrophoneEnabledAsUser : true
04-07 23:17:30.170  2782  5035 V APM::AudioPolicyEngine: getDeviceForInputSource()input source 1999, device 80000004
04-07 23:17:30.170  2782  5035 D MultiRecordManager: skipMultiRecord() isBypass 1, moduleName primary, source 6, flag 2
04-07 23:17:30.170  2782  5035 I MultiRecordManager: openInputStream() skipMultiRecord
04-07 23:17:30.170  2661  2911 W DeviceHAL: Device 0xe7c03000 open_input_stream: Invalid argument
04-07 23:17:30.170  2782  5035 D MultiRecordManager: skipMultiRecord() isBypass 1, moduleName primary, source 6, flag 2
04-07 23:17:30.170  2782  5035 I MultiRecordManager: openInputStream() skipMultiRecord
04-07 23:17:30.171  2661  2911 V audio_hw_primary: adev_open_input_stream: request sample_rate:16000
04-07 23:17:30.171  2661  2911 V audio_hw_primary: in->requested_rate:16000, pcm_config_in.rate:48000 in->config.channels=2
04-07 23:17:30.171  2661  2911 D audio_hw_primary: adev_open_input_stream: preprocessing_latency = 0
04-07 23:17:30.171  2661  2911 I audio_hw_primary: adev_open_input_stream: input is null, set new input stream
04-07 23:17:30.172 26774 26870 I MicroDataManager: isInitializing-false locale not changed-true model not changed-true
04-07 23:17:30.173 26774 26870 I MicroDataManager: Already initialized, obtaining the hotword data immediately.
04-07 23:17:30.174  2782  5035 V APM_AudioPolicyManager: getInputForAttr() returns input type = 0
04-07 23:17:30.174  2782 10720 V APM_AudioPolicyManager: listAudioPorts() role 0 type 0 num_ports 0 ports 0xe8e99798
04-07 23:17:30.174  2782 10720 V APM_AudioPolicyManager: listAudioPorts() got 0 ports needed 10
04-07 23:17:30.175  2782  6294 V APM_AudioPolicyManager: listAudioPorts() role 0 type 0 num_ports 10 ports 0xe6411000
04-07 23:17:30.176  2782  6294 V APM_AudioPolicyManager: listAudioPorts() got 10 ports needed 10
04-07 23:17:30.181  2782 10720 I APM_AudioPolicyManager: startInput() input 5790
04-07 23:17:30.181  2782 10720 V APM::AudioPolicyEngine: getDeviceForInputSource()input source 1999, device 80000004
04-07 23:17:30.182  3151  5236 D PermissionMonitor: we received permission notification for rUid: 10077, rPid: 26774from rModuleFlag: 2
04-07 23:17:30.182  3151  5236 I PermissionMonitor: Binder.getCallingUid(): 1041
04-07 23:17:30.183  3151  5236 I PermissionMonitor: packageName: com.google.android.googlequicksearchbox
04-07 23:17:30.183  3151  5236 D PermissionMonitor: Calling app is pre-installed on system partition. pkgName: com.google.android.googlequicksearchbox, UserId: 0
04-07 23:17:30.183  3151  5236 I PermissionMonitor: App is whitelisted. Ignore
04-07 23:17:30.186 26774 32146 I MicroRecognitionRunner: Starting detection.
04-07 23:17:30.186  2782 32654 I AudioFlinger: AudioFlinger's thread 0xe7503f00 tid=32654 ready to run
04-07 23:17:30.186 26774 32146 I InputStreamUtils: Using micInputStream
04-07 23:17:30.187  2661  2911 D audio_hw_primary: in_set_parameters: enter: kvpairs: input_source=6;routing=-2147483644
04-07 23:17:30.187  2661  2911 V audio_hw_primary: set_processing_type: input_source(6), processing_type(0)
04-07 23:17:30.187  2661  2911 I audio_hw_primary: do_in_standby : in->standby 1
04-07 23:17:30.187  2661  2911 V audio_hw_primary: in_set_parameters: exit: status(0)
04-07 23:17:30.188  2782 10720 V APM_AudioPolicyManager: setInputDevice() createAudioPatch returned 0 patchHandle 5788
04-07 23:17:30.189  2782 10720 V APM_AudioPolicyManager: AudioPolicyManager::startInput() input source = 1999
04-07 23:17:30.189  2782  3197 V APM_AudioPolicyManager: listAudioPorts() role 0 type 0 num_ports 0 ports 0xe8e995e8
04-07 23:17:30.189  2782  3197 V APM_AudioPolicyManager: listAudioPorts() got 0 ports needed 10
04-07 23:17:30.189  2782  5035 V APM_AudioPolicyManager: listAudioPorts() role 0 type 0 num_ports 10 ports 0xe8703000
04-07 23:17:30.189  2782  5035 V APM_AudioPolicyManager: listAudioPorts() got 10 ports needed 10
04-07 23:17:30.190  2661 32655 V audio_route: requested PCM dai for capture_link: 0
04-07 23:17:30.191  2661 32655 W audio_hw_primary: start_input_stream echoReference effect is not supported.
04-07 23:17:30.192 26774 26864 I MicroDetectionWorker: onReady
04-07 23:17:30.247  2661 32655 D audio_hw_primary: start_input_stream (0xe7b8bf80) in->config.rate:48000 in->config.format:0
04-07 23:17:30.248  2661 32655 D AudioInfo: can not find AudioDataPath for fileName:/miccalib.txt
04-07 23:17:30.248  2661 32655 I PreProcess_RA: [samsungrecordMIC]Use HardCoding Values
04-07 23:17:30.248  2661 32655 I PreProcess_RA: [samsungrecordMIC]Use HardCoding Values
04-07 23:17:30.248  2661 32655 V audio_hw_primary: select_devices output_scenario:-1 input_scenario:28 out_snd_device 0x0 in_snd_device:0xb
04-07 23:17:30.248  2661 32655 D audio_hw_spk_amp: check_speaker_amp_off: turning_off_speaker_amp = true 
04-07 23:17:30.248  2661 32655 I audio_hw_primary: skip turning off nxp amp due to google hotword.
04-07 23:17:30.248  2661 32655 I audio_route: > audio_route_reset :
04-07 23:17:30.248  2661 32655 D audio_hw_spk_amp: check_speaker_amp_off: turning_off_speaker_amp = true 
04-07 23:17:30.248  2661 32655 D tfa98xxApp: [NXP] tfa_enable: turning tfa off
04-07 23:17:30.248  2661 32655 D tfa98xxApp: [NXP] tfa_enable: Tfa is already turned off
04-07 23:17:30.249  2661 32655 D tfa_usrdrv: [NXP] tfa_show_status: device = 0, status reg = 0x001c
04-07 23:17:30.249  2661 32655 D tfa98xxApp: [NXP] tfa_enable: end
04-07 23:17:30.249  2661 32655 I audio_route: > audio_route_apply_path : "recognition-mic"
04-07 23:17:30.249  2661 32655 I audio_route: > audio_route_update_path : "recognition-mic" reverse(0)
04-07 23:17:30.249  2661 32655 V audio_hw_primary: select_devices() input_route "recognition-mic" 
04-07 23:17:30.249  2661 32655 I audio_route: > audio_route_apply_path : "gain-recognition-mic"
04-07 23:17:30.250  2661 32655 I audio_route: > audio_route_update_path : "gain-recognition-mic" reverse(0)
04-07 23:17:30.250  2661 32655 V audio_hw_primary: select_devices() input_gain "gain-recognition-mic" 
04-07 23:17:30.250  2661 32655 I audio_route: > audio_route_update_mixer : +
04-07 23:17:30.250  2661 32655 I audio_route: > audio_route_update_mixer : changed(0) -
04-07 23:17:30.250  2661 32655 I audio_hw_primary: select_devices - 
04-07 23:17:30.250  2661 32655 V audio_hw_primary: start_input_stream -
04-07 23:17:30.353  2674  2674 I android.hardware.wifi@1.0-service: getLinkLayerStats
04-07 23:17:30.811  4445  4445 D Launcher: setHotWordDetection : call requestHotWordDetection true
04-07 23:17:30.928 32650 32650 W ADebug  : Failed to get property persist.sys.media.traces
04-07 23:17:30.932 32650 32650 E appproc : Enhanced Zygote ASLR: ro.knox.enhance.zygote.aslr != 1. Enhanced Zygote ASLR is DISABLED!
04-07 23:17:30.932 32650 32650 D AndroidRuntime: >>>>>> START com.android.internal.os.RuntimeInit uid 2000 <<<<<<
04-07 23:17:30.937 32650 32650 D SecNativeFeatureCppIf: encoded
04-07 23:17:30.937 32650 32650 D SecNativeFeatureCppIf: decoding and unzip finish
04-07 23:17:30.937 32650 32650 D SecNativeFeatureCppIf: use unCompDataBuff. encoded
04-07 23:17:30.939 32650 32650 D SecNativeFeatureCppIf: Free unCompDataBuff
04-07 23:17:30.940 32650 32650 D SecNativeFeatureCppIf: encoded
04-07 23:17:30.940 32650 32650 D SecNativeFeatureCppIf: decoding and unzip finish
04-07 23:17:30.940 32650 32650 D SecNativeFeatureCppIf: use unCompDataBuff. encoded
04-07 23:17:30.941 32650 32650 D SecNativeFeatureCppIf: Free unCompDataBuff
04-07 23:17:31.049 26774 26864 I WorkerManager: Releasing worker: [searchwidget]/[59]/[com.google.android.apps.gsa.staticplugins.searchwidget.av]
04-07 23:17:31.049 26774 26867 I WorkerManager: Releasing worker: [searchwidget]/[59]/[com.google.android.apps.gsa.staticplugins.searchwidget.av]
04-07 23:17:31.104 32650 32650 D ICU     : Timezone override file found: /data/misc/zoneinfo/current/icu/icu_tzdata.dat
04-07 23:17:31.126 32650 32650 I app_process: find the special shared library, skip check
04-07 23:17:31.170 32650 32650 D SemCscFeature: Encoded
04-07 23:17:31.181 32650 32650 I chatty  : uid=2000(shell) identical 1 line
04-07 23:17:31.186 32650 32650 D SemCscFeature: Encoded
04-07 23:17:31.198 32650 32650 E SemAffinityControl: SemAffinityControl: registerfunction enter
04-07 23:17:31.208 32650 32650 D AndroidRuntime: Calling main entry com.android.commands.input.Input
04-07 23:17:31.209 32650 32650 I Input   : injectKeyEvent: KeyEvent { action=ACTION_DOWN, keyCode=KEYCODE_APP_SWITCH, scanCode=0, metaState=0, flags=0x0, repeatCount=0, eventTime=512758271, downTime=512758271, deviceId=-1, displayId=0, source=0x101 }
04-07 23:17:31.210  3151  4642 D InputDispatcher: Inject key (32650): action=0, eventTime=512758271000000
04-07 23:17:31.213  3151  4642 D API test: getContainerInfo: value is 
04-07 23:17:31.214  3151  4642 D WindowManager: interceptKeyTq s_result=1
04-07 23:17:31.217  3151  3255 D API test: getContainerInfo: value is 
04-07 23:17:31.219 32650 32650 I Input   : injectKeyEvent: KeyEvent { action=ACTION_UP, keyCode=KEYCODE_APP_SWITCH, scanCode=0, metaState=0, flags=0x0, repeatCount=0, eventTime=512758271, downTime=512758271, deviceId=-1, displayId=0, source=0x101 }
04-07 23:17:31.219  3151  4642 D InputDispatcher: Inject key (32650): action=1, eventTime=512758271000000
04-07 23:17:31.221  3151  4642 D API test: getContainerInfo: value is 
04-07 23:17:31.222  3151  4642 D WindowManager: interceptKeyTq s_result=1
04-07 23:17:31.222  3569  3569 D SystemServicesProxy: updateOverviewLastStackActiveTimeAsync: newTime=1586297802573
04-07 23:17:31.223  3151  5236 D SecContentProvider: query(), uri = 17 selection = isSettingsChangesAllowed
04-07 23:17:31.224  3151  5236 D SecContentProvider: called from android.uid.systemui:10009
04-07 23:17:31.224  3151  5236 D RestrictionPolicy: isSettingsChangesAllowedAsUser, userId 0 : true
04-07 23:17:31.224  3569  3771 D SystemServicesProxy: updateOverviewLastStackActiveTimeAsync: done.
04-07 23:17:31.225  3151  3255 D API test: getContainerInfo: value is 
04-07 23:17:31.226  3151  3255 D PowerManagerService: [api] [s] userActivity : event: 0 flags: 0 (uid: 1000 pid: 3151) eventTime = 512758287
04-07 23:17:31.227  3569  3569 D Recents : toggleRecentApps
04-07 23:17:31.227 32650 32650 D AndroidRuntime: Shutting down VM
04-07 23:17:31.230  3569  3569 D RecentsImpl: startRecentsActivity - hideMenuEvent
04-07 23:17:31.230  3569  3569 D SystemServicesProxy: sendCloseSystemWindows: reason=recentapps
04-07 23:17:31.242  3151  4642 I ActivityManager: START u0 {act=null typ=null flg=0x10804000 cmp=ComponentInfo{com.android.systemui/com.android.systemui.recents.RecentsActivity}} from uid 10009
04-07 23:17:31.243  3151  4642 D CustomFrequencyManagerService: acquireDVFSLockLocked : type : DVFS_MIN_LIMIT  frequency : 1274000  uid : 1000  pid : 3151  pkgName : AMS_ACT_START@CPU_MIN@9
04-07 23:17:31.243  3151  4642 D ActivityManagerPerformance: AMP_acquire() ACT_START
04-07 23:17:31.245  3151  3151 D MdnieScenarioControlService: Listener Real Multi Window State : true
04-07 23:17:31.245  3151  3151 D CS_HdrController: MultiWindowEventListener::onFocusStackChanged(5)
04-07 23:17:31.246  4445  4445 V Launcher: Launcher.onPause()
04-07 23:17:31.247  4445  4445 D Launcher: setHotWordDetection : call requestHotWordDetection false
04-07 23:17:31.249  3151  4642 D ActivityManager: isScaleDownAnimationEnabled() : false
04-07 23:17:31.249 26774 26864 I WorkerManager: Releasing worker: [sharedmicrodetection]/[17]/[com.google.android.apps.gsa.staticplugins.microdetection.aj]
04-07 23:17:31.249 26774 26864 I WorkerManager: Releasing worker: [sharedmicrodetection]/[17]/[com.google.android.apps.gsa.staticplugins.microdetection.aj]
04-07 23:17:31.250  3151  4642 D PersonaManagerService: Current focused persona service handled id set to : 0
04-07 23:17:31.250  3151  4642 D InputDispatcher: Focused application set to: xxxx
04-07 23:17:31.250 26774 26864 I WorkerManager: Releasing worker: [sharebear]/[124]/[com.google.android.apps.gsa.staticplugins.sharebear.r]
04-07 23:17:31.250 26774 26864 I WorkerManager: Releasing worker: [sharebear]/[124]/[com.google.android.apps.gsa.staticplugins.sharebear.r]
