04-07 23:17:41.909 26774 30972 W WearStatusSyncerImpl: 	at com.google.apps.tiktok.concurrent.f.run(Unknown Source:4)
04-07 23:17:41.909 26774 30972 W WearStatusSyncerImpl: 	at java.lang.Thread.run(Thread.java:764)
04-07 23:17:41.909 26774 30972 I WorkerManager: Releasing worker: [backgroundtask]/[508]/[com.google.android.apps.gsa.staticplugins.s.b.c]
04-07 23:17:41.911 26774 26864 W SearchServiceCore: Abort, client detached.
04-07 23:17:41.911 26774 26864 W SearchServiceCore: Abort, client detached.
04-07 23:17:41.913  3151 15260 D JobServiceContext: sendStopMessageLocked stop reason: cancel() called by app
04-07 23:17:41.928 26774 30139 I WorkerManager: Releasing worker: [backgroundtask]/[508]/[com.google.android.apps.gsa.staticplugins.s.b.c]
04-07 23:17:41.930 26774 26864 W SearchServiceCore: Abort, client detached.
04-07 23:17:41.931  3151 15260 D JobServiceContext: sendStopMessageLocked stop reason: cancel() called by app
04-07 23:17:42.032  3151  3151 D CustomFrequencyManagerService: releaseDVFSLockLocked : Getting Lock type frm List : DVFS_MIN_LIMIT  frequency : 1144000  uid : 1000  pid : 3151  tag : AMS_RESUME_TAIL@CPU_MIN@15
04-07 23:17:42.046  3151  6398 D SSRM:L  : SIOP:: AP = 250, PST = 250 (W:30), BAT = 208, USB = 0, CHG = 0, LRF = 271, LRB = 258
04-07 23:17:42.051  3151  6398 D SSRM:A  : Mercury PST: Front = 270, Back = 258 , TotalTxBytes = 0.0, MediaPlaying = 0.0, WifiTxBytes = 0.0, BATT_TEMP = 208.0, ChargingStatus = 0.0, MobileRxBytes = 0.0, TotalRxBytes = 0.0, WifiRxBytes = 0.0, MobileTxBytes = 0.0, MemoryUsage = 55.41004681096325, AP_TEMP = 250.0
04-07 23:17:42.060 30022 30022 E adbd    : recv: OPEN 00128c68 00000000 0035:73 68 65 6C 6C 3A 65 78 70 6F 72 74 20 41 4E 44 52 4F 49 44 5F 4C 4F 47 5F 54 41 47 53 3D 22 27 27 22 3B 20 65 78 65 63 20 6C 6F 67 63 61 74 20 27 2D 64 27 00 
04-07 23:17:42.060 30022 30022 E adbd    : service_to_fd: shell:export ANDROID_LOG_TAGS="''"; exec logcat '-d'
04-07 23:17:42.081 26774 26867 W ThreadPoolDumper: Queue length for executor User-Facing Blocking is now 6. Perhaps some tasks are too long, or the pool is too small.
04-07 23:17:42.084  3151 18357 D ConnectivityService: filterNetworkStateForUid() uid: 10077 networkInfo: [type: WIFI[] - WIFI, state: CONNECTED/CONNECTED, reason: (unspecified), extra: "BatteryLab", failover: false, available: true, roaming: false, metered: false]
04-07 23:17:42.091  3151 18357 D ConnectivityService: filterNetworkStateForUid() uid: 10077 networkInfo: [type: WIFI[] - WIFI, state: CONNECTED/CONNECTED, reason: (unspecified), extra: "BatteryLab", failover: false, available: true, roaming: false, metered: false]
04-07 23:17:42.122 26774 30139 I MicroDataManager: isInitializing-false locale not changed-true model not changed-true
04-07 23:17:42.128 26774 30139 I MicroDataManager: isInitializing-false locale not changed-true model not changed-true
04-07 23:17:42.172 26774 26864 I WorkerManager: New handler created for worker [http] (manager: 5a362b4, handler: ad855af)
04-07 23:17:42.172 26774 26864 I WorkerHandler: New state for worker [http]: e (handler: ad855af)
04-07 23:17:42.173 26774 26864 I WorkerManager: Releasing worker: [http]/[512]/[com.google.android.apps.gsa.staticplugins.bo.y]
04-07 23:17:42.180  3151 16231 D ConnectivityService: filterNetworkStateForUid() uid: 10077 networkInfo: [type: WIFI[] - WIFI, state: CONNECTED/CONNECTED, reason: (unspecified), extra: "BatteryLab", failover: false, available: true, roaming: false, metered: false]
04-07 23:17:42.182  3151 16231 D ConnectivityService: filterNetworkStateForUid() uid: 10077 networkInfo: [type: WIFI[] - WIFI, state: CONNECTED/CONNECTED, reason: (unspecified), extra: "BatteryLab", failover: false, available: true, roaming: false, metered: false]
04-07 23:17:42.227 30022 30022 E adbd    : recv: OPEN 00128c6a 00000000 0035:73 68 65 6C 6C 3A 65 78 70 6F 72 74 20 41 4E 44 52 4F 49 44 5F 4C 4F 47 5F 54 41 47 53 3D 22 27 27 22 3B 20 65 78 65 63 20 6C 6F 67 63 61 74 20 27 2D 64 27 00 
04-07 23:17:42.227 30022 30022 E adbd    : service_to_fd: shell:export ANDROID_LOG_TAGS="''"; exec logcat '-d'
04-07 23:17:42.385  2674  2674 I android.hardware.wifi@1.0-service: getLinkLayerStats
04-07 23:17:42.526 30022 30022 E adbd    : recv: OPEN 00128c6e 00000000 003f:73 68 65 6C 6C 2C 76 32 2C 54 45 52 4D 3D 78 74 65 72 6D 2D 32 35 36 63 6F 6C 6F 72 3A 61 6D 20 66 6F 72 63 65 2D 73 74 6F 70 20 63 6F 6D 2E 65 78 61 6D 70 6C 65 2E 61 6E 64 72 6F 69 64 00 
04-07 23:17:42.526 30022 30022 E adbd    : service_to_fd: shell,v2,TERM=xterm-256color:am force-stop com.example.android
04-07 23:17:42.635  3151 18357 I ActivityManager: Force stopping com.example.android appid=10607 user=0: from pid 316
04-07 23:17:42.636  3151 18357 I ActivityManager: Killing 32730:com.example.android/u0a607 (adj 0): stop com.example.android,from pid 316
04-07 23:17:42.637  3151 18357 W ActivityManager: Force removing ActivityRecord{4cef1bc u0 com.example.android/.MainActivity t2142}: app died, no saved state
04-07 23:17:42.642  3151 18357 D InputDispatcher: Focus left window: 32730
04-07 23:17:42.643  3151 18357 I WindowManager: Failed to capture screenshot of Token{d2c6545 ActivityRecord{4cef1bc u0 com.example.android/.MainActivity t2142 f}} appWin=Window{5ba3097 u0 com.example.android/com.example.android.MainActivity} drawState=4
04-07 23:17:42.644  3151 18357 I WindowManager: Destroying surface Surface(name=com.example.android/com.example.android.MainActivity) called by com.android.server.wm.WindowStateAnimator.destroySurface:2501 com.android.server.wm.WindowStateAnimator.destroySurfaceLocked:985 com.android.server.wm.WindowState.removeImmediately:2407 com.android.server.wm.WindowState.removeIfPossible:2615 com.android.server.wm.WindowState.removeIfPossible:2445 com.android.server.wm.WindowToken.removeAllWindowsIfPossible:143 com.android.server.wm.AppWindowToken.removeIfPossible:606 com.android.server.wm.AppWindowToken.onRemovedFromDisplay:674 
04-07 23:17:42.644  2685  3553 I SurfaceFlinger: id=2573 Removed com.example.android/com.example.android.MainActivity#0 (2/4)
04-07 23:17:42.645  2685  3553 I SurfaceFlinger: id=2573 Removed com.example.android/com.example.android.MainActivity#0 (-2/4)
04-07 23:17:42.648  3151 18357 D InputDispatcher: Focused application released
04-07 23:17:42.648  3151 18357 W MultiScreenManagerService: moveTaskBackToDisplayIfNeeded(): root activity or app is null, task=TaskRecord{d331f0ad0 #2142 A=com.example.android U=0 StackId=1 sz=0}, rootActivity=null
04-07 23:17:42.648  3151  3151 D MdnieScenarioControlService: Listener Real Multi Window State : true
04-07 23:17:42.649  3151  3151 D CS_HdrController: MultiWindowEventListener::onFocusStackChanged(0)
04-07 23:17:42.652  2685  2685 I Layer   : id=2573 onRemoved com.example.android/com.example.android.MainActivity#0 
04-07 23:17:42.654  2668  6675 I display : [PrimaryDisplay] [DYNAMIC_RECOMP] first frame after HWC_2_GLES
04-07 23:17:42.655  2668  6675 I display : [PrimaryDisplay] [DYNAMIC_RECOMP] GLES_2_HWC by high FPS(5)
04-07 23:17:42.655  2685  2685 I SurfaceFlinger: Display 0 HWC layers:
04-07 23:17:42.655  2685  2685 I SurfaceFlinger:     type    |    handle    | flag |  format   |   source crop (l,t,r,b)    |         frame       | name 
04-07 23:17:42.655  2685  2685 I SurfaceFlinger: ------------+--------------+------+-----------+----------------------------+---------------------+------
04-07 23:17:42.655  2685  2685 I SurfaceFlinger:      Device | 0xeea66a80 | 0000 | RGBA_8888 |   0.0    0.0  720.0   48.0 |    0    0  720   48 | StatusBar#0
04-07 23:17:42.655  2685  2685 I SurfaceFlinger: 
04-07 23:17:42.656  3151 18357 D CustomFrequencyManagerService: acquireDVFSLockLocked : type : DVFS_MIN_LIMIT  frequency : 1430000  uid : 1000  pid : 3151  pkgName : AMS_APP_HOME@CPU_MIN@47
04-07 23:17:42.657  3151 18357 D ActivityManagerPerformance: AMP_acquire() HOME
04-07 23:17:42.658  3151 18357 D PersonaManagerService: Current focused persona service handled id set to : 0
04-07 23:17:42.658  3151 18357 D InputDispatcher: Focused application set to: xxxx
04-07 23:17:42.661  3151 18357 V WindowManager: rotationForOrientationLw(orient=5, last=0); user=0 USER_ROTATION_LOCKED sensorRotation=-1 mLidState=-1 mDockMode=0 mHdmiPlugged=false
04-07 23:17:42.663  3151  3383 D GameManagerService: handleForegroundChange(). pkgName: com.sec.android.app.launcher, clsName: com.android.launcher3.Launcher,FgActivityName:com.sec.android.app.launcher/com.android.launcher3.Launcher
04-07 23:17:42.663  3151 18357 D MARsPolicyManager: onPackageResumedFG pkgName = com.sec.android.app.launcher, userId = 0
04-07 23:17:42.663  3151  3383 D GameManagerService: sem_perfomance_mode: 3
04-07 23:17:42.663  3151  3383 D GameManagerService: notifyResumePause(). pkg: com.sec.android.app.launcher, type: 4, isMinimized: false, isTunableApp: false
04-07 23:17:42.664  3151  3383 D GameManagerService:   notifyResumePause(). unexpected mPrevNotiType: -1
04-07 23:17:42.671  3151  3151 D CS_HdrController: updateMultiWindowState : 0
04-07 23:17:42.671  3151  3151 D CodecSolution: MultiWindowEventListener::onMultiWindowFocusChanged(0)
04-07 23:17:42.673  3151  3151 D SamsungAlarmManager: Remove alarm for next reason : android.intent.action.PACKAGE_RESTARTED : package: com.example.android
04-07 23:17:42.674  4445  4445 I Launcher: onWindowVisibilityChanged : false
04-07 23:17:42.676  3151 18357 V WindowManager: Relayout Window{2f85bf2 u0 com.sec.android.app.launcher/com.sec.android.app.launcher.activities.LauncherActivity}: viewVisibility=4 req=720x1280 WM.LayoutParams{(0,0)(fillxfill) sim=#130 ty=1 fl=#81910d00 pfl=0x20000 fmt=-2 wanim=0x10302ea vsysui=0x700 needsMenuKey=2 colorMode=0 naviIconColor=0}
04-07 23:17:42.679  3834  3834 D CarrierSvcBindHelper: No carrier app for: 0
04-07 23:17:42.680  4445  4445 D ViewRootImpl@3574f0b[LauncherActivity]: Relayout returned: old=[0,0][720,1280] new=[0,0][720,1280] result=0x1 surface={valid=false 0} changed=false
04-07 23:17:42.680  4445  4445 D HomeContainer: setAlpha : 1.0
04-07 23:17:42.681  3151  3171 W BroadcastQueue: Background execution not allowed: receiving Intent { act=android.intent.action.PACKAGE_RESTARTED dat=package:com.example.android flg=0x10 (has extras) } to android/com.kddi.android.CpaNotiReceiver
04-07 23:17:42.681  3151  3171 W BroadcastQueue: Background execution not allowed: receiving Intent { act=android.intent.action.PACKAGE_RESTARTED dat=package:com.example.android flg=0x10 (has extras) } to com.sec.android.daemonapp/com.samsung.android.weather.daemon.receiver.ClearDataReceiver
04-07 23:17:42.682  4445  4445 V Launcher: Launcher.onResume()
04-07 23:17:42.684  3151  6398 D GamePkgDataHelper: getGamePkgDataIncServer(). com.sec.android.app.launcher
04-07 23:17:42.685  3151  6398 D GameManagerService: identifyGamePackage. com.sec.android.app.launcher
04-07 23:17:42.685  3151  6398 D GamePkgDataHelper: getGamePkgData(). com.sec.android.app.launcher
04-07 23:17:42.685  3151  6398 D GameManagerService: identifyGamePackage. com.sec.android.app.launcher
04-07 23:17:42.685  3151  6398 D GamePkgDataHelper: getGamePkgData(). com.sec.android.app.launcher
04-07 23:17:42.686  3151  6398 D GameManagerService: identifyGamePackage. com.sec.android.app.launcher
04-07 23:17:42.686  3151  6398 D GamePkgDataHelper: getGamePkgData(). com.sec.android.app.launcher
04-07 23:17:42.688  4445  4445 D ExternalMethodQueue: Getting and clearing EXTERNAL_METHOD_LIST: null
04-07 23:17:42.688  4445  4499 I LauncherAppWidgetInfo: reinflateWidgetsIfNecessary, Not required: AppWidget(id=2)
04-07 23:17:42.688  4445  4445 D Launcher: setHotWordDetection : call requestHotWordDetection true
04-07 23:17:42.688  4445  4499 I LauncherAppWidgetInfo: reinflateWidgetsIfNecessary, Not required: AppWidget(id=3)
04-07 23:17:42.688  4445  4445 D Launcher.HomeController: onResume HomeContainer current alpha = 1.0
04-07 23:17:42.688  4445  4445 D AppsCustomAdapter: notifyUpdate : com.android.launcher3.Launcher@f606a1b
04-07 23:17:42.688  4445  4445 D AppsDragController: needDeferToBind : true , false
04-07 23:17:42.689 26774 26864 W SessionLifecycleManager: Handover failed. Creating new session controller.
04-07 23:17:42.692  3151  6398 D GameManagerService: identifyGamePackage. com.sec.android.app.launcher
04-07 23:17:42.692  3151  6398 D GamePkgDataHelper: getGamePkgData(). com.sec.android.app.launcher
04-07 23:17:42.692  3151 16231 D Notification: allPendingIntents
04-07 23:17:42.696  3151  6398 D SSRM:L  : SIOP:: AP = 250, PST = 250 (W:30), BAT = 208, USB = 0, CHG = 0, LRF = 270, LRB = 258
04-07 23:17:42.697  3151 15260 D ActivityManager: post active user change for 0 fullscreen true isHomeActivity() true
04-07 23:17:42.697 26774 26864 E PBSessionCacheImpl: sessionId[117754883582109775] not persisted.
04-07 23:17:42.697  3151 15260 I WallpaperManagerService: switchPersonaWallpaper is called for personaId-0
04-07 23:17:42.697  3151  3151 D WallpaperManagerService:  force update = false; persona id = 0; current user =0; current persona = 0
04-07 23:17:42.698  4445  4445 I Launcher: onWindowVisibilityChanged : true
04-07 23:17:42.701  3151 15260 V WindowManager: Relayout Window{2f85bf2 u0 com.sec.android.app.launcher/com.sec.android.app.launcher.activities.LauncherActivity}: viewVisibility=0 req=720x1280 WM.LayoutParams{(0,0)(fillxfill) sim=#130 ty=1 fl=#81910d00 pfl=0x20000 fmt=-2 wanim=0x10302ea vsysui=0x700 needsMenuKey=2 colorMode=0 naviIconColor=0}
04-07 23:17:42.702  3564  3564 D InputEventReceiver: channel 'ClientState{c02da6d uid 10607 pid 32730} (client)' ~ Disposing input event receiver.
04-07 23:17:42.702  3564  3564 D InputEventReceiver: channel 'ClientState{c02da6d uid 10607 pid 32730} (client)' ~NativeInputEventReceiver.
04-07 23:17:42.702 26774 26864 I WorkerManager: Releasing worker: [service]/[27]/[com.google.android.apps.gsa.search.core.service.bx]
04-07 23:17:42.702 26774 26864 I WorkerManager: Releasing worker: [service]/[27]/[com.google.android.apps.gsa.search.core.service.bx]
04-07 23:17:42.703  2685  2685 I SurfaceFlinger: id=2574 createSurf (720x1280),1 flag=4, com.sec.android.app.launcher/com.sec.android.app.launcher.activities.LauncherActivity#0
04-07 23:17:42.703 26774   307 I PBSessionCacheImpl: Deleted sessionId[117754883582109775] from persistence.
04-07 23:17:42.703  3151 16231 D Notification: allPendingIntents
04-07 23:17:42.704 26774 26864 I WorkerManager: Releasing worker: [searchboxroot]/[24]/[com.google.android.apps.gsa.staticplugins.searchboxroot.v]
04-07 23:17:42.704 26774 26864 I WorkerManager: Releasing worker: [searchboxroot]/[24]/[com.google.android.apps.gsa.staticplugins.searchboxroot.v]
04-07 23:17:42.704  3151 16231 D Notification: allPendingIntents
04-07 23:17:42.704  3151 15260 V Surface : sf_framedrop debug : 0x4f4c, game : false, logging : 0
04-07 23:17:42.704 26774 26864 I WorkerManager: Releasing worker: [searchboxroot]/[24]/[com.google.android.apps.gsa.staticplugins.searchboxroot.v]
04-07 23:17:42.704  3151 16231 D Notification: allPendingIntents
04-07 23:17:42.704 26774 26864 I WorkerManager: Releasing worker: [searchboxroot]/[24]/[com.google.android.apps.gsa.staticplugins.searchboxroot.v]
04-07 23:17:42.706  3151  3172 D WindowManager: set systemUiVisibility : systemUiFlags= 0x708 fullscreenStackSysUiFlags= 0x0
04-07 23:17:42.708  4445  4499 D Notification.Badge: [filtered] shouldBeFilteredOut().mTempRanking.canShowBadge[false], [sbn : StatusBarNotification(pkg=android user=UserHandle{-1} id=3012971 tag=null key=-1|android|3012971|null|1000: Notification(channel=NETWORK_CONNECTIONS pri=-2 contentView=null vibrate=null sound=null tick defaults=0x0 flags=0x10 color=0x00000000 number=0 vis=PRIVATE semFlags=0x0 semPriority=0 semMissedCount=0))]
04-07 23:17:42.709  4445  4499 D Notification.Badge: LauncherModel:onNotificationFullRefresh() : [3], IconType : [0]
04-07 23:17:42.709  4445  4499 D Notification.Badge: notificationKey : 0|com.google.android.googlequicksearchbox|-1873494995|n|10077, count : 0, this.count : 1
04-07 23:17:42.709  4445  4499 D Notification.Badge: notificationKey : 0|com.google.android.googlequicksearchbox|-1873494995|n|10077, count : 1, mTotalCount : 1
04-07 23:17:42.709  4445  4499 D Notification.Badge: notificationKey : 0|com.google.android.googlequicksearchbox|359661727|n|10077, count : 0, this.count : 1
04-07 23:17:42.709  4445  4499 D Notification.Badge: notificationKey : 0|com.google.android.googlequicksearchbox|359661727|n|10077, count : 1, mTotalCount : 2
04-07 23:17:42.709  4445  4499 D Notification.Badge: notificationKey : 0|com.android.systemui|273|null|10009, count : 0, this.count : 1
04-07 23:17:42.709  4445  4499 D Notification.Badge: notificationKey : 0|com.android.systemui|273|null|10009, count : 1, mTotalCount : 1
04-07 23:17:42.710  4445  4499 D Notification.Badge: LauncherModel:onNotificationFullRefresh() not need to update, updatedBadges.remove[com.google.android.googlequicksearchbox], count : [2]
04-07 23:17:42.710  4445  4499 D Notification.Badge: LauncherModel:onNotificationFullRefresh() not need to update, updatedBadges.remove[com.android.systemui], count : [1]
04-07 23:17:42.711 26774 26864 I WorkerManager: Releasing worker: [actions]/[1]/[com.google.android.apps.gsa.staticplugins.actions.p]
04-07 23:17:42.711 26774 26864 I WorkerManager: Releasing worker: [actions]/[1]/[com.google.android.apps.gsa.staticplugins.actions.p]
04-07 23:17:42.712  3151  6398 D SSRM:A  : Mercury PST: Front = 271, Back = 258 , TotalTxBytes = 5.733304821954192, MediaPlaying = 0.0, WifiTxBytes = 5.733304821954192, BATT_TEMP = 208.0, ChargingStatus = 0.0, MobileRxBytes = 0.0, TotalRxBytes = 4.16387665564692, WifiRxBytes = 4.16387665564692, MobileTxBytes = 0.0, MemoryUsage = 54.93428068287433, AP_TEMP = 250.0
04-07 23:17:42.712  3151 15260 D InputDispatcher: Focus entered window: 4445
04-07 23:17:42.712 26774 26864 I WorkerManager: Releasing worker: [actions]/[1]/[com.google.android.apps.gsa.staticplugins.actions.p]
04-07 23:17:42.712 26774 26864 I WorkerManager: Releasing worker: [actions]/[1]/[com.google.android.apps.gsa.staticplugins.actions.p]
04-07 23:17:42.713  3151 16231 D WindowManager: adjustSystemUiVisibilityLw : vis= 0x708
04-07 23:17:42.713  4445  4445 V Surface : sf_framedrop debug : 0x4f4c, game : false, logging : 0
04-07 23:17:42.713  4445  4445 D ViewRootImpl@3574f0b[LauncherActivity]: Relayout returned: old=[0,0][720,1280] new=[0,0][720,1280] result=0x7 surface={valid=true 3252834304} changed=true
04-07 23:17:42.714  3151  3180 W ActivityManager: setHasOverlayUi called on unknown pid: 32730
04-07 23:17:42.714 26774 26864 I WorkerManager: Releasing worker: [searchboxroot]/[24]/[com.google.android.apps.gsa.staticplugins.searchboxroot.v]
04-07 23:17:42.715 26774 26864 I chatty  : uid=10077(u0_a77) EventBus0 identical 2 lines
04-07 23:17:42.715 26774 26864 I WorkerManager: Releasing worker: [searchboxroot]/[24]/[com.google.android.apps.gsa.staticplugins.searchboxroot.v]
04-07 23:17:42.716 26774 26864 I WorkerManager: Releasing worker: [actions]/[1]/[com.google.android.apps.gsa.staticplugins.actions.p]
04-07 23:17:42.716 26774 26864 I WorkerManager: Releasing worker: [actions]/[1]/[com.google.android.apps.gsa.staticplugins.actions.p]
04-07 23:17:42.716  4445  4747 D mali_winsys: EGLint new_window_surface(egl_winsys_display *, void *, EGLSurface, EGLConfig, egl_winsys_surface **, egl_color_buffer_format *, EGLBoolean) returns 0x3000,  [720x1280]-format:1
04-07 23:17:42.716  4445  4747 D OpenGLRenderer: eglCreateWindowSurface = 0xb88e6ec0
04-07 23:17:42.716 26774 26864 I WorkerManager: Releasing worker: [actions]/[1]/[com.google.android.apps.gsa.staticplugins.actions.p]
04-07 23:17:42.717 26774 26864 I WorkerManager: Releasing worker: [actions]/[1]/[com.google.android.apps.gsa.staticplugins.actions.p]
04-07 23:17:42.717  4445  4445 D AppsAdapter: notifyUpdate start : com.android.launcher3.Launcher@f606a1b
04-07 23:17:42.717 26774 26864 I WorkerManager: Releasing worker: [actions]/[1]/[com.google.android.apps.gsa.staticplugins.actions.p]
04-07 23:17:42.717  4445  4445 D AppsCustomAdapter: no change items
04-07 23:17:42.717 26774 26864 I WorkerManager: Releasing worker: [actions]/[1]/[com.google.android.apps.gsa.staticplugins.actions.p]
04-07 23:17:42.717  4445  4445 D AppsAdapter: notifyUpdate end : com.android.launcher3.Launcher@f606a1b
04-07 23:17:42.717  4445  4445 D ViewRootImpl@3574f0b[LauncherActivity]: MSG_WINDOW_FOCUS_CHANGED 1
04-07 23:17:42.719  3151 16231 D ConnectivityService: filterNetworkStateForUid() uid: 10077 networkInfo: [type: WIFI[] - WIFI, state: CONNECTED/CONNECTED, reason: (unspecified), extra: "BatteryLab", failover: false, available: true, roaming: false, metered: false]
04-07 23:17:42.721  4445  4445 V InputMethodManager: Starting input: tba=android.view.inputmethod.EditorInfo@975f14 nm : com.sec.android.app.launcher ic=null
04-07 23:17:42.721  4445  4445 I InputMethodManager: startInputInner - mService.startInputOrWindowGainedFocus
04-07 23:17:42.721  3151 16231 D InputMethodManagerService: startInputOrWindowGainedFocus : windowGainedFocus 
04-07 23:17:42.721  3151 16231 D InputMethodManagerService: windowGainedFocus: destinationUserId (getCallingUid) = 0
04-07 23:17:42.721  3151 16231 D InputMethodManagerService: windowGainedFocus: currentUserId=0
04-07 23:17:42.721  3151 16231 D InputMethodManagerService: windowGainedFocus: mCurrentFocusedUserId=0
04-07 23:17:42.721  3151 16231 D InputMethodManagerService: windowGainedFocus : lock - currentUserId = 0 destinationUserId = 0
04-07 23:17:42.721  3151 16231 D InputMethodManagerService: windowGainedFocus : mCurrentFocusedUserId - 0 and mSecureKeypadEnabled - false, userSwitched - false
04-07 23:17:42.721  3151 16231 V InputMethodManagerService: windowGainedFocus : reason=WINDOW_FOCUS_GAIN client=android.os.BinderProxy@e157bc1 inputContext=null missingMethods= attribute=android.view.inputmethod.EditorInfo@6ddcc57 nm = com.sec.android.app.launcher controlFlags=#104 softInputMode=#130 windowFlags=#81910d00
04-07 23:17:42.721  3151 16231 V InputMethodManagerService: hideCurrentInputLocked : shouldHideSoftInput is false
04-07 23:17:42.722  3151 16231 D InputMethodManagerService: setCurrentInputInfo - inputContext : null eidtorInfo : android.view.inputmethod.EditorInfo@6ddcc57 missingMethods : 0
04-07 23:17:42.722  3564  3564 I InputMethodWrapper:  call dispatchStartInputWithToken
04-07 23:17:42.722  3564  3564 I InputMethodService: dispatchStartInputWithToken
04-07 23:17:42.722  3564  3564 I SKBD    : SamsungKeypad [IMI] onStartInput - caller pid : 32730, caller uid : 10607
04-07 23:17:42.723 26774 26864 I WorkerManager: Releasing worker: [legacyui]/[63]/[com.google.android.apps.gsa.staticplugins.by.a]
04-07 23:17:42.723 26774 26864 I WorkerManager: Releasing worker: [legacyui]/[63]/[com.google.android.apps.gsa.staticplugins.by.a]
04-07 23:17:42.725 26774 26864 I WorkerManager: Releasing worker: [searchplate]/[26]/[com.google.android.apps.gsa.staticplugins.du.c]
04-07 23:17:42.725 26774 26864 I WorkerManager: Releasing worker: [searchplate]/[26]/[com.google.android.apps.gsa.staticplugins.du.c]
04-07 23:17:42.725  4445  4445 D DragLayer: DragLayer dispatchDraw, mIsNaviBarPositionChanged = false, mWillOrientationChange = false
04-07 23:17:42.726 26774 26864 I WorkerManager: Releasing worker: [searchplate]/[26]/[com.google.android.apps.gsa.staticplugins.du.c]
04-07 23:17:42.729 26774 26864 I chatty  : uid=10077(u0_a77) EventBus0 identical 6 lines
04-07 23:17:42.729 26774 26864 I WorkerManager: Releasing worker: [searchplate]/[26]/[com.google.android.apps.gsa.staticplugins.du.c]
04-07 23:17:42.730 26774 26864 I WorkerManager: Releasing worker: [conversation]/[44]/[com.google.android.apps.gsa.staticplugins.ah.a]
04-07 23:17:42.730 26774 26864 I WorkerManager: Releasing worker: [conversation]/[44]/[com.google.android.apps.gsa.staticplugins.ah.a]
04-07 23:17:42.731 26774 26864 I WorkerManager: Releasing worker: [message]/[68]/[com.google.android.apps.gsa.staticplugins.messages.n]
04-07 23:17:42.731 26774 26864 I WorkerManager: Releasing worker: [message]/[68]/[com.google.android.apps.gsa.staticplugins.messages.n]
04-07 23:17:42.733 26774 26864 I WorkerManager: Releasing worker: [context]/[50]/[com.google.android.apps.gsa.staticplugins.ag.i]
04-07 23:17:42.733 26774 26864 I WorkerManager: Releasing worker: [context]/[50]/[com.google.android.apps.gsa.staticplugins.ag.i]
04-07 23:17:42.733 26774 26864 I WorkerManager: Releasing worker: [actionvelogging]/[2]/[com.google.android.apps.gsa.staticplugins.a.d]
04-07 23:17:42.733 26774 26864 I WorkerManager: Releasing worker: [actionvelogging]/[2]/[com.google.android.apps.gsa.staticplugins.a.d]
04-07 23:17:42.734 26774 26864 I WorkerManager: Releasing worker: [sharedmicrodetection]/[17]/[com.google.android.apps.gsa.staticplugins.microdetection.aj]
04-07 23:17:42.734 26774 26864 I WorkerManager: Releasing worker: [sharedmicrodetection]/[17]/[com.google.android.apps.gsa.staticplugins.microdetection.aj]
04-07 23:17:42.735  3151 16231 I chatty  : uid=1000(system) Binder:3151_1E identical 2 lines
04-07 23:17:42.736  3151 16231 D ConnectivityService: filterNetworkStateForUid() uid: 10077 networkInfo: [type: WIFI[] - WIFI, state: CONNECTED/CONNECTED, reason: (unspecified), extra: "BatteryLab", failover: false, available: true, roaming: false, metered: false]
04-07 23:17:42.739  3151 16231 V WindowManager: finishDrawingLocked: mDrawState=COMMIT_DRAW_PENDING Window{2f85bf2 u0 com.sec.android.app.launcher/com.sec.android.app.launcher.activities.LauncherActivity} in Surface(name=com.sec.android.app.launcher/com.sec.android.app.launcher.activities.LauncherActivity)
04-07 23:17:42.740 26774 26864 I WorkerManager: Releasing worker: [networkmonitor]/[39]/[com.google.android.apps.gsa.staticplugins.cl.i]
04-07 23:17:42.740 26774 26864 I WorkerManager: Releasing worker: [networkmonitor]/[39]/[com.google.android.apps.gsa.staticplugins.cl.i]
04-07 23:17:42.740 26774 26864 I WorkerManager: Releasing worker: [audio]/[4]/[com.google.android.apps.gsa.staticplugins.m.n]
04-07 23:17:42.742  3569 30105 D SystemServicesProxy: updateOverviewLastStackActiveTimeAsync: newTime=1586297859803
04-07 23:17:42.742 26774 26864 I chatty  : uid=10077(u0_a77) EventBus0 identical 2 lines
04-07 23:17:42.742 26774 26864 I WorkerManager: Releasing worker: [audio]/[4]/[com.google.android.apps.gsa.staticplugins.m.n]
04-07 23:17:42.742  3569  5364 D WallpaperService: dispatchAppVisibility onVisibilityChanged(): true
04-07 23:17:42.742  3569  3569 D ImageWallpaper: onOffsetsChanged: xOffset=0.0, yOffset=0.0, xOffsetStep=0.0, yOffsetStep=0.0, xPixels=0, yPixels=0
04-07 23:17:42.742  3151 16231 D SecContentProvider: query(), uri = 17 selection = isSettingsChangesAllowed
04-07 23:17:42.743  3569  3569 D ImageWallpaper: newRotation : 0,mLastRotation : 0
04-07 23:17:42.743  3569  3569 W SemDesktopModeManager: Desktop Mode feature not available or SemDesktopModeManager not instantiated. Please check Configuration.semDesktopModeEnabled instead.
04-07 23:17:42.743  3569  3569 D ImageWallpaper: drawFrame:[frame.width()]1280[frame.height()]1280
04-07 23:17:42.743  3151 16231 D SecContentProvider: called from android.uid.systemui:10009
04-07 23:17:42.743  3569  3569 D ImageWallpaper: surfaceDimensionsChanged=false mDisplayWidth=720 mDisplayHeight=1280
04-07 23:17:42.743  3569  3569 D ImageWallpaper: redrawNeeded = false, mOffsetsChanged = false
04-07 23:17:42.743  3569  3569 D ImageWallpaper: Suppressed drawFrame since redraw is not needed and offsets have not changed.
04-07 23:17:42.743  3569  3569 D WallpaperService: updateSurface forceRelayout=false redrawNeeded=false myWidth=1280 myHeight=1280 fixedSize=true x = 0 y = 0 mWidth=1280 mHeight=1280 mIsSleepMode=false
04-07 23:17:42.743  3569  3569 D ImageWallpaper: onVisibilityChanged: mVisible, visible=false, true
04-07 23:17:42.743  3569  3569 D ImageWallpaper: Visibility changed to visible=true
04-07 23:17:42.743  3569  3569 D ImageWallpaper: newRotation : 0,mLastRotation : 0
04-07 23:17:42.743  3569  3569 W SemDesktopModeManager: Desktop Mode feature not available or SemDesktopModeManager not instantiated. Please check Configuration.semDesktopModeEnabled instead.
04-07 23:17:42.743  3569  3569 D ImageWallpaper: drawFrame:[frame.width()]1280[frame.height()]1280
04-07 23:17:42.743  3569  3569 D ImageWallpaper: surfaceDimensionsChanged=false mDisplayWidth=720 mDisplayHeight=1280
04-07 23:17:42.743  3569  3569 D ImageWallpaper: redrawNeeded = false, mOffsetsChanged = false
04-07 23:17:42.743  3569  3569 D ImageWallpaper: Suppressed drawFrame since redraw is not needed and offsets have not changed.
04-07 23:17:42.744  3569  3569 D WallpaperService: reportVisibility onVisibilityChanged visible: true
04-07 23:17:42.744 26774 26864 I WorkerManager: Releasing worker: [progress]/[379]/[com.google.android.apps.gsa.staticplugins.db.a]
04-07 23:17:42.744 26774 26864 I WorkerManager: Releasing worker: [progress]/[379]/[com.google.android.apps.gsa.staticplugins.db.a]
04-07 23:17:42.744  3151  3220 D SamsungAnimationCreator: createAnimation type:CHNLowEnd transit:13 enter:false wallpaperXoffset:-280 split:false fixedOri:false
04-07 23:17:42.744  3151  3220 D SamsungAnimationCreator: createAnimation displayFrame:Rect(0, 0 - 720, 1280) frame:null insets:null
04-07 23:17:42.745 26774 26864 I WorkerManager: Releasing worker: [sharebear]/[124]/[com.google.android.apps.gsa.staticplugins.sharebear.r]
04-07 23:17:42.745 26774 26864 I WorkerManager: Releasing worker: [sharebear]/[124]/[com.google.android.apps.gsa.staticplugins.sharebear.r]
04-07 23:17:42.745 26774 26864 I WorkerManager: Releasing worker: [logo_header]/[71]/[com.google.android.apps.gsa.staticplugins.ca.a]
04-07 23:17:42.746 26774 26864 I WorkerManager: Releasing worker: [logo_header]/[71]/[com.google.android.apps.gsa.staticplugins.ca.a]
04-07 23:17:42.747  3569  3569 D WallpaperService: updateSurface forceRelayout=true redrawNeeded=false myWidth=1280 myHeight=1280 fixedSize=true x = 0 y = 0 mWidth=1280 mHeight=1280 mIsSleepMode=false
04-07 23:17:42.748 26774 26864 I WorkerManager: Releasing worker: [sharebear]/[124]/[com.google.android.apps.gsa.staticplugins.sharebear.r]
04-07 23:17:42.748 26774 26864 I WorkerManager: Releasing worker: [sharebear]/[124]/[com.google.android.apps.gsa.staticplugins.sharebear.r]
04-07 23:17:42.750  3151  3894 V WindowManager: Relayout Window{a396d42 u0 com.android.systemui.ImageWallpaper}: viewVisibility=0 req=1280x1280 WM.LayoutParams{(0,0)(1280x1280) gr=#800033 ty=2013 fl=#10318 fmt=2 wanim=0x103030d colorMode=0 naviIconColor=0 sfl=0x8}
04-07 23:17:42.750 26774 26864 I WorkerManager: Releasing worker: [sharedmicrodetection]/[17]/[com.google.android.apps.gsa.staticplugins.microdetection.aj]
04-07 23:17:42.751 26774 26864 I WorkerManager: Releasing worker: [sharedmicrodetection]/[17]/[com.google.android.apps.gsa.staticplugins.microdetection.aj]
04-07 23:17:42.751 26774 26864 I WorkerManager: Releasing worker: [sharebear]/[124]/[com.google.android.apps.gsa.staticplugins.sharebear.r]
04-07 23:17:42.752 26774 26864 I chatty  : uid=10077(u0_a77) EventBus0 identical 2 lines
04-07 23:17:42.753 26774 26864 I WorkerManager: Releasing worker: [sharebear]/[124]/[com.google.android.apps.gsa.staticplugins.sharebear.r]
04-07 23:17:42.754  3569  3569 D ImageWallpaper: onOffsetsChanged: xOffset=0.0, yOffset=0.0, xOffsetStep=0.0, yOffsetStep=0.0, xPixels=0, yPixels=0
04-07 23:17:42.754  3569  3569 D ImageWallpaper: newRotation : 0,mLastRotation : 0
04-07 23:17:42.754  3569  3569 W SemDesktopModeManager: Desktop Mode feature not available or SemDesktopModeManager not instantiated. Please check Configuration.semDesktopModeEnabled instead.
04-07 23:17:42.755  3569  3569 D ImageWallpaper: drawFrame:[frame.width()]1280[frame.height()]1280
04-07 23:17:42.755  3569  3569 D ImageWallpaper: surfaceDimensionsChanged=false mDisplayWidth=720 mDisplayHeight=1280
04-07 23:17:42.755  3569  3569 D ImageWallpaper: redrawNeeded = false, mOffsetsChanged = false
04-07 23:17:42.755  3569  3569 D ImageWallpaper: Suppressed drawFrame since redraw is not needed and offsets have not changed.
04-07 23:17:42.761  2685  2685 I SurfaceFlinger: Display 0 HWC layers:
04-07 23:17:42.761  2685  2685 I SurfaceFlinger:     type    |    handle    | flag |  format   |   source crop (l,t,r,b)    |         frame       | name 
04-07 23:17:42.761  2685  2685 I SurfaceFlinger: ------------+--------------+------+-----------+----------------------------+---------------------+------
04-07 23:17:42.761  2685  2685 I SurfaceFlinger:      Device | 0xeea66c00 | 0002 | RGBx_8888 | 280.0    0.0 1000.0 1280.0 |    0    0  720 1280 | com.android.systemui.ImageWallpaper#0
04-07 23:17:42.761  2685  2685 I SurfaceFlinger:      Client | 0xee50b3c0 | 0000 | RGBA_8888 | 120.0  213.0  601.0 1068.0 |    1    1  720 1280 | com.sec.android.app.launcher/com.sec[...]uncher.activities.LauncherActivity#0
04-07 23:17:42.761  2685  2685 I SurfaceFlinger:      Device | 0xeea66a80 | 0000 | RGBA_8888 |   0.0    0.0  720.0   48.0 |    0    0  720   48 | StatusBar#0
04-07 23:17:42.761  2685  2685 I SurfaceFlinger: 
04-07 23:17:42.762  3151 16231 D RestrictionPolicy: isSettingsChangesAllowedAsUser, userId 0 : true
04-07 23:17:42.763  3569  3771 D SystemServicesProxy: updateOverviewLastStackActiveTimeAsync: done.
04-07 23:17:42.765  3151  5004 D PackageManager: getComponentMetadataForIconTray : com.example.android.MainActivity does not exist in mServices
04-07 23:17:42.765  3151  5004 D PackageManager: getComponentMetadataForIconTray : com.example.android.MainActivity does not exist in mProviders
04-07 23:17:42.766  3151  5004 D PackageManager: getComponentMetadataForIconTray : com.example.android.MainActivity does not exist in mReceivers
04-07 23:17:42.766  3569 30105 D ApplicationPackageManager: updateItemMetaDataForFixedIconScale: package: com.example.android
04-07 23:17:42.766 26774 26864 I MicroDetectionState: Should stop hotword detection immediately - false
04-07 23:17:42.766  3151  5004 D PackageManager: getSelectedMetaData : packageName(com.example.android) or Metadata strings {[Ljava.lang.String;@f88d6f3}
04-07 23:17:42.766  3569 30105 I ApplicationPackageManager: return adaptive icon for com.example.android
04-07 23:17:42.767 26774 26864 I WorkerManager: Releasing worker: [transcription]/[30]/[com.google.android.apps.gsa.staticplugins.eu.g]
04-07 23:17:42.767 26774 26864 I WorkerManager: Releasing worker: [transcription]/[30]/[com.google.android.apps.gsa.staticplugins.eu.g]
04-07 23:17:42.768 26774 26864 I WorkerManager: Releasing worker: [searchwidget]/[59]/[com.google.android.apps.gsa.staticplugins.searchwidget.av]
04-07 23:17:42.769 26774 26864 I WorkerManager: Releasing worker: [searchwidget]/[59]/[com.google.android.apps.gsa.staticplugins.searchwidget.av]
04-07 23:17:42.771 26774 26864 I WorkerManager: Releasing worker: [searchplate]/[26]/[com.google.android.apps.gsa.staticplugins.du.c]
04-07 23:17:42.772 26774 26864 I chatty  : uid=10077(u0_a77) EventBus0 identical 2 lines
04-07 23:17:42.772 26774 26864 I WorkerManager: Releasing worker: [searchplate]/[26]/[com.google.android.apps.gsa.staticplugins.du.c]
04-07 23:17:42.776 26774 26864 I MicroDetectionWorker: #startMicroDetector [speakerMode: 0]
04-07 23:17:42.780  2782  5035 V APM_AudioPolicyManager: getInputForAttr() source 1999, samplingRate 16000, format 1, channelMask 10,session 7785, flags 0
04-07 23:17:42.781  3151 16231 I EDMNativeHelperService: isMicrophoneEnabled
04-07 23:17:42.782  3151 16231 D RestrictionPolicy: userId: 0, isMicrophoneEnabledAsUser : true
04-07 23:17:42.783 26774 26867 I MicroDataManager: isInitializing-false locale not changed-true model not changed-true
04-07 23:17:42.783 26774 26867 I MicroDataManager: Already initialized, obtaining the hotword data immediately.
04-07 23:17:42.784  2782  5035 V APM::AudioPolicyEngine: getDeviceForInputSource()input source 1999, device 80000004
04-07 23:17:42.784  2782  5035 D MultiRecordManager: skipMultiRecord() isBypass 1, moduleName primary, source 6, flag 2
04-07 23:17:42.784  2782  5035 I MultiRecordManager: openInputStream() skipMultiRecord
04-07 23:17:42.784  2661  2911 W DeviceHAL: Device 0xe7c03000 open_input_stream: Invalid argument
04-07 23:17:42.784  2782  5035 D MultiRecordManager: skipMultiRecord() isBypass 1, moduleName primary, source 6, flag 2
04-07 23:17:42.784  2782  5035 I MultiRecordManager: openInputStream() skipMultiRecord
04-07 23:17:42.784  2661  2911 V audio_hw_primary: adev_open_input_stream: request sample_rate:16000
04-07 23:17:42.784  2661  2911 V audio_hw_primary: in->requested_rate:16000, pcm_config_in.rate:48000 in->config.channels=2
04-07 23:17:42.784  2661  2911 D audio_hw_primary: adev_open_input_stream: preprocessing_latency = 0
04-07 23:17:42.784  2661  2911 I audio_hw_primary: adev_open_input_stream: input is null, set new input stream
04-07 23:17:42.786  2782   321 I AudioFlinger: AudioFlinger's thread 0xe7503340 tid=321 ready to run
04-07 23:17:42.788  2782  5035 V APM_AudioPolicyManager: getInputForAttr() returns input type = 0
04-07 23:17:42.789  2782  3197 V APM_AudioPolicyManager: listAudioPorts() role 0 type 0 num_ports 0 ports 0xe8e995e8
04-07 23:17:42.789  2782  3197 V APM_AudioPolicyManager: listAudioPorts() got 0 ports needed 10
04-07 23:17:42.789 26774 30972 I MicroRecognitionRunner: Starting detection.
04-07 23:17:42.789  2782  3197 V APM_AudioPolicyManager: listAudioPorts() role 0 type 0 num_ports 10 ports 0xe6a17800
04-07 23:17:42.789  2782  3197 V APM_AudioPolicyManager: listAudioPorts() got 10 ports needed 10
04-07 23:17:42.789 26774 30972 I InputStreamUtils: Using micInputStream
04-07 23:17:42.791  3151  5004 D PermissionMonitor: we received permission notification for rUid: 10077, rPid: 26774from rModuleFlag: 2
04-07 23:17:42.791  3151  5004 I PermissionMonitor: Binder.getCallingUid(): 1041
04-07 23:17:42.791  3151  5004 I PermissionMonitor: packageName: com.google.android.googlequicksearchbox
04-07 23:17:42.791  3151  5004 D PermissionMonitor: Calling app is pre-installed on system partition. pkgName: com.google.android.googlequicksearchbox, UserId: 0
04-07 23:17:42.792  3151  5004 I PermissionMonitor: App is whitelisted. Ignore
04-07 23:17:42.792  2782  2964 I APM_AudioPolicyManager: startInput() input 5814
04-07 23:17:42.792  2782  2964 V APM::AudioPolicyEngine: getDeviceForInputSource()input source 1999, device 80000004
04-07 23:17:42.794  2661  2911 D audio_hw_primary: in_set_parameters: enter: kvpairs: input_source=6;routing=-2147483644
04-07 23:17:42.794  2661  2911 V audio_hw_primary: set_processing_type: input_source(6), processing_type(0)
04-07 23:17:42.794  2661  2911 I audio_hw_primary: do_in_standby : in->standby 1
04-07 23:17:42.794  2661  2911 V audio_hw_primary: in_set_parameters: exit: status(0)
04-07 23:17:42.795  2782  2964 V APM_AudioPolicyManager: setInputDevice() createAudioPatch returned 0 patchHandle 5812
04-07 23:17:42.795  2782  2964 V APM_AudioPolicyManager: AudioPolicyManager::startInput() input source = 1999
04-07 23:17:42.795  2782  3197 V APM_AudioPolicyManager: listAudioPorts() role 0 type 0 num_ports 0 ports 0xe8e995e8
04-07 23:17:42.795  2782  3197 V APM_AudioPolicyManager: listAudioPorts() got 0 ports needed 10
04-07 23:17:42.796  2782  5035 V APM_AudioPolicyManager: listAudioPorts() role 0 type 0 num_ports 10 ports 0xe8703000
04-07 23:17:42.796  2782  5035 V APM_AudioPolicyManager: listAudioPorts() got 10 ports needed 10
04-07 23:17:42.797 26774 26864 I MicroDetectionWorker: onReady
04-07 23:17:42.798  2661   322 V audio_route: requested PCM dai for capture_link: 0
04-07 23:17:42.798  2661   322 W audio_hw_primary: start_input_stream echoReference effect is not supported.
04-07 23:17:42.815  3151  3259 D MdnieScenarioControlService:  packageName : com.sec.android.app.launcher    className : com.sec.android.app.launcher.activities.LauncherActivity
04-07 23:17:42.815  3151  3259 V MdnieScenarioControlService: setUIMode from UI function(3)
04-07 23:17:42.857  2661   322 D audio_hw_primary: start_input_stream (0xe7b8c920) in->config.rate:48000 in->config.format:0
04-07 23:17:42.858  2661   322 D AudioInfo: can not find AudioDataPath for fileName:/miccalib.txt
04-07 23:17:42.858  2661   322 I PreProcess_RA: [samsungrecordMIC]Use HardCoding Values
04-07 23:17:42.858  2661   322 I PreProcess_RA: [samsungrecordMIC]Use HardCoding Values
04-07 23:17:42.858  2661   322 V audio_hw_primary: select_devices output_scenario:-1 input_scenario:28 out_snd_device 0x0 in_snd_device:0xb
04-07 23:17:42.858  2661   322 D audio_hw_spk_amp: check_speaker_amp_off: turning_off_speaker_amp = true 
04-07 23:17:42.858  2661   322 I audio_hw_primary: skip turning off nxp amp due to google hotword.
04-07 23:17:42.858  2661   322 I audio_route: > audio_route_reset :
04-07 23:17:42.858  2661   322 D audio_hw_spk_amp: check_speaker_amp_off: turning_off_speaker_amp = true 
04-07 23:17:42.858  2661   322 D tfa98xxApp: [NXP] tfa_enable: turning tfa off
04-07 23:17:42.858  2661   322 D tfa98xxApp: [NXP] tfa_enable: Tfa is already turned off
04-07 23:17:42.859  2661   322 D tfa_usrdrv: [NXP] tfa_show_status: device = 0, status reg = 0x001c
04-07 23:17:42.859  2661   322 D tfa98xxApp: [NXP] tfa_enable: end
04-07 23:17:42.859  2661   322 I audio_route: > audio_route_apply_path : "recognition-mic"
04-07 23:17:42.859  2661   322 I audio_route: > audio_route_update_path : "recognition-mic" reverse(0)
04-07 23:17:42.860  2661   322 V audio_hw_primary: select_devices() input_route "recognition-mic" 
04-07 23:17:42.860  2661   322 I audio_route: > audio_route_apply_path : "gain-recognition-mic"
04-07 23:17:42.860  2661   322 I audio_route: > audio_route_update_path : "gain-recognition-mic" reverse(0)
04-07 23:17:42.860  2661   322 V audio_hw_primary: select_devices() input_gain "gain-recognition-mic" 
04-07 23:17:42.860  2661   322 I audio_route: > audio_route_update_mixer : +
04-07 23:17:42.860  2661   322 I audio_route: > audio_route_update_mixer : changed(0) -
04-07 23:17:42.860  2661   322 I audio_hw_primary: select_devices - 
04-07 23:17:42.860  2661   322 V audio_hw_primary: start_input_stream -
04-07 23:17:43.158  3151  3151 D CustomFrequencyManagerService: releaseDVFSLockLocked : Getting Lock type frm List : DVFS_MIN_LIMIT  frequency : 1430000  uid : 1000  pid : 3151  tag : AMS_APP_HOME@CPU_MIN@47
04-07 23:17:43.211  3151  3559 E TaskPersister: File error accessing recents directory (directory doesn't exist?).
04-07 23:17:43.242  4445  4747 W OpenGLRenderer: Incorrectly called buildLayer on View: WorkspaceCellLayoutChildren, destroying layer...
04-07 23:17:43.242  4445  4747 W OpenGLRenderer: Incorrectly called buildLayer on View: WorkspaceCellLayoutChildren, destroying layer...
04-07 23:17:43.384  2668 30938 I display : [PrimaryDisplay] [DYNAMIC_RECOMP] HWC_2_GLES by low FPS(4)
04-07 23:17:43.391  2668  2668 I display : [PrimaryDisplay] [DYNAMIC_RECOMP] GLES_2_HWC by high FPS(8)
04-07 23:17:43.446 26774 26867 I WorkerManager: Releasing worker: [http]/[512]/[com.google.android.apps.gsa.staticplugins.bo.y]
04-07 23:17:43.592 26774 26788 I zygote  : Background concurrent copying GC freed 66031(3MB) AllocSpace objects, 10(832KB) LOS objects, 49% free, 11MB/23MB, paused 386us total 120.731ms
04-07 23:17:43.640 26774 30144 I zygote  : Deoptimizing com.google.ae.c.jg com.google.android.apps.gsa.sidekick.shared.util.ag.b(com.google.ae.c.jg) due to JIT same target
04-07 23:17:43.684  2668 30938 I display : [PrimaryDisplay] [DYNAMIC_RECOMP] HWC_2_GLES by low FPS(0)
04-07 23:17:43.691 26774 26774 I BgTaskExecutorImpl: Starting EXCLUSIVE background task REQUEST_SCHEDULE_RESET_WITHOUT_RESTART.
04-07 23:17:43.700 26774 26864 I WorkerManager: Releasing worker: [backgroundtask]/[508]/[com.google.android.apps.gsa.staticplugins.s.b.c]
04-07 23:17:43.766  2782  5035 V APM_AudioPolicyManager: getAudioPolicyConfig: audioParam;outDevice
04-07 23:17:43.766  2782  5035 V APM_AudioPolicyManager: getNewOutputDevice() selected device 0
04-07 23:17:43.766  2782  5035 V APM_AudioPolicyManager: ### curdevice : 2
04-07 23:17:43.767  2782  5035 V APM_AudioPolicyManager: getAudioPolicyConfig: audioParam;outDevice
04-07 23:17:43.767  2782  5035 V APM_AudioPolicyManager: getNewOutputDevice() selected device 0
04-07 23:17:43.767  2782  5035 V APM_AudioPolicyManager: ### curdevice : 2
04-07 23:17:43.767  2782  5035 V APM_AudioPolicyManager: getAudioPolicyConfig: audioParam;outDevice
04-07 23:17:43.767  2782  5035 V APM_AudioPolicyManager: getNewOutputDevice() selected device 0
04-07 23:17:43.767  2782  5035 V APM_AudioPolicyManager: ### curdevice : 2
04-07 23:17:43.770  3151  3894 D SamsungAlarmManager: setExact Intent (T:2/F:1/AC:false) 20200408T225715 - CU:10024/CP:3728
04-07 23:17:43.773 26774   325 I WorkerManager: Releasing worker: [backgroundtask]/[508]/[com.google.android.apps.gsa.staticplugins.s.b.c]
04-07 23:17:43.777  2782  5035 V APM_AudioPolicyManager: getAudioPolicyConfig: audioParam;activeStream
04-07 23:17:43.777  2782  5035 V APM_AudioPolicyManager: ### active stream : 0
04-07 23:17:43.777  3151  6398 D AudioService: active stream is 0x0
04-07 23:17:43.779 26774 26864 I WorkerManager: Releasing worker: [searchwidget]/[59]/[com.google.android.apps.gsa.staticplugins.searchwidget.av]
04-07 23:17:43.786  3151  4642 D JobServiceContext: sendStopMessageLocked stop reason: cancel() called by app
04-07 23:17:43.818  3151  3151 D AppWidgetServiceImpl: handleNotifyUpdateAppWidget, appWidgetId = 3
04-07 23:17:43.818 26774 26870 I WorkerManager: Releasing worker: [searchwidget]/[59]/[com.google.android.apps.gsa.staticplugins.searchwidget.av]
04-07 23:17:43.819  4445  4445 I LauncherAppWidgetHostView: updateLastOrientation, orientation: 1, activityOrientation: 1, fromRemoteViews: true, widget: ComponentInfo{com.google.android.googlequicksearchbox/com.google.android.googlequicksearchbox.SearchWidgetProvider}
04-07 23:17:43.825  4445  4445 D DragLayer: DragLayer onMeasure, mIsNaviBarPositionChanged = false, mWillOrientationChange = false
04-07 23:17:43.825  4445  4445 D LauncherAppWidgetHostView: setResizeScaleResult() 690/ 208 scaleToResize = 1.0(widget id = 3)
04-07 23:17:43.826  4445  4445 D LauncherAppWidgetHostView: setResizeScaleResult() 342/ 422 scaleToResize = 1.0(widget id = 2)
04-07 23:17:43.826  4445  4445 D DragLayer: DragLayer dispatchDraw, mIsNaviBarPositionChanged = false, mWillOrientationChange = false
04-07 23:17:43.843  2668  2668 I display : [PrimaryDisplay] [DYNAMIC_RECOMP] first frame after HWC_2_GLES
04-07 23:17:43.843  2668  2668 I display : [PrimaryDisplay] [DYNAMIC_RECOMP] GLES_2_HWC by high FPS(5)
04-07 23:17:43.862 26774 26868 W ErrorReporter: reportError [type: 1323, code: 917507, bug: 119055758]: java.lang.Throwable: Current Time: 1586297863, Next Alarm Time: 0
04-07 23:17:43.887  3728  8142 I GeofencerStateMachine: removeGeofences: removeRequest=RemoveGeofencingRequest[REMOVE_BY_PENDING_INTENT pendingIntent=PendingIntent[creatorPackage=com.google.android.googlequicksearchbox], packageName=com.google.android.googlequicksearchbox]
04-07 23:17:43.892 26774 26868 E GeofenceHelper: Failed: remove geofences by PendingIntent
04-07 23:17:43.903 26774   325 I zygote  : Deoptimizing void com.google.common.b.eb.a(java.lang.Iterable) due to JIT inline cache
04-07 23:17:43.903 26774   325 I zygote  : Deoptimizing void com.google.common.b.ec.a(java.lang.Iterable) due to JIT inline cache
04-07 23:17:43.907  3151  3869 D SamsungAlarmManager: setInexact Intent (T:1/F:0/AC:false) 20200408T231742 - CU:10077/CP:26774
04-07 23:17:43.909  3151  3869 D SamsungAlarmManager: Cancel Alarm calling from uid:10077 pid :26774 / op:PendingIntent{f96b961: PendingIntentRecord{47c531b com.google.android.googlequicksearchbox broadcastIntent}}
04-07 23:17:43.912  3151  3869 D SamsungAlarmManager: Cancel Alarm calling from uid:10077 pid :26774 / op:PendingIntent{1aeac86: PendingIntentRecord{d8692be com.google.android.googlequicksearchbox broadcastIntent}}
04-07 23:17:43.926 26774   325 W LocationOracle: getBestLocation(): no location is available
04-07 23:17:43.926  3151  3151 D LightsService: [api] [SvcLED] turnOff:: id = 4 (uid: 1000 pid: 3151) 
04-07 23:17:43.926  3151  3151 D LightsService: [api] [SvcLED] LED indicator : Not supported.
04-07 23:17:43.928  3151  3869 D Notification: allPendingIntents
04-07 23:17:43.928  3151  3894 D Notification: allPendingIntents
04-07 23:17:43.929  4445  4445 D Notification.Badge: [valid] onNotificationRemoved : StatusBarNotification(pkg=com.google.android.googlequicksearchbox user=UserHandle{0} id=359661727 tag=n key=0|com.google.android.googlequicksearchbox|359661727|n|10077: Notification(channel=32 pri=0 contentView=null vibrate=null sound=null tick defaults=0x0 flags=0x118 color=0xff4285f4 number=0 vis=PRIVATE semFlags=0x0 semPriority=0 semMissedCount=0))
04-07 23:17:43.929  4445  4445 D Notification.Badge: notificationKey : 0|com.google.android.googlequicksearchbox|359661727|n|10077, count : 0, this.count : 1
04-07 23:17:43.929  4445  4499 D Notification.Badge: LauncherModel:onNotificationRemoved() : com.google.android.googlequicksearchbox
04-07 23:17:43.930  3151  3894 D Notification: allPendingIntents
04-07 23:17:43.932  4445  4499 D Notification.Badge: updateLauncherIconBadges : 1
04-07 23:17:43.932  4445  4499 D Notification.Badge: updateLauncherIconBadges() count : -1
04-07 23:17:43.933  4445  4499 D Notification.Badge: updateLauncherIconBadges() item : [IconInfo(title=Google intent=Intent { act=android.intent.action.MAIN cat=[android.intent.category.LAUNCHER] flg=0x10200000 cmp=com.google.android.googlequicksearchbox/.SearchActivity (has extras) } id=7 type=0 container=6 screen=0 cellX=0 cellY=0 spanX=1 spanY=1 rank=0 hidden=0 dropPos=null user=UserHandle{0})], item.mBadgeCount: [1]
04-07 23:17:43.933  4445  4499 D Notification.Badge: updateLauncherIconBadges() count : -1
